###############################################################################
#
# IAR ELF Linker V9.30.1.335/W64 for ARM                  02/Sep/2024  10:28:48
# Copyright 2007-2022 IAR Systems AB.
#
#    Output file  =  D:\sys_soft_socket2\EWARM\config\Exe\config.out
#    Map file     =  D:\sys_soft_socket2\EWARM\config\List\config.map
#    Command line =
#        -f D:\sys_soft_socket2\EWARM\config\Exe\config.out.rsp
#        (D:\sys_soft_socket2\EWARM\config\Obj\Middlewares\LwIP\altcp.o
#        D:\sys_soft_socket2\EWARM\config\Obj\Middlewares\LwIP\altcp_alloc.o
#        D:\sys_soft_socket2\EWARM\config\Obj\Middlewares\LwIP\altcp_tcp.o
#        D:\sys_soft_socket2\EWARM\config\Obj\Application\User\Core\analog.o
#        D:\sys_soft_socket2\EWARM\config\Obj\Middlewares\LwIP\api_lib.o
#        D:\sys_soft_socket2\EWARM\config\Obj\Middlewares\LwIP\api_msg.o
#        D:\sys_soft_socket2\EWARM\config\Obj\Middlewares\LwIP\auth.o
#        D:\sys_soft_socket2\EWARM\config\Obj\Middlewares\LwIP\autoip.o
#        D:\sys_soft_socket2\EWARM\config\Obj\Middlewares\LwIP\bridgeif.o
#        D:\sys_soft_socket2\EWARM\config\Obj\Middlewares\LwIP\bridgeif_fdb.o
#        D:\sys_soft_socket2\EWARM\config\Obj\Middlewares\LwIP\ccp.o
#        D:\sys_soft_socket2\EWARM\config\Obj\Middlewares\LwIP\chap-md5.o
#        D:\sys_soft_socket2\EWARM\config\Obj\Middlewares\LwIP\chap-new.o
#        D:\sys_soft_socket2\EWARM\config\Obj\Middlewares\LwIP\chap_ms.o
#        D:\sys_soft_socket2\EWARM\config\Obj\Application\User\Core\cJSON.o
#        D:\sys_soft_socket2\EWARM\config\Obj\Middlewares\FreeRTOS\cmsis_os.o
#        D:\sys_soft_socket2\EWARM\config\Obj\Middlewares\FreeRTOS\croutine.o
#        D:\sys_soft_socket2\EWARM\config\Obj\Middlewares\LwIP\def.o
#        D:\sys_soft_socket2\EWARM\config\Obj\Middlewares\LwIP\demand.o
#        D:\sys_soft_socket2\EWARM\config\Obj\Middlewares\LwIP\dhcp.o
#        D:\sys_soft_socket2\EWARM\config\Obj\Middlewares\LwIP\dhcp6.o
#        D:\sys_soft_socket2\EWARM\config\Obj\Middlewares\LwIP\dns.o
#        D:\sys_soft_socket2\EWARM\config\Obj\Middlewares\LwIP\eap.o
#        D:\sys_soft_socket2\EWARM\config\Obj\Middlewares\LwIP\ecp.o
#        D:\sys_soft_socket2\EWARM\config\Obj\Application\User\Core\eeprom.o
#        D:\sys_soft_socket2\EWARM\config\Obj\Middlewares\LwIP\err.o
#        D:\sys_soft_socket2\EWARM\config\Obj\Middlewares\LwIP\etharp.o
#        D:\sys_soft_socket2\EWARM\config\Obj\Middlewares\LwIP\ethernet.o
#        D:\sys_soft_socket2\EWARM\config\Obj\Application\User\LWIP\Target\ethernetif.o
#        D:\sys_soft_socket2\EWARM\config\Obj\Middlewares\LwIP\ethip6.o
#        D:\sys_soft_socket2\EWARM\config\Obj\Middlewares\LwIP\eui64.o
#        D:\sys_soft_socket2\EWARM\config\Obj\Middlewares\FreeRTOS\event_groups.o
#        D:\sys_soft_socket2\EWARM\config\Obj\Application\User\Core\freertos.o
#        D:\sys_soft_socket2\EWARM\config\Obj\Application\WEB\fs.o
#        D:\sys_soft_socket2\EWARM\config\Obj\Middlewares\LwIP\fsm.o
#        D:\sys_soft_socket2\EWARM\config\Obj\Middlewares\FreeRTOS\heap_4.o
#        D:\sys_soft_socket2\EWARM\config\Obj\Application\WEB\http_server.o
#        D:\sys_soft_socket2\EWARM\config\Obj\Middlewares\LwIP\icmp.o
#        D:\sys_soft_socket2\EWARM\config\Obj\Middlewares\LwIP\icmp6.o
#        D:\sys_soft_socket2\EWARM\config\Obj\Middlewares\LwIP\if_api.o
#        D:\sys_soft_socket2\EWARM\config\Obj\Middlewares\LwIP\igmp.o
#        D:\sys_soft_socket2\EWARM\config\Obj\Middlewares\LwIP\inet6.o
#        D:\sys_soft_socket2\EWARM\config\Obj\Middlewares\LwIP\inet_chksum.o
#        D:\sys_soft_socket2\EWARM\config\Obj\Middlewares\LwIP\init.o
#        D:\sys_soft_socket2\EWARM\config\Obj\Middlewares\LwIP\ip.o
#        D:\sys_soft_socket2\EWARM\config\Obj\Middlewares\LwIP\ip4.o
#        D:\sys_soft_socket2\EWARM\config\Obj\Middlewares\LwIP\ip4_addr.o
#        D:\sys_soft_socket2\EWARM\config\Obj\Middlewares\LwIP\ip4_frag.o
#        D:\sys_soft_socket2\EWARM\config\Obj\Middlewares\LwIP\ip6.o
#        D:\sys_soft_socket2\EWARM\config\Obj\Middlewares\LwIP\ip6_addr.o
#        D:\sys_soft_socket2\EWARM\config\Obj\Middlewares\LwIP\ip6_frag.o
#        D:\sys_soft_socket2\EWARM\config\Obj\Middlewares\LwIP\ipcp.o
#        D:\sys_soft_socket2\EWARM\config\Obj\Middlewares\LwIP\ipv6cp.o
#        D:\sys_soft_socket2\EWARM\config\Obj\Middlewares\LwIP\lcp.o
#        D:\sys_soft_socket2\EWARM\config\Obj\Middlewares\FreeRTOS\list.o
#        D:\sys_soft_socket2\EWARM\config\Obj\Middlewares\LwIP\lowpan6.o
#        D:\sys_soft_socket2\EWARM\config\Obj\Middlewares\LwIP\lowpan6_ble.o
#        D:\sys_soft_socket2\EWARM\config\Obj\Middlewares\LwIP\lowpan6_common.o
#        D:\sys_soft_socket2\EWARM\config\Obj\Application\User\LWIP\App\lwip.o
#        D:\sys_soft_socket2\EWARM\config\Obj\Middlewares\LwIP\magic.o
#        D:\sys_soft_socket2\EWARM\config\Obj\Application\User\Core\main.o
#        D:\sys_soft_socket2\EWARM\config\Obj\Middlewares\LwIP\mem.o
#        D:\sys_soft_socket2\EWARM\config\Obj\Middlewares\LwIP\memp.o
#        D:\sys_soft_socket2\EWARM\config\Obj\Middlewares\LwIP\mld6.o
#        D:\sys_soft_socket2\EWARM\config\Obj\Middlewares\LwIP\mppe.o
#        D:\sys_soft_socket2\EWARM\config\Obj\Middlewares\LwIP\mqtt.o
#        D:\sys_soft_socket2\EWARM\config\Obj\Middlewares\LwIP\multilink.o
#        D:\sys_soft_socket2\EWARM\config\Obj\Middlewares\LwIP\nd6.o
#        D:\sys_soft_socket2\EWARM\config\Obj\Middlewares\LwIP\netbuf.o
#        D:\sys_soft_socket2\EWARM\config\Obj\Middlewares\LwIP\netdb.o
#        D:\sys_soft_socket2\EWARM\config\Obj\Middlewares\LwIP\netif.o
#        D:\sys_soft_socket2\EWARM\config\Obj\Middlewares\LwIP\netifapi.o
#        D:\sys_soft_socket2\EWARM\config\Obj\Middlewares\LwIP\pbuf.o
#        D:\sys_soft_socket2\EWARM\config\Obj\Middlewares\FreeRTOS\port.o
#        D:\sys_soft_socket2\EWARM\config\Obj\Middlewares\FreeRTOS\portasm.o
#        D:\sys_soft_socket2\EWARM\config\Obj\Middlewares\LwIP\ppp.o
#        D:\sys_soft_socket2\EWARM\config\Obj\Middlewares\LwIP\pppapi.o
#        D:\sys_soft_socket2\EWARM\config\Obj\Middlewares\LwIP\pppcrypt.o
#        D:\sys_soft_socket2\EWARM\config\Obj\Middlewares\LwIP\pppoe.o
#        D:\sys_soft_socket2\EWARM\config\Obj\Middlewares\LwIP\pppol2tp.o
#        D:\sys_soft_socket2\EWARM\config\Obj\Middlewares\LwIP\pppos.o
#        D:\sys_soft_socket2\EWARM\config\Obj\Application\User\Core\process.o
#        D:\sys_soft_socket2\EWARM\config\Obj\Middlewares\FreeRTOS\queue.o
#        D:\sys_soft_socket2\EWARM\config\Obj\Middlewares\LwIP\raw.o
#        D:\sys_soft_socket2\EWARM\config\Obj\Middlewares\LwIP\slipif.o
#        D:\sys_soft_socket2\EWARM\config\Obj\Middlewares\LwIP\sockets.o
#        D:\sys_soft_socket2\EWARM\config\Obj\Application\EWARM\startup_stm32f745xx.o
#        D:\sys_soft_socket2\EWARM\config\Obj\Middlewares\LwIP\stats.o
#        D:\sys_soft_socket2\EWARM\config\Obj\Drivers\STM32F7xx_HAL_Driver\stm32f7xx_hal.o
#        D:\sys_soft_socket2\EWARM\config\Obj\Drivers\STM32F7xx_HAL_Driver\stm32f7xx_hal_adc.o
#        D:\sys_soft_socket2\EWARM\config\Obj\Drivers\STM32F7xx_HAL_Driver\stm32f7xx_hal_adc_ex.o
#        D:\sys_soft_socket2\EWARM\config\Obj\Drivers\STM32F7xx_HAL_Driver\stm32f7xx_hal_cortex.o
#        D:\sys_soft_socket2\EWARM\config\Obj\Drivers\STM32F7xx_HAL_Driver\stm32f7xx_hal_dac.o
#        D:\sys_soft_socket2\EWARM\config\Obj\Drivers\STM32F7xx_HAL_Driver\stm32f7xx_hal_dac_ex.o
#        D:\sys_soft_socket2\EWARM\config\Obj\Drivers\STM32F7xx_HAL_Driver\stm32f7xx_hal_dma.o
#        D:\sys_soft_socket2\EWARM\config\Obj\Drivers\STM32F7xx_HAL_Driver\stm32f7xx_hal_dma_ex.o
#        D:\sys_soft_socket2\EWARM\config\Obj\Drivers\STM32F7xx_HAL_Driver\stm32f7xx_hal_eth.o
#        D:\sys_soft_socket2\EWARM\config\Obj\Drivers\STM32F7xx_HAL_Driver\stm32f7xx_hal_exti.o
#        D:\sys_soft_socket2\EWARM\config\Obj\Drivers\STM32F7xx_HAL_Driver\stm32f7xx_hal_flash.o
#        D:\sys_soft_socket2\EWARM\config\Obj\Drivers\STM32F7xx_HAL_Driver\stm32f7xx_hal_flash_ex.o
#        D:\sys_soft_socket2\EWARM\config\Obj\Drivers\STM32F7xx_HAL_Driver\stm32f7xx_hal_gpio.o
#        D:\sys_soft_socket2\EWARM\config\Obj\Drivers\STM32F7xx_HAL_Driver\stm32f7xx_hal_i2c.o
#        D:\sys_soft_socket2\EWARM\config\Obj\Drivers\STM32F7xx_HAL_Driver\stm32f7xx_hal_i2c_ex.o
#        D:\sys_soft_socket2\EWARM\config\Obj\Application\User\Core\stm32f7xx_hal_msp.o
#        D:\sys_soft_socket2\EWARM\config\Obj\Drivers\STM32F7xx_HAL_Driver\stm32f7xx_hal_pwr.o
#        D:\sys_soft_socket2\EWARM\config\Obj\Drivers\STM32F7xx_HAL_Driver\stm32f7xx_hal_pwr_ex.o
#        D:\sys_soft_socket2\EWARM\config\Obj\Drivers\STM32F7xx_HAL_Driver\stm32f7xx_hal_rcc.o
#        D:\sys_soft_socket2\EWARM\config\Obj\Drivers\STM32F7xx_HAL_Driver\stm32f7xx_hal_rcc_ex.o
#        D:\sys_soft_socket2\EWARM\config\Obj\Drivers\STM32F7xx_HAL_Driver\stm32f7xx_hal_sdram.o
#        D:\sys_soft_socket2\EWARM\config\Obj\Drivers\STM32F7xx_HAL_Driver\stm32f7xx_hal_spi.o
#        D:\sys_soft_socket2\EWARM\config\Obj\Drivers\STM32F7xx_HAL_Driver\stm32f7xx_hal_spi_ex.o
#        D:\sys_soft_socket2\EWARM\config\Obj\Drivers\STM32F7xx_HAL_Driver\stm32f7xx_hal_tim.o
#        D:\sys_soft_socket2\EWARM\config\Obj\Drivers\STM32F7xx_HAL_Driver\stm32f7xx_hal_tim_ex.o
#        D:\sys_soft_socket2\EWARM\config\Obj\Application\User\Core\stm32f7xx_it.o
#        D:\sys_soft_socket2\EWARM\config\Obj\Drivers\STM32F7xx_HAL_Driver\stm32f7xx_ll_fmc.o
#        D:\sys_soft_socket2\EWARM\config\Obj\Middlewares\FreeRTOS\stream_buffer.o
#        D:\sys_soft_socket2\EWARM\config\Obj\Middlewares\LwIP\sys.o
#        D:\sys_soft_socket2\EWARM\config\Obj\Middlewares\LwIP\sys_arch.o
#        D:\sys_soft_socket2\EWARM\config\Obj\Drivers\CMSIS\system_stm32f7xx.o
#        D:\sys_soft_socket2\EWARM\config\Obj\Middlewares\FreeRTOS\tasks.o
#        D:\sys_soft_socket2\EWARM\config\Obj\Middlewares\LwIP\tcp.o
#        D:\sys_soft_socket2\EWARM\config\Obj\Middlewares\LwIP\tcp_in.o
#        D:\sys_soft_socket2\EWARM\config\Obj\Middlewares\LwIP\tcp_out.o
#        D:\sys_soft_socket2\EWARM\config\Obj\Middlewares\LwIP\tcpip.o
#        D:\sys_soft_socket2\EWARM\config\Obj\Middlewares\LwIP\timeouts.o
#        D:\sys_soft_socket2\EWARM\config\Obj\Middlewares\FreeRTOS\timers.o
#        D:\sys_soft_socket2\EWARM\config\Obj\Middlewares\LwIP\udp.o
#        D:\sys_soft_socket2\EWARM\config\Obj\Middlewares\LwIP\upap.o
#        D:\sys_soft_socket2\EWARM\config\Obj\Middlewares\LwIP\utils.o
#        D:\sys_soft_socket2\EWARM\config\Obj\Middlewares\LwIP\vj.o
#        D:\sys_soft_socket2\EWARM\config\Obj\Middlewares\LwIP\zepif.o
#        --redirect _Printf=_PrintfFull --redirect _Scanf=_ScanfFull
#        --no_out_extension -o D:\sys_soft_socket2\EWARM\config\Exe\config.out
#        --map D:\sys_soft_socket2\EWARM\config\List\config.map --config
#        D:\sys_soft_socket2\EWARM/stm32f745xx_flash.icf --semihosting --entry
#        __iar_program_start --vfe --text_out locale --cpu=Cortex-M7
#        --fpu=VFPv5_sp)
#
###############################################################################

*******************************************************************************
*** RUNTIME MODEL ATTRIBUTES
***

CppFlavor       = *
__CPP_Runtime   = 1
__Heap_Handler  = Basic
__SystemLibrary = DLib
__dlib_version  = 6


*******************************************************************************
*** HEAP SELECTION
***

The basic heap was selected because --advanced_heap
was not specified and the application did not appear to
be primarily optimized for speed.


*******************************************************************************
*** PLACEMENT SUMMARY
***

"A0":  place at address 0x800'0000 { ro section .intvec };
"P1":  place in [from 0x800'0000 to 0x80f'ffff] { ro };
define block CSTACK with size = 1K, alignment = 8 { };
define block HEAP with size = 32K, alignment = 8 { };
"P2":  place in [from 0x2000'0000 to 0x2004'afff] {
          rw, block CSTACK, block HEAP };
"P3":  place in [from 0x2004'b000 to 0x2004'ffff] { rw section VARIABLE_MASS };
initialize by copy { rw };

  Section            Kind         Address      Size  Object
  -------            ----         -------      ----  ------
"A0":                                         0x1c8
  .intvec            ro code   0x800'0000     0x1c8  startup_stm32f745xx.o [1]
                             - 0x800'01c8     0x1c8

"P1":                                      0x4'5a97
  .rodata            const     0x800'01c8  0x1'dae8  fs.o [5]
  .rodata            const     0x801'dcb0    0x3444  fs.o [5]
  .rodata            const     0x802'10f4    0x2f60  fs.o [5]
  .text              ro code   0x802'4054    0x1c18  tcp_in.o [9]
  .text              ro code   0x802'5c6c      0x28  printf.o [10]
  .text              ro code   0x802'5c94      0x50  ip4_addr.o [9]
  .text              ro code   0x802'5ce4      0x2c  def.o [9]
  .text              ro code   0x802'5d10     0x9d0  pbuf.o [9]
  .text              ro code   0x802'66e0    0x14da  tcp.o [9]
  .text              ro code   0x802'7bba      0x7e  lz77_init_single.o [12]
  .text              ro code   0x802'7c38    0x1944  tcp_out.o [9]
  .text              ro code   0x802'957c     0x214  timeouts.o [9]
  .text              ro code   0x802'9790     0x3fc  ip4.o [9]
  .text              ro code   0x802'9b8c     0xfb2  xprintffull.o [10]
  .text              ro code   0x802'ab3e      0x26  xencoding_8859_1.o [10]
  .text              ro code   0x802'ab64     0x250  sys_arch.o [9]
  .text              ro code   0x802'adb4     0x288  tcpip.o [9]
  .text              ro code   0x802'b03c      0xf4  memp.o [9]
  .text              ro code   0x802'b130      0x84  mem.o [9]
  .text              ro code   0x802'b1b4      0xa6  ABImemcpy.o [12]
  .text              ro code   0x802'b25a      0x1e  xsscin.o [10]
  .text              ro code   0x802'b278      0x9c  rand.o [10]
  .text              ro code   0x802'b314      0x66  ABImemset.o [12]
  .text              ro code   0x802'b37a       0xa  xsprout.o [10]
  .text              ro code   0x802'b384     0x3f4  netif.o [9]
  .text              ro code   0x802'b778     0x688  ethernetif.o [4]
  .text              ro code   0x802'be00     0xa50  ip4_frag.o [9]
  .text              ro code   0x802'c850     0x6d0  udp.o [9]
  .text              ro code   0x802'cf20     0x2dc  icmp.o [9]
  .text              ro code   0x802'd1fc     0x108  xlocale_c.o [10]
  .text              ro code   0x802'd304      0x16  strchr.o [12]
  .rodata            const     0x802'd31a       0x2  memp.o [9]
  .text              ro code   0x802'd31c      0x40  xfail_s.o [10]
  .text              ro code   0x802'd35c      0x36  strlen.o [12]
  .rodata            const     0x802'd392       0x2  memp.o [9]
  .text              ro code   0x802'd394      0x58  memchr.o [12]
  .text              ro code   0x802'd3ec      0x70  frexp.o [11]
  .text              ro code   0x802'd45c      0x34  DblCmpLe.o [11]
  .text              ro code   0x802'd490      0x34  DblCmpGe.o [11]
  .text              ro code   0x802'd4c4     0x13a  ldexp.o [11]
  .rodata            const     0x802'd5fe       0x2  memp.o [9]
  .text              ro code   0x802'd600      0x36  DblToS32.o [11]
  .rodata            const     0x802'd636       0x2  memp.o [9]
  .text              ro code   0x802'd638      0x22  S32ToDbl.o [11]
  .rodata            const     0x802'd65a       0x2  memp.o [9]
  .text              ro code   0x802'd65c     0x25e  DblAddSub.o [11]
  .rodata            const     0x802'd8ba       0x2  memp.o [9]
  .text              ro code   0x802'd8bc     0x246  DblDiv.o [11]
  .rodata            const     0x802'db02       0x2  memp.o [9]
  .text              ro code   0x802'db04      0x22  DblToU32.o [11]
  .rodata            const     0x802'db26       0x2  memp.o [9]
  .text              ro code   0x802'db28      0x1c  U32ToDbl.o [11]
  .text              ro code   0x802'db44     0x1aa  DblMul.o [11]
  .text              ro code   0x802'dcee       0xa  xmbcurmax.o [10]
  .text              ro code   0x802'dcf8     0x230  I64DivMod.o [12]
  .text              ro code   0x802'df28     0x76a  cmsis_os.o [8]
  .rodata            const     0x802'e692       0x2  memp.o [9]
  .text              ro code   0x802'e694       0x6  ABImemclr4.o [12]
  .rodata            const     0x802'e69a       0x2  memp.o [9]
  .text              ro code   0x802'e69c      0x48  init.o [9]
  .text              ro code   0x802'e6e4     0x2e8  heap0.o [10]
  .text              ro code   0x802'e9cc       0x8  heaptramp0.o [10]
  .text              ro code   0x802'e9d4     0xb00  etharp.o [9]
  .text              ro code   0x802'f4d4     0x14e  iar_Stoulx.o [10]
  .rodata            const     0x802'f622       0x2  memp.o [9]
  .text              ro code   0x802'f624     0x298  stm32f7xx_hal_gpio.o [7]
  .text              ro code   0x802'f8bc     0x158  stm32f7xx_hal_cortex.o [7]
  .text              ro code   0x802'fa14      0xa0  eeprom.o [2]
  .text              ro code   0x802'fab4     0xc90  stm32f7xx_hal_eth.o [7]
  .text              ro code   0x803'0744       0xc  stm32f7xx_hal.o [7]
  .text              ro code   0x803'0750       0x2  ethernetif.o [4]
  .text              ro code   0x803'0752       0x6  abort.o [10]
  .text              ro code   0x803'0758       0x2  I64DivZer.o [12]
  .rodata            const     0x803'075a       0x2  memp.o [9]
  .text              ro code   0x803'075c     0xc4c  tasks.o [8]
  .text              ro code   0x803'13a8     0xc10  queue.o [8]
  .text              ro code   0x803'1fb8     0x288  heap_4.o [8]
  .text              ro code   0x803'2240     0x210  port.o [8]
  .text              ro code   0x803'2450      0x32  ABImemset48.o [12]
  .rodata            const     0x803'2482       0x2  memp.o [9]
  .text              ro code   0x803'2484      0x2c  xgetmemchunk.o [10]
  .text              ro code   0x803'24b0      0x96  ABImemmove.o [12]
  .rodata            const     0x803'2546       0x2  xlocale_c.o [10]
  .text              ro code   0x803'2548     0x158  ethernet.o [9]
  .text              ro code   0x803'26a0      0x14  isspace.o [10]
  .text              ro code   0x803'26b4      0x14  tolower.o [10]
  .text              ro code   0x803'26c8     0x7e4  stm32f7xx_hal_i2c.o [7]
  .text              ro code   0x803'2eac     0x66c  stm32f7xx_hal_rcc.o [7]
  .text              ro code   0x803'3518      0x28  stm32f7xx_hal.o [7]
  .text              ro code   0x803'3540       0x2  stm32f7xx_hal_eth.o [7]
  .text              ro code   0x803'3542       0x2  stm32f7xx_hal_eth.o [7]
  .text              ro code   0x803'3544      0x14  exit.o [13]
  .text              ro code   0x803'3558      0x9a  list.o [8]
  .rodata            const     0x803'35f2       0x2  xlocale_c.o [10]
  .text              ro code   0x803'35f4      0x18  freertos.o [2]
  .text              ro code   0x803'360c      0x34  port.o [8]
  CODE               ro code   0x803'3640      0xb4  portasm.o [8]
  .text              ro code   0x803'36f4      0x68  memcmp.o [12]
  .text              ro code   0x803'375c     0x3e8  stm32f7xx_hal_msp.o [2]
  .text              ro code   0x803'3b44      0x4c  stm32f7xx_hal.o [7]
  .text              ro code   0x803'3b90      0x7c  iarttio.o [13]
  .text              ro code   0x803'3c0c      0x14  memset.o [12]
  .text              ro code   0x803'3c20     0x588  stm32f7xx_hal_dma.o [7]
  .text              ro code   0x803'41a8     0xa1e  main.o [2]
  .rodata            const     0x803'4bc6       0x1  api_msg.o [9]
  .rodata            const     0x803'4bc7       0x1  api_msg.o [9]
  .text              ro code   0x803'4bc8       0x8  XShttio.o [10]
  .text              ro code   0x803'4bd0      0x24  stm32f7xx_hal.o [7]
  .text              ro code   0x803'4bf4     0x126  stm32f7xx_hal_dac.o [7]
  .rodata            const     0x803'4d1a       0x1  api_msg.o [9]
  .rodata            const     0x803'4d1b       0x1  xlocale_c.o [10]
  .text              ro code   0x803'4d1c      0x78  stm32f7xx_hal_pwr_ex.o [7]
  .text              ro code   0x803'4d94     0x56c  stm32f7xx_hal_rcc_ex.o [7]
  .text              ro code   0x803'5300     0x4b4  stm32f7xx_hal_adc.o [7]
  .text              ro code   0x803'57b4     0x27a  stm32f7xx_hal_adc_ex.o [7]
  .text              ro code   0x803'5a30      0xc6  stm32f7xx_hal_i2c_ex.o [7]
  .text              ro code   0x803'5af8     0x848  stm32f7xx_hal_tim.o [7]
  .text              ro code   0x803'6340     0x158  stm32f7xx_hal_tim_ex.o [7]
  .text              ro code   0x803'6498      0x80  stm32f7xx_hal_sdram.o [7]
  .text              ro code   0x803'6518     0x51e  stm32f7xx_hal_spi.o [7]
  .text              ro code   0x803'6a38     0x19c  lwip.o [3]
  .text              ro code   0x803'6bd4       0x2  stm32f7xx_hal_adc.o [7]
  .text              ro code   0x803'6bd6       0x2  stm32f7xx_hal_adc.o [7]
  .text              ro code   0x803'6bd8       0x2  stm32f7xx_hal_adc.o [7]
  .text              ro code   0x803'6bda       0x2  stm32f7xx_hal_tim.o [7]
  .text              ro code   0x803'6bdc       0x2  stm32f7xx_hal_tim.o [7]
  .text              ro code   0x803'6bde       0x2  stm32f7xx_hal_tim.o [7]
  .text              ro code   0x803'6be0       0x2  stm32f7xx_hal_tim.o [7]
  .text              ro code   0x803'6be2       0x2  stm32f7xx_hal_tim.o [7]
  .text              ro code   0x803'6be4       0x2  stm32f7xx_hal_tim_ex.o [7]
  .text              ro code   0x803'6be6       0x2  stm32f7xx_hal_tim_ex.o [7]
  .text              ro code   0x803'6be8       0x2  stm32f7xx_hal_tim.o [7]
  .text              ro code   0x803'6bea       0x2  stm32f7xx_hal_tim_ex.o [7]
  .text              ro code   0x803'6bec     0x140  stm32f7xx_ll_fmc.o [7]
  .text              ro code   0x803'6d2c    0x1af0  http_server.o [5]
  .text              ro code   0x803'881c      0x40  sprintf.o [10]
  .text              ro code   0x803'885c      0x2c  strstr.o [10]
  .text              ro code   0x803'8888      0x70  strncpy.o [12]
  .text              ro code   0x803'88f8    0x16e0  sockets.o [9]
  .text              ro code   0x803'9fd8      0x12  strcmp.o [12]
  .text              ro code   0x803'9fec      0x4e  fs.o [5]
  .text              ro code   0x803'a03c     0xadc  cJSON.o [2]
  .text              ro code   0x803'ab18     0xf0c  process.o [2]
  .text              ro code   0x803'ba24     0xe78  analog.o [2]
  .text              ro code   0x803'c89c      0x96  netbuf.o [9]
  .text              ro code   0x803'c934     0x77a  api_lib.o [9]
  .text              ro code   0x803'd0b0      0x28  err.o [9]
  .text              ro code   0x803'd0d8      0x54  cJSON.o [2]
  .text              ro code   0x803'd12c      0x20  DblCmpEq.o [11]
  .text              ro code   0x803'd14c      0x28  sscanf.o [10]
  .text              ro code   0x803'd174      0x18  strcpy.o [12]
  .text              ro code   0x803'd18c       0x8  abs.o [10]
  .text              ro code   0x803'd194     0x102  sqrt.o [11]
  .text              ro code   0x803'd298    0x1574  api_msg.o [9]
  .text              ro code   0x803'e80c     0xee8  xscanffull.o [10]
  .text              ro code   0x803'f6f4      0x34  wctob.o [10]
  .text              ro code   0x803'f728      0x14  isalpha.o [10]
  .text              ro code   0x803'f73c     0x360  strto64.o [11]
  .text              ro code   0x803'fa9c      0x68  DblToFlt.o [11]
  .text              ro code   0x803'fb04     0x1b2  iar_Stoullx.o [10]
  .text              ro code   0x803'fcb8      0xaa  iar_Stollx.o [10]
  .text              ro code   0x803'fd62     0x122  iar_Stopfx.o [10]
  .text              ro code   0x803'fe84     0x1b8  iar_Stoflt.o [10]
  .text              ro code   0x804'003c     0x208  iar_Stoxflt.o [10]
  .rodata            const     0x804'0244    0x1060  fs.o [5]
  .rodata            const     0x804'12a4     0xe7c  fs.o [5]
  .rodata            const     0x804'2120     0x1bc  fs.o [5]
  .rodata            const     0x804'22dc      0x58  tcp_out.o [9]
  .rodata            const     0x804'2334      0x50  iar_Stoulx.o [10]
  .rodata            const     0x804'2384      0x50  iar_Stoullx.o [10]
  .rodata            const     0x804'23d4      0x4c  ip4_frag.o [9]
  .rodata            const     0x804'2420      0x4c  xscanffull.o [10]
  .rodata            const     0x804'246c      0x48  etharp.o [9]
  .rodata            const     0x804'24b4      0x48  ethernet.o [9]
  .rodata            const     0x804'24fc      0x48  icmp.o [9]
  .rodata            const     0x804'2544      0x48  ip4.o [9]
  .rodata            const     0x804'258c      0x48  timeouts.o [9]
  .rodata            const     0x804'25d4      0x44  api_lib.o [9]
  .rodata            const     0x804'2618      0x48  strto64.o [11]
  .rodata            const     0x804'2660      0x44  api_msg.o [9]
  .rodata            const     0x804'26a4      0x44  err.o [9]
  .rodata            const     0x804'26e8      0x44  etharp.o [9]
  .rodata            const     0x804'272c      0x44  init.o [9]
  .rodata            const     0x804'2770      0x44  init.o [9]
  .rodata            const     0x804'27b4      0x44  memp.o [9]
  .rodata            const     0x804'27f8      0x44  netif.o [9]
  .rodata            const     0x804'283c      0x44  pbuf.o [9]
  .rodata            const     0x804'2880      0x44  sockets.o [9]
  .rodata            const     0x804'28c4      0x44  tcp_in.o [9]
  .rodata            const     0x804'2908      0x44  tcp_out.o [9]
  .rodata            const     0x804'294c      0x44  tcpip.o [9]
  .text              ro code   0x804'2990      0x44  putchar.o [10]
  .text              ro code   0x804'29d4      0x10  write.o [13]
  .text              ro code   0x804'29e4      0x1e  dwrite.o [13]
  .text              ro code   0x804'2a02      0x20  iarwstd.o [13]
  .text              ro code   0x804'2a22      0x22  iarwrite.o [13]
  .rodata            const     0x804'2a44      0x40  api_msg.o [9]
  .rodata            const     0x804'2a84      0x40  etharp.o [9]
  .rodata            const     0x804'2ac4      0x40  http_server.o [5]
  .rodata            const     0x804'2b04      0x40  mem.o [9]
  .rodata            const     0x804'2b44      0x40  tcp.o [9]
  .rodata            const     0x804'2b84      0x40  tcp_out.o [9]
  .rodata            const     0x804'2bc4      0x40  timeouts.o [9]
  .rodata            const     0x804'2c04      0x40  udp.o [9]
  .rodata            const     0x804'2c44      0x3c  api_msg.o [9]
  .rodata            const     0x804'2c80      0x3c  api_msg.o [9]
  .rodata            const     0x804'2cbc      0x3c  tcp_in.o [9]
  .rodata            const     0x804'2cf8      0x3c  tcp_out.o [9]
  .rodata            const     0x804'2d34      0x3c  tcp_out.o [9]
  .text              ro code   0x804'2d70      0x3c  stm32f7xx_it.o [2]
  .text              ro code   0x804'2dac      0x18  stm32f7xx_hal.o [7]
  .rodata            const     0x804'2dc4      0x38  icmp.o [9]
  .rodata            const     0x804'2dfc      0x38  ip4_frag.o [9]
  .rodata            const     0x804'2e34      0x38  tcp.o [9]
  .rodata            const     0x804'2e6c      0x38  tcp_in.o [9]
  .rodata            const     0x804'2ea4      0x38  tcp_out.o [9]
  .rodata            const     0x804'2edc      0x38  tcp_out.o [9]
  .rodata            const     0x804'2f14      0x38  timeouts.o [9]
  .text              ro code   0x804'2f4c      0x38  zero_init3.o [12]
  .rodata            const     0x804'2f84      0x34  etharp.o [9]
  .rodata            const     0x804'2fb8      0x34  ethernet.o [9]
  .rodata            const     0x804'2fec      0x34  icmp.o [9]
  .rodata            const     0x804'3020      0x34  memp.o [9]
  .rodata            const     0x804'3054      0x34  pbuf.o [9]
  .rodata            const     0x804'3088      0x34  tcp.o [9]
  .rodata            const     0x804'30bc      0x34  tcp.o [9]
  .rodata            const     0x804'30f0      0x34  tcp.o [9]
  .rodata            const     0x804'3124      0x34  tcp_out.o [9]
  .rodata            const     0x804'3158      0x30  api_msg.o [9]
  .rodata            const     0x804'3188      0x30  etharp.o [9]
  .rodata            const     0x804'31b8      0x30  ethernetif.o [4]
  .rodata            const     0x804'31e8      0x30  ip4.o [9]
  .rodata            const     0x804'3218      0x30  netif.o [9]
  .rodata            const     0x804'3248      0x30  pbuf.o [9]
  .rodata            const     0x804'3278      0x30  pbuf.o [9]
  .rodata            const     0x804'32a8      0x30  tcp.o [9]
  .rodata            const     0x804'32d8      0x30  tcp.o [9]
  .rodata            const     0x804'3308      0x30  tcp_in.o [9]
  .rodata            const     0x804'3338      0x30  tcp_out.o [9]
  .rodata            const     0x804'3368      0x30  tcp_out.o [9]
  .rodata            const     0x804'3398      0x30  udp.o [9]
  .rodata            const     0x804'33c8      0x2c  api_msg.o [9]
  .rodata            const     0x804'33f4      0x2c  etharp.o [9]
  .rodata            const     0x804'3420      0x2c  icmp.o [9]
  .rodata            const     0x804'344c      0x2c  pbuf.o [9]
  .rodata            const     0x804'3478      0x2c  sockets.o [9]
  .rodata            const     0x804'34a4      0x2c  tcp.o [9]
  .rodata            const     0x804'34d0      0x2c  tcp.o [9]
  .rodata            const     0x804'34fc      0x2c  tcp.o [9]
  .rodata            const     0x804'3528      0x2c  tcp.o [9]
  .rodata            const     0x804'3554      0x2c  tcp_in.o [9]
  .rodata            const     0x804'3580      0x2c  tcp_in.o [9]
  .rodata            const     0x804'35ac      0x2c  tcp_in.o [9]
  .rodata            const     0x804'35d8      0x2c  tcp_out.o [9]
  .rodata            const     0x804'3604      0x2c  tcp_out.o [9]
  .rodata            const     0x804'3630      0x2c  tcp_out.o [9]
  .rodata            const     0x804'365c      0x28  api_lib.o [9]
  .rodata            const     0x804'3684      0x28  api_msg.o [9]
  .rodata            const     0x804'36ac      0x28  api_msg.o [9]
  .rodata            const     0x804'36d4      0x28  api_msg.o [9]
  .rodata            const     0x804'36fc      0x28  api_msg.o [9]
  .rodata            const     0x804'3724      0x28  etharp.o [9]
  .rodata            const     0x804'374c      0x28  etharp.o [9]
  .rodata            const     0x804'3774      0x28  ethernet.o [9]
  .rodata            const     0x804'379c      0x28  ethernetif.o [4]
  .rodata            const     0x804'37c4      0x28  icmp.o [9]
  .rodata            const     0x804'37ec      0x28  init.o [9]
  .rodata            const     0x804'3814      0x28  ip4.o [9]
  .rodata            const     0x804'383c      0x28  ip4_frag.o [9]
  .rodata            const     0x804'3864      0x28  mem.o [9]
  .rodata            const     0x804'388c      0x28  memp.o [9]
  .rodata            const     0x804'38b4      0x28  netif.o [9]
  .rodata            const     0x804'38dc      0x28  pbuf.o [9]
  .rodata            const     0x804'3904      0x28  sockets.o [9]
  .rodata            const     0x804'392c      0x28  sockets.o [9]
  .rodata            const     0x804'3954      0x28  tcp.o [9]
  .rodata            const     0x804'397c      0x28  tcp.o [9]
  .rodata            const     0x804'39a4      0x28  tcp.o [9]
  .rodata            const     0x804'39cc      0x28  tcp.o [9]
  .rodata            const     0x804'39f4      0x28  tcp.o [9]
  .rodata            const     0x804'3a1c      0x28  tcp.o [9]
  .rodata            const     0x804'3a44      0x28  tcp.o [9]
  .rodata            const     0x804'3a6c      0x28  tcp.o [9]
  .rodata            const     0x804'3a94      0x28  tcp.o [9]
  .rodata            const     0x804'3abc      0x28  tcp_in.o [9]
  .rodata            const     0x804'3ae4      0x28  tcp_in.o [9]
  .rodata            const     0x804'3b0c      0x28  tcp_in.o [9]
  .rodata            const     0x804'3b34      0x28  tcp_in.o [9]
  .rodata            const     0x804'3b5c      0x28  tcp_in.o [9]
  .rodata            const     0x804'3b84      0x28  tcp_in.o [9]
  .rodata            const     0x804'3bac      0x28  tcp_in.o [9]
  .rodata            const     0x804'3bd4      0x28  tcp_out.o [9]
  .rodata            const     0x804'3bfc      0x28  tcp_out.o [9]
  .rodata            const     0x804'3c24      0x28  tcp_out.o [9]
  .rodata            const     0x804'3c4c      0x28  tcp_out.o [9]
  .rodata            const     0x804'3c74      0x28  tcp_out.o [9]
  .rodata            const     0x804'3c9c      0x28  tcp_out.o [9]
  .rodata            const     0x804'3cc4      0x28  tcpip.o [9]
  .rodata            const     0x804'3cec      0x28  timeouts.o [9]
  .rodata            const     0x804'3d14      0x28  udp.o [9]
  .rodata            const     0x804'3d3c      0x28  udp.o [9]
  .rodata            const     0x804'3d64      0x28  xscanffull.o [10]
  .text              ro code   0x804'3d8c      0x28  data_init.o [12]
  .rodata            const     0x804'3db4      0x24  api_lib.o [9]
  .rodata            const     0x804'3dd8      0x24  api_lib.o [9]
  .rodata            const     0x804'3dfc      0x24  api_lib.o [9]
  .rodata            const     0x804'3e20      0x24  api_msg.o [9]
  .rodata            const     0x804'3e44      0x24  api_msg.o [9]
  .rodata            const     0x804'3e68      0x24  api_msg.o [9]
  .rodata            const     0x804'3e8c      0x24  api_msg.o [9]
  .rodata            const     0x804'3eb0      0x24  etharp.o [9]
  .rodata            const     0x804'3ed4      0x24  ip4_frag.o [9]
  .rodata            const     0x804'3ef8      0x24  ip4_frag.o [9]
  .rodata            const     0x804'3f1c      0x24  mem.o [9]
  .rodata            const     0x804'3f40      0x24  memp.o [9]
  .rodata            const     0x804'3f64      0x24  netif.o [9]
  .rodata            const     0x804'3f88      0x24  pbuf.o [9]
  .rodata            const     0x804'3fac      0x24  sockets.o [9]
  .rodata            const     0x804'3fd0      0x24  tcp.o [9]
  .rodata            const     0x804'3ff4      0x24  tcp_out.o [9]
  .rodata            const     0x804'4018      0x24  tcp_out.o [9]
  .rodata            const     0x804'403c      0x24  tcp_out.o [9]
  .rodata            const     0x804'4060      0x24  tcp_out.o [9]
  .rodata            const     0x804'4084      0x24  tcp_out.o [9]
  .rodata            const     0x804'40a8      0x24  tcp_out.o [9]
  .rodata            const     0x804'40cc      0x24  tcp_out.o [9]
  .rodata            const     0x804'40f0      0x24  tcp_out.o [9]
  .rodata            const     0x804'4114      0x24  tcpip.o [9]
  .rodata            const     0x804'4138      0x24  tcpip.o [9]
  .rodata            const     0x804'415c      0x24  udp.o [9]
  .text              ro code   0x804'4180      0x22  fpinit_M.o [11]
  .iar.init_table    const     0x804'41a4      0x28  - Linker created -
  .rodata            const     0x804'41cc      0x20  api_msg.o [9]
  .rodata            const     0x804'41ec      0x20  api_msg.o [9]
  .rodata            const     0x804'420c      0x20  api_msg.o [9]
  .rodata            const     0x804'422c      0x20  api_msg.o [9]
  .rodata            const     0x804'424c      0x20  api_msg.o [9]
  .rodata            const     0x804'426c      0x20  api_msg.o [9]
  .rodata            const     0x804'428c      0x20  api_msg.o [9]
  .rodata            const     0x804'42ac      0x20  api_msg.o [9]
  .rodata            const     0x804'42cc      0x20  ip4_frag.o [9]
  .rodata            const     0x804'42ec      0x20  ip4_frag.o [9]
  .rodata            const     0x804'430c      0x20  ip4_frag.o [9]
  .rodata            const     0x804'432c      0x20  ip4_frag.o [9]
  .rodata            const     0x804'434c      0x20  memp.o [9]
  .rodata            const     0x804'436c      0x20  sockets.o [9]
  .rodata            const     0x804'438c      0x20  tcp.o [9]
  .rodata            const     0x804'43ac      0x20  tcp.o [9]
  .rodata            const     0x804'43cc      0x20  tcp.o [9]
  .rodata            const     0x804'43ec      0x20  tcp.o [9]
  .rodata            const     0x804'440c      0x20  tcp_in.o [9]
  .rodata            const     0x804'442c      0x20  tcp_in.o [9]
  .rodata            const     0x804'444c      0x20  tcp_in.o [9]
  .rodata            const     0x804'446c      0x20  tcp_in.o [9]
  .rodata            const     0x804'448c      0x20  tcp_in.o [9]
  .rodata            const     0x804'44ac      0x20  tcp_in.o [9]
  .rodata            const     0x804'44cc      0x20  tcp_in.o [9]
  .rodata            const     0x804'44ec      0x20  tcp_out.o [9]
  .rodata            const     0x804'450c      0x20  tcp_out.o [9]
  .rodata            const     0x804'452c      0x20  tcp_out.o [9]
  .rodata            const     0x804'454c      0x20  tcp_out.o [9]
  .rodata            const     0x804'456c      0x20  tcp_out.o [9]
  .rodata            const     0x804'458c      0x20  tcp_out.o [9]
  .rodata            const     0x804'45ac      0x20  tcp_out.o [9]
  .rodata            const     0x804'45cc      0x20  tcp_out.o [9]
  .rodata            const     0x804'45ec      0x20  tcp_out.o [9]
  .rodata            const     0x804'460c      0x20  tcp_out.o [9]
  .rodata            const     0x804'462c      0x20  tcp_out.o [9]
  .rodata            const     0x804'464c      0x20  tcpip.o [9]
  .text              ro code   0x804'466c      0x1e  cmain.o [12]
  .text              ro code   0x804'468a       0x4  low_level_init.o [10]
  .text              ro code   0x804'468e       0x4  exit.o [10]
  .text              ro code   0x804'4694       0xa  cexit.o [12]
  .rodata            const     0x804'46a0      0x1c  api_lib.o [9]
  .rodata            const     0x804'46bc      0x1c  api_msg.o [9]
  .rodata            const     0x804'46d8      0x1c  api_msg.o [9]
  .rodata            const     0x804'46f4      0x1c  api_msg.o [9]
  .rodata            const     0x804'4710      0x1c  api_msg.o [9]
  .rodata            const     0x804'472c      0x1c  etharp.o [9]
  .rodata            const     0x804'4748      0x1c  ethernetif.o [4]
  .rodata            const     0x804'4764      0x1c  http_server.o [5]
  .rodata            const     0x804'4780      0x1c  ip4_frag.o [9]
  .rodata            const     0x804'479c      0x1c  ip4_frag.o [9]
  .rodata            const     0x804'47b8      0x1c  lwip.o [3]
  .rodata            const     0x804'47d4      0x1c  main.o [2]
  .rodata            const     0x804'47f0      0x1c  main.o [2]
  .rodata            const     0x804'480c      0x1c  main.o [2]
  .rodata            const     0x804'4828      0x1c  main.o [2]
  .rodata            const     0x804'4844      0x1c  pbuf.o [9]
  .rodata            const     0x804'4860      0x1c  pbuf.o [9]
  .rodata            const     0x804'487c      0x1c  pbuf.o [9]
  .rodata            const     0x804'4898      0x1c  sockets.o [9]
  .rodata            const     0x804'48b4      0x1c  tcp.o [9]
  .rodata            const     0x804'48d0      0x1c  tcp.o [9]
  .rodata            const     0x804'48ec      0x1c  tcp.o [9]
  .rodata            const     0x804'4908      0x1c  tcp.o [9]
  .rodata            const     0x804'4924      0x1c  tcp.o [9]
  .rodata            const     0x804'4940      0x1c  tcp.o [9]
  .rodata            const     0x804'495c      0x1c  tcp.o [9]
  .rodata            const     0x804'4978      0x1c  tcp_in.o [9]
  .rodata            const     0x804'4994      0x1c  tcp_in.o [9]
  .rodata            const     0x804'49b0      0x1c  tcp_in.o [9]
  .rodata            const     0x804'49cc      0x1c  tcp_in.o [9]
  .rodata            const     0x804'49e8      0x1c  tcp_in.o [9]
  .rodata            const     0x804'4a04      0x1c  tcp_out.o [9]
  .rodata            const     0x804'4a20      0x1c  tcp_out.o [9]
  .rodata            const     0x804'4a3c      0x1c  tcp_out.o [9]
  .rodata            const     0x804'4a58      0x1c  tcp_out.o [9]
  .rodata            const     0x804'4a74      0x1c  tcp_out.o [9]
  .rodata            const     0x804'4a90      0x1c  udp.o [9]
  .rodata            const     0x804'4aac      0x1c  udp.o [9]
  .text              ro code   0x804'4ac8      0x1c  cstartup_M.o [12]
  .rodata            const     0x804'4ae4      0x18  api_lib.o [9]
  .rodata            const     0x804'4afc      0x18  api_msg.o [9]
  .rodata            const     0x804'4b14      0x18  api_msg.o [9]
  .rodata            const     0x804'4b2c      0x18  api_msg.o [9]
  .rodata            const     0x804'4b44      0x18  etharp.o [9]
  .rodata            const     0x804'4b5c      0x18  http_server.o [5]
  .rodata            const     0x804'4b74      0x18  mem.o [9]
  .rodata            const     0x804'4b8c      0x18  pbuf.o [9]
  .rodata            const     0x804'4ba4      0x18  pbuf.o [9]
  .rodata            const     0x804'4bbc      0x18  pbuf.o [9]
  .rodata            const     0x804'4bd4      0x18  pbuf.o [9]
  .rodata            const     0x804'4bec      0x18  sockets.o [9]
  .rodata            const     0x804'4c04      0x18  sockets.o [9]
  .rodata            const     0x804'4c1c      0x18  sockets.o [9]
  .rodata            const     0x804'4c34      0x18  sockets.o [9]
  .rodata            const     0x804'4c4c      0x18  sockets.o [9]
  .rodata            const     0x804'4c64      0x18  tcp.o [9]
  .rodata            const     0x804'4c7c      0x18  tcp.o [9]
  .rodata            const     0x804'4c94      0x18  tcp.o [9]
  .rodata            const     0x804'4cac      0x18  tcp_in.o [9]
  .rodata            const     0x804'4cc4      0x18  tcp_in.o [9]
  .rodata            const     0x804'4cdc      0x18  tcp_out.o [9]
  .rodata            const     0x804'4cf4      0x18  tcp_out.o [9]
  .rodata            const     0x804'4d0c      0x18  tcp_out.o [9]
  .rodata            const     0x804'4d24      0x18  tcp_out.o [9]
  .rodata            const     0x804'4d3c      0x18  tcp_out.o [9]
  .rodata            const     0x804'4d54      0x18  tcp_out.o [9]
  .rodata            const     0x804'4d6c      0x18  timeouts.o [9]
  .rodata            const     0x804'4d84      0x18  udp.o [9]
  .text              ro code   0x804'4d9c      0x16  xprout.o [10]
  .rodata            const     0x804'4db4      0x14  api_msg.o [9]
  .rodata            const     0x804'4dc8      0x14  api_msg.o [9]
  .rodata            const     0x804'4ddc      0x14  api_msg.o [9]
  .rodata            const     0x804'4df0      0x14  etharp.o [9]
  .rodata            const     0x804'4e04      0x14  fs.o [5]
  .rodata            const     0x804'4e18      0x14  fs.o [5]
  .rodata            const     0x804'4e2c      0x14  fs.o [5]
  .rodata            const     0x804'4e40      0x14  fs.o [5]
  .rodata            const     0x804'4e54      0x14  fs.o [5]
  .rodata            const     0x804'4e68      0x14  fs.o [5]
  .rodata            const     0x804'4e7c      0x14  http_server.o [5]
  .rodata            const     0x804'4e90      0x14  http_server.o [5]
  .rodata            const     0x804'4ea4      0x14  http_server.o [5]
  .rodata            const     0x804'4eb8      0x14  http_server.o [5]
  .rodata            const     0x804'4ecc      0x14  http_server.o [5]
  .rodata            const     0x804'4ee0      0x14  http_server.o [5]
  .rodata            const     0x804'4ef4      0x14  http_server.o [5]
  .rodata            const     0x804'4f08      0x14  http_server.o [5]
  .rodata            const     0x804'4f1c      0x14  http_server.o [5]
  .rodata            const     0x804'4f30      0x14  http_server.o [5]
  .rodata            const     0x804'4f44      0x14  http_server.o [5]
  .rodata            const     0x804'4f58      0x14  ip4_frag.o [9]
  .rodata            const     0x804'4f6c      0x14  main.o [2]
  .rodata            const     0x804'4f80      0x14  netif.o [9]
  .rodata            const     0x804'4f94      0x14  pbuf.o [9]
  .rodata            const     0x804'4fa8      0x14  pbuf.o [9]
  .rodata            const     0x804'4fbc      0x14  pbuf.o [9]
  .rodata            const     0x804'4fd0      0x14  pbuf.o [9]
  .rodata            const     0x804'4fe4      0x14  sockets.o [9]
  .rodata            const     0x804'4ff8      0x14  tcp.o [9]
  .rodata            const     0x804'500c      0x14  tcp_in.o [9]
  .rodata            const     0x804'5020      0x14  tcp_out.o [9]
  .rodata            const     0x804'5034      0x14  tcp_out.o [9]
  .rodata            const     0x804'5048      0x14  tcp_out.o [9]
  .rodata            const     0x804'505c      0x14  timeouts.o [9]
  .rodata            const     0x804'5070      0x10  api_msg.o [9]
  .rodata            const     0x804'5080      0x10  api_msg.o [9]
  .rodata            const     0x804'5090      0x10  api_msg.o [9]
  .rodata            const     0x804'50a0      0x10  api_msg.o [9]
  .rodata            const     0x804'50b0      0x10  etharp.o [9]
  .rodata            const     0x804'50c0      0x10  etharp.o [9]
  .rodata            const     0x804'50d0      0x10  etharp.o [9]
  .rodata            const     0x804'50e0      0x10  ethernetif.o [4]
  .rodata            const     0x804'50f0      0x10  http_server.o [5]
  .rodata            const     0x804'5100      0x10  http_server.o [5]
  .rodata            const     0x804'5110      0x10  http_server.o [5]
  .rodata            const     0x804'5120      0x10  http_server.o [5]
  .rodata            const     0x804'5130      0x10  http_server.o [5]
  .rodata            const     0x804'5140      0x10  http_server.o [5]
  .rodata            const     0x804'5150      0x10  http_server.o [5]
  .rodata            const     0x804'5160      0x10  http_server.o [5]
  .rodata            const     0x804'5170      0x10  http_server.o [5]
  .rodata            const     0x804'5180      0x10  http_server.o [5]
  .rodata            const     0x804'5190      0x10  http_server.o [5]
  .rodata            const     0x804'51a0      0x10  http_server.o [5]
  .rodata            const     0x804'51b0      0x10  http_server.o [5]
  .rodata            const     0x804'51c0      0x10  ip4_frag.o [9]
  .rodata            const     0x804'51d0      0x10  ip4_frag.o [9]
  .rodata            const     0x804'51e0      0x10  main.o [2]
  .rodata            const     0x804'51f0      0x10  main.o [2]
  .rodata            const     0x804'5200      0x10  mem.o [9]
  .rodata            const     0x804'5210      0x10  netif.o [9]
  .rodata            const     0x804'5220      0x10  pbuf.o [9]
  .rodata            const     0x804'5230      0x10  sockets.o [9]
  .rodata            const     0x804'5240      0x10  sockets.o [9]
  .rodata            const     0x804'5250      0x10  sockets.o [9]
  .rodata            const     0x804'5260      0x10  sockets.o [9]
  .rodata            const     0x804'5270      0x10  sockets.o [9]
  .rodata            const     0x804'5280      0x10  sockets.o [9]
  .rodata            const     0x804'5290      0x10  sockets.o [9]
  .rodata            const     0x804'52a0      0x10  sys_arch.o [9]
  .rodata            const     0x804'52b0      0x10  system_stm32f7xx.o [6]
  .rodata            const     0x804'52c0      0x10  tcp.o [9]
  .rodata            const     0x804'52d0      0x10  tcp.o [9]
  .rodata            const     0x804'52e0      0x10  tcp.o [9]
  .rodata            const     0x804'52f0      0x10  tcp_in.o [9]
  .rodata            const     0x804'5300      0x10  tcp_in.o [9]
  .rodata            const     0x804'5310      0x10  tcp_in.o [9]
  .rodata            const     0x804'5320      0x10  tcp_in.o [9]
  .rodata            const     0x804'5330      0x10  tcp_out.o [9]
  .rodata            const     0x804'5340      0x10  tcp_out.o [9]
  .rodata            const     0x804'5350      0x10  tcp_out.o [9]
  .rodata            const     0x804'5360      0x10  tcpip.o [9]
  .rodata            const     0x804'5370      0x10  tcpip.o [9]
  .text              ro code   0x804'5380      0x10  startup_stm32f745xx.o [1]
  .text              ro code   0x804'5390      0x10  system_stm32f7xx.o [6]
  .rodata            const     0x804'53a0       0xc  analog.o [2]
  .rodata            const     0x804'53ac       0xc  api_lib.o [9]
  .rodata            const     0x804'53b8       0xc  api_msg.o [9]
  .rodata            const     0x804'53c4       0xc  etharp.o [9]
  .rodata            const     0x804'53d0       0xc  http_server.o [5]
  .rodata            const     0x804'53dc       0xc  http_server.o [5]
  .rodata            const     0x804'53e8       0xc  http_server.o [5]
  .rodata            const     0x804'53f4       0xc  http_server.o [5]
  .rodata            const     0x804'5400       0xc  http_server.o [5]
  .rodata            const     0x804'540c       0xc  http_server.o [5]
  .rodata            const     0x804'5418       0xc  http_server.o [5]
  .rodata            const     0x804'5424       0xc  http_server.o [5]
  .rodata            const     0x804'5430       0xc  http_server.o [5]
  .rodata            const     0x804'543c       0xc  http_server.o [5]
  .rodata            const     0x804'5448       0xc  http_server.o [5]
  .rodata            const     0x804'5454       0xc  http_server.o [5]
  .rodata            const     0x804'5460       0xc  http_server.o [5]
  .rodata            const     0x804'546c       0xc  http_server.o [5]
  .rodata            const     0x804'5478       0xc  http_server.o [5]
  .rodata            const     0x804'5484       0xc  http_server.o [5]
  .rodata            const     0x804'5490       0xc  http_server.o [5]
  .rodata            const     0x804'549c       0xc  http_server.o [5]
  .rodata            const     0x804'54a8       0xc  http_server.o [5]
  .rodata            const     0x804'54b4       0xc  http_server.o [5]
  .rodata            const     0x804'54c0       0xc  http_server.o [5]
  .rodata            const     0x804'54cc       0xc  http_server.o [5]
  .rodata            const     0x804'54d8       0xc  http_server.o [5]
  .rodata            const     0x804'54e4       0xc  http_server.o [5]
  .rodata            const     0x804'54f0       0xc  http_server.o [5]
  .rodata            const     0x804'54fc       0xc  http_server.o [5]
  .rodata            const     0x804'5508       0xc  http_server.o [5]
  .rodata            const     0x804'5514       0xc  http_server.o [5]
  .rodata            const     0x804'5520       0xc  http_server.o [5]
  .rodata            const     0x804'552c       0xc  http_server.o [5]
  .rodata            const     0x804'5538       0xc  http_server.o [5]
  .rodata            const     0x804'5544       0xc  http_server.o [5]
  .rodata            const     0x804'5550       0xc  http_server.o [5]
  .rodata            const     0x804'555c       0xc  http_server.o [5]
  .rodata            const     0x804'5568       0xc  http_server.o [5]
  .rodata            const     0x804'5574       0xc  http_server.o [5]
  .rodata            const     0x804'5580       0xc  http_server.o [5]
  .rodata            const     0x804'558c       0xc  http_server.o [5]
  .rodata            const     0x804'5598       0xc  http_server.o [5]
  .rodata            const     0x804'55a4       0xc  http_server.o [5]
  .rodata            const     0x804'55b0       0xc  http_server.o [5]
  .rodata            const     0x804'55bc       0xc  http_server.o [5]
  .rodata            const     0x804'55c8       0xc  http_server.o [5]
  .rodata            const     0x804'55d4       0xc  http_server.o [5]
  .rodata            const     0x804'55e0       0xc  http_server.o [5]
  .rodata            const     0x804'55ec       0xc  http_server.o [5]
  .rodata            const     0x804'55f8       0xc  http_server.o [5]
  .rodata            const     0x804'5604       0xc  http_server.o [5]
  .rodata            const     0x804'5610       0xc  http_server.o [5]
  .rodata            const     0x804'561c       0xc  http_server.o [5]
  .rodata            const     0x804'5628       0xc  http_server.o [5]
  .rodata            const     0x804'5634       0xc  http_server.o [5]
  .rodata            const     0x804'5640       0xc  http_server.o [5]
  .rodata            const     0x804'564c       0xc  http_server.o [5]
  .rodata            const     0x804'5658       0xc  http_server.o [5]
  .rodata            const     0x804'5664       0xc  http_server.o [5]
  .rodata            const     0x804'5670       0xc  http_server.o [5]
  .rodata            const     0x804'567c       0xc  http_server.o [5]
  .rodata            const     0x804'5688       0xc  http_server.o [5]
  .rodata            const     0x804'5694       0xc  http_server.o [5]
  .rodata            const     0x804'56a0       0xc  http_server.o [5]
  .rodata            const     0x804'56ac       0xc  http_server.o [5]
  .rodata            const     0x804'56b8       0xc  http_server.o [5]
  .rodata            const     0x804'56c4       0xc  http_server.o [5]
  .rodata            const     0x804'56d0       0xc  http_server.o [5]
  .rodata            const     0x804'56dc       0xc  http_server.o [5]
  .rodata            const     0x804'56e8       0xc  http_server.o [5]
  .rodata            const     0x804'56f4       0xc  http_server.o [5]
  .rodata            const     0x804'5700       0xc  http_server.o [5]
  .rodata            const     0x804'570c       0xc  http_server.o [5]
  .rodata            const     0x804'5718       0xc  http_server.o [5]
  .rodata            const     0x804'5724       0xc  http_server.o [5]
  .rodata            const     0x804'5730       0xc  http_server.o [5]
  .rodata            const     0x804'573c       0xc  http_server.o [5]
  .rodata            const     0x804'5748       0xc  http_server.o [5]
  .rodata            const     0x804'5754       0xc  http_server.o [5]
  .rodata            const     0x804'5760       0xc  http_server.o [5]
  .rodata            const     0x804'576c       0xc  http_server.o [5]
  .rodata            const     0x804'5778       0xc  http_server.o [5]
  .rodata            const     0x804'5784       0xc  ip4.o [9]
  .rodata            const     0x804'5790       0xc  ip4_frag.o [9]
  .rodata            const     0x804'579c       0xc  ip4_frag.o [9]
  .rodata            const     0x804'57a8       0xc  ip4_frag.o [9]
  .rodata            const     0x804'57b4       0xc  ip4_frag.o [9]
  .rodata            const     0x804'57c0       0xc  main.o [2]
  .rodata            const     0x804'57cc       0xc  pbuf.o [9]
  .rodata            const     0x804'57d8       0xc  sockets.o [9]
  .rodata            const     0x804'57e4       0xc  sockets.o [9]
  .rodata            const     0x804'57f0       0xc  sockets.o [9]
  .rodata            const     0x804'57fc       0xc  sockets.o [9]
  .rodata            const     0x804'5808       0xc  tcp.o [9]
  .rodata            const     0x804'5814       0xc  tcp_in.o [9]
  .rodata            const     0x804'5820       0xc  tcp_out.o [9]
  .rodata            const     0x804'582c       0x8  api_msg.o [9]
  .rodata            const     0x804'5834       0x8  cJSON.o [2]
  .rodata            const     0x804'583c       0x8  cJSON.o [2]
  .rodata            const     0x804'5844       0x8  cJSON.o [2]
  .rodata            const     0x804'584c       0x8  cJSON.o [2]
  .rodata            const     0x804'5854       0x8  cJSON.o [2]
  .rodata            const     0x804'585c       0x8  cJSON.o [2]
  .rodata            const     0x804'5864       0x8  eeprom.o [2]
  .rodata            const     0x804'586c       0x8  ethernet.o [9]
  .rodata            const     0x804'5874       0x8  ethernet.o [9]
  .rodata            const     0x804'587c       0x8  ethernetif.o [4]
  .rodata            const     0x804'5884       0x8  ethernetif.o [4]
  .rodata            const     0x804'588c       0x8  http_server.o [5]
  .rodata            const     0x804'5894       0x8  http_server.o [5]
  .rodata            const     0x804'589c       0x8  http_server.o [5]
  .rodata            const     0x804'58a4       0x8  http_server.o [5]
  .rodata            const     0x804'58ac       0x8  http_server.o [5]
  .rodata            const     0x804'58b4       0x8  http_server.o [5]
  .rodata            const     0x804'58bc       0x8  http_server.o [5]
  .rodata            const     0x804'58c4       0x8  http_server.o [5]
  .rodata            const     0x804'58cc       0x8  http_server.o [5]
  .rodata            const     0x804'58d4       0x8  http_server.o [5]
  .rodata            const     0x804'58dc       0x8  http_server.o [5]
  .rodata            const     0x804'58e4       0x8  http_server.o [5]
  .rodata            const     0x804'58ec       0x8  http_server.o [5]
  .rodata            const     0x804'58f4       0x8  http_server.o [5]
  .rodata            const     0x804'58fc       0x8  http_server.o [5]
  .rodata            const     0x804'5904       0x8  http_server.o [5]
  .rodata            const     0x804'590c       0x8  http_server.o [5]
  .rodata            const     0x804'5914       0x8  http_server.o [5]
  .rodata            const     0x804'591c       0x8  http_server.o [5]
  .rodata            const     0x804'5924       0x8  http_server.o [5]
  .rodata            const     0x804'592c       0x8  http_server.o [5]
  .rodata            const     0x804'5934       0x8  http_server.o [5]
  .rodata            const     0x804'593c       0x8  http_server.o [5]
  .rodata            const     0x804'5944       0x8  http_server.o [5]
  .rodata            const     0x804'594c       0x8  http_server.o [5]
  .rodata            const     0x804'5954       0x8  http_server.o [5]
  .rodata            const     0x804'595c       0x8  lwip.o [3]
  .rodata            const     0x804'5964       0x8  lwip.o [3]
  .rodata            const     0x804'596c       0x8  stm32f7xx_hal_dma.o [7]
  .rodata            const     0x804'5974       0x8  sys_arch.o [9]
  .rodata            const     0x804'597c       0x8  sys_arch.o [9]
  .rodata            const     0x804'5984       0x8  sys_arch.o [9]
  .rodata            const     0x804'598c       0x8  tasks.o [8]
  .rodata            const     0x804'5994       0x8  tcp.o [9]
  .rodata            const     0x804'599c       0x8  tcp_in.o [9]
  .rodata            const     0x804'59a4       0x8  tcp_in.o [9]
  .rodata            const     0x804'59ac       0x4  heap_4.o [8]
  .rodata            const     0x804'59b0       0x4  ip4_addr.o [9]
  .rodata            const     0x804'59b4       0x4  port.o [8]
  .text              ro code   0x804'59b8       0x4  startup_stm32f745xx.o [1]
  .text              ro code   0x804'59bc       0x4  startup_stm32f745xx.o [1]
  .text              ro code   0x804'59c0       0x4  startup_stm32f745xx.o [1]
  .text              ro code   0x804'59c4       0x4  startup_stm32f745xx.o [1]
  .text              ro code   0x804'59c8       0x4  startup_stm32f745xx.o [1]
  .text              ro code   0x804'59cc       0x4  startup_stm32f745xx.o [1]
  .text              ro code   0x804'59d0       0x4  startup_stm32f745xx.o [1]
  .text              ro code   0x804'59d4       0x4  startup_stm32f745xx.o [1]
  .text              ro code   0x804'59d8       0x4  startup_stm32f745xx.o [1]
  .text              ro code   0x804'59dc       0x4  startup_stm32f745xx.o [1]
  .text              ro code   0x804'59e0       0x4  startup_stm32f745xx.o [1]
  .text              ro code   0x804'59e4       0x4  startup_stm32f745xx.o [1]
  .text              ro code   0x804'59e8       0x4  startup_stm32f745xx.o [1]
  .text              ro code   0x804'59ec       0x4  startup_stm32f745xx.o [1]
  .text              ro code   0x804'59f0       0x4  startup_stm32f745xx.o [1]
  .text              ro code   0x804'59f4       0x4  startup_stm32f745xx.o [1]
  .text              ro code   0x804'59f8       0x4  startup_stm32f745xx.o [1]
  .text              ro code   0x804'59fc       0x4  startup_stm32f745xx.o [1]
  .text              ro code   0x804'5a00       0x4  startup_stm32f745xx.o [1]
  .text              ro code   0x804'5a04       0x4  startup_stm32f745xx.o [1]
  .text              ro code   0x804'5a08       0x4  startup_stm32f745xx.o [1]
  .text              ro code   0x804'5a0c       0x4  startup_stm32f745xx.o [1]
  .text              ro code   0x804'5a10       0x4  startup_stm32f745xx.o [1]
  .text              ro code   0x804'5a14       0x4  startup_stm32f745xx.o [1]
  .text              ro code   0x804'5a18       0x4  startup_stm32f745xx.o [1]
  .text              ro code   0x804'5a1c       0x4  startup_stm32f745xx.o [1]
  .text              ro code   0x804'5a20       0x4  startup_stm32f745xx.o [1]
  .text              ro code   0x804'5a24       0x4  startup_stm32f745xx.o [1]
  .text              ro code   0x804'5a28       0x4  startup_stm32f745xx.o [1]
  .text              ro code   0x804'5a2c       0x4  startup_stm32f745xx.o [1]
  .text              ro code   0x804'5a30       0x4  startup_stm32f745xx.o [1]
  .text              ro code   0x804'5a34       0x4  startup_stm32f745xx.o [1]
  .text              ro code   0x804'5a38       0x4  startup_stm32f745xx.o [1]
  .text              ro code   0x804'5a3c       0x4  startup_stm32f745xx.o [1]
  .text              ro code   0x804'5a40       0x4  startup_stm32f745xx.o [1]
  .text              ro code   0x804'5a44       0x4  startup_stm32f745xx.o [1]
  .text              ro code   0x804'5a48       0x4  startup_stm32f745xx.o [1]
  .text              ro code   0x804'5a4c       0x4  startup_stm32f745xx.o [1]
  .text              ro code   0x804'5a50       0x4  startup_stm32f745xx.o [1]
  .text              ro code   0x804'5a54       0x4  startup_stm32f745xx.o [1]
  .text              ro code   0x804'5a58       0x4  startup_stm32f745xx.o [1]
  .text              ro code   0x804'5a5c       0x4  startup_stm32f745xx.o [1]
  .text              ro code   0x804'5a60       0x4  startup_stm32f745xx.o [1]
  .text              ro code   0x804'5a64       0x4  startup_stm32f745xx.o [1]
  .text              ro code   0x804'5a68       0x4  startup_stm32f745xx.o [1]
  .text              ro code   0x804'5a6c       0x4  startup_stm32f745xx.o [1]
  .text              ro code   0x804'5a70       0x4  startup_stm32f745xx.o [1]
  .text              ro code   0x804'5a74       0x4  startup_stm32f745xx.o [1]
  .text              ro code   0x804'5a78       0x4  startup_stm32f745xx.o [1]
  .text              ro code   0x804'5a7c       0x4  startup_stm32f745xx.o [1]
  .text              ro code   0x804'5a80       0x4  startup_stm32f745xx.o [1]
  .text              ro code   0x804'5a84       0x4  startup_stm32f745xx.o [1]
  .text              ro code   0x804'5a88       0x4  startup_stm32f745xx.o [1]
  .text              ro code   0x804'5a8c       0x4  startup_stm32f745xx.o [1]
  .text              ro code   0x804'5a90       0x4  startup_stm32f745xx.o [1]
  .text              ro code   0x804'5a94       0x4  startup_stm32f745xx.o [1]
  .text              ro code   0x804'5a98       0x4  startup_stm32f745xx.o [1]
  .text              ro code   0x804'5a9c       0x4  startup_stm32f745xx.o [1]
  .text              ro code   0x804'5aa0       0x4  startup_stm32f745xx.o [1]
  .text              ro code   0x804'5aa4       0x4  startup_stm32f745xx.o [1]
  .text              ro code   0x804'5aa8       0x4  startup_stm32f745xx.o [1]
  .text              ro code   0x804'5aac       0x4  startup_stm32f745xx.o [1]
  .text              ro code   0x804'5ab0       0x4  startup_stm32f745xx.o [1]
  .text              ro code   0x804'5ab4       0x4  startup_stm32f745xx.o [1]
  .text              ro code   0x804'5ab8       0x4  startup_stm32f745xx.o [1]
  .text              ro code   0x804'5abc       0x4  startup_stm32f745xx.o [1]
  .text              ro code   0x804'5ac0       0x4  startup_stm32f745xx.o [1]
  .text              ro code   0x804'5ac4       0x4  startup_stm32f745xx.o [1]
  .text              ro code   0x804'5ac8       0x4  startup_stm32f745xx.o [1]
  .text              ro code   0x804'5acc       0x4  startup_stm32f745xx.o [1]
  .text              ro code   0x804'5ad0       0x4  startup_stm32f745xx.o [1]
  .text              ro code   0x804'5ad4       0x4  startup_stm32f745xx.o [1]
  .text              ro code   0x804'5ad8       0x4  startup_stm32f745xx.o [1]
  .text              ro code   0x804'5adc       0x4  startup_stm32f745xx.o [1]
  .text              ro code   0x804'5ae0       0x4  startup_stm32f745xx.o [1]
  .text              ro code   0x804'5ae4       0x4  startup_stm32f745xx.o [1]
  .text              ro code   0x804'5ae8       0x4  startup_stm32f745xx.o [1]
  .text              ro code   0x804'5aec       0x4  startup_stm32f745xx.o [1]
  .text              ro code   0x804'5af0       0x4  startup_stm32f745xx.o [1]
  .text              ro code   0x804'5af4       0x4  startup_stm32f745xx.o [1]
  .text              ro code   0x804'5af8       0x4  startup_stm32f745xx.o [1]
  .text              ro code   0x804'5afc       0x4  startup_stm32f745xx.o [1]
  .text              ro code   0x804'5b00       0x4  startup_stm32f745xx.o [1]
  .text              ro code   0x804'5b04       0x4  startup_stm32f745xx.o [1]
  .text              ro code   0x804'5b08       0x4  startup_stm32f745xx.o [1]
  .text              ro code   0x804'5b0c       0x4  startup_stm32f745xx.o [1]
  .text              ro code   0x804'5b10       0x4  startup_stm32f745xx.o [1]
  .text              ro code   0x804'5b14       0x4  startup_stm32f745xx.o [1]
  .text              ro code   0x804'5b18       0x4  startup_stm32f745xx.o [1]
  .text              ro code   0x804'5b1c       0x4  startup_stm32f745xx.o [1]
  .text              ro code   0x804'5b20       0x4  startup_stm32f745xx.o [1]
  .text              ro code   0x804'5b24       0x4  startup_stm32f745xx.o [1]
  .rodata            const     0x804'5b28       0x0  zero_init3.o [12]
  .rodata            const     0x804'5b28       0x0  lz77_init_single.o [12]
  Initializer bytes  const     0x804'5b28     0x137  <for P2-1>
                             - 0x804'5c5f  0x4'5a97

"P2", part 1 of 3:                            0x1ae
  P2-1                        0x2000'0000     0x1ae  <Init block>
    .data            inited   0x2000'0000       0x4  analog.o [2]
    .data            inited   0x2000'0004       0x4  analog.o [2]
    .data            inited   0x2000'0008       0xc  cJSON.o [2]
    .data            inited   0x2000'0014       0x4  http_server.o [5]
    .data            inited   0x2000'0018       0x4  http_server.o [5]
    .data            inited   0x2000'001c       0x4  port.o [8]
    .data            inited   0x2000'0020      0x94  process.o [2]
    .data            inited   0x2000'00b4       0x4  process.o [2]
    .data            inited   0x2000'00b8       0x4  process.o [2]
    .data            inited   0x2000'00bc       0x4  process.o [2]
    .data            inited   0x2000'00c0       0x4  process.o [2]
    .data            inited   0x2000'00c4       0x4  stm32f7xx_hal.o [7]
    .data            inited   0x2000'00c8       0x4  system_stm32f7xx.o [6]
    .data            inited   0x2000'00cc       0x4  tcp.o [9]
    .data            inited   0x2000'00d0       0x8  rand.o [10]
    .data            inited   0x2000'00d8      0x38  xlocale_c.o [10]
    .data            inited   0x2000'0110      0x48  xlocale_c.o [10]
    .data            inited   0x2000'0158      0x48  xfiles.o [10]
    .data            inited   0x2000'01a0       0x8  XShttio.o [10]
    .data            inited   0x2000'01a8       0x2  tcp.o [9]
    .data            inited   0x2000'01aa       0x2  udp.o [9]
    .data            inited   0x2000'01ac       0x1  process.o [2]
    .data            inited   0x2000'01ad       0x1  stm32f7xx_hal.o [7]
                            - 0x2000'01ae     0x1ae

"P2", part 2 of 3:                           0xeac4
  .bss               zero     0x2000'01b0    0xa000  heap_4.o [8]
  .bss               zero     0x2000'a1b0    0x17d0  ethernetif.o [4]
  .bss               zero     0x2000'b980    0x17d0  ethernetif.o [4]
  .bss               zero     0x2000'd150     0x800  http_server.o [5]
  .bss               zero     0x2000'd950     0x514  http_server.o [5]
  .bss               zero     0x2000'de64     0x200  freertos.o [2]
  .bss               zero     0x2000'e064      0xf0  etharp.o [9]
  .bss               zero     0x2000'e154      0xd0  process.o [2]
  .bss               zero     0x2000'e224      0x8c  tasks.o [8]
  .bss               zero     0x2000'e2b0      0x84  rand.o [10]
  .bss               zero     0x2000'e334      0x80  ethernetif.o [4]
  .bss               zero     0x2000'e3b4      0x80  ethernetif.o [4]
  .bss               zero     0x2000'e434      0x64  main.o [2]
  .bss               zero     0x2000'e498      0x70  http_server.o [5]
  .bss               zero     0x2000'e508      0x70  process.o [2]
  .bss               zero     0x2000'e578      0x60  main.o [2]
  .bss               zero     0x2000'e5d8      0x54  freertos.o [2]
  .bss               zero     0x2000'e62c      0x50  xfiles.o [10]
  .bss               zero     0x2000'e67c      0x4c  main.o [2]
  .bss               zero     0x2000'e6c8      0x4c  main.o [2]
  .bss               zero     0x2000'e714      0x4c  main.o [2]
  .bss               zero     0x2000'e760      0x48  ethernetif.o [4]
  .bss               zero     0x2000'e7a8      0x48  main.o [2]
  .bss               zero     0x2000'e7f0      0x48  main.o [2]
  .bss               zero     0x2000'e838      0x40  queue.o [8]
  .bss               zero     0x2000'e878      0x40  sockets.o [9]
  .bss               zero     0x2000'e8b8      0x34  lwip.o [3]
  .bss               zero     0x2000'e8ec      0x34  main.o [2]
  .bss               zero     0x2000'e920      0x28  analog.o [2]
  .bss               zero     0x2000'e948      0x28  http_server.o [5]
  .bss               zero     0x2000'e970      0x20  http_server.o [5]
  .bss               zero     0x2000'e990      0x1c  http_server.o [5]
  .bss               zero     0x2000'e9ac      0x18  ip.o [9]
  .bss               zero     0x2000'e9c4      0x14  http_server.o [5]
  .bss               zero     0x2000'e9d8      0x14  main.o [2]
  .bss               zero     0x2000'e9ec      0x14  tasks.o [8]
  .bss               zero     0x2000'ea00      0x14  tasks.o [8]
  .bss               zero     0x2000'ea14      0x14  tasks.o [8]
  .bss               zero     0x2000'ea28      0x14  tasks.o [8]
  .bss               zero     0x2000'ea3c      0x14  tasks.o [8]
  .bss               zero     0x2000'ea50      0x10  http_server.o [5]
  .bss               zero     0x2000'ea60      0x10  http_server.o [5]
  .bss               zero     0x2000'ea70      0x10  tcp_in.o [9]
  .bss               zero     0x2000'ea80       0x8  heap_4.o [8]
  .bss               zero     0x2000'ea88       0x8  http_server.o [5]
  .bss               zero     0x2000'ea90       0x8  http_server.o [5]
  .bss               zero     0x2000'ea98       0x8  lwip.o [3]
  .bss               zero     0x2000'eaa0       0x8  heap0.o [10]
  .bss               zero     0x2000'eaa8       0x4  analog.o [2]
  .bss               zero     0x2000'eaac       0x4  analog.o [2]
  .bss               zero     0x2000'eab0       0x4  analog.o [2]
  .bss               zero     0x2000'eab4       0x4  analog.o [2]
  .bss               zero     0x2000'eab8       0x4  analog.o [2]
  .bss               zero     0x2000'eabc       0x4  analog.o [2]
  .bss               zero     0x2000'eac0       0x4  analog.o [2]
  .bss               zero     0x2000'eac4       0x4  analog.o [2]
  .bss               zero     0x2000'eac8       0x4  analog.o [2]
  .bss               zero     0x2000'eacc       0x4  analog.o [2]
  .bss               zero     0x2000'ead0       0x4  analog.o [2]
  .bss               zero     0x2000'ead4       0x4  analog.o [2]
  .bss               zero     0x2000'ead8       0x4  analog.o [2]
  .bss               zero     0x2000'eadc       0x4  analog.o [2]
  .bss               zero     0x2000'eae0       0x4  analog.o [2]
  .bss               zero     0x2000'eae4       0x4  analog.o [2]
  .bss               zero     0x2000'eae8       0x4  analog.o [2]
  .bss               zero     0x2000'eaec       0x4  eeprom.o [2]
  .bss               zero     0x2000'eaf0       0x4  ethernetif.o [4]
  .bss               zero     0x2000'eaf4       0x4  heap_4.o [8]
  .bss               zero     0x2000'eaf8       0x4  heap_4.o [8]
  .bss               zero     0x2000'eafc       0x4  heap_4.o [8]
  .bss               zero     0x2000'eb00       0x4  heap_4.o [8]
  .bss               zero     0x2000'eb04       0x4  http_server.o [5]
  .bss               zero     0x2000'eb08       0x4  http_server.o [5]
  .bss               zero     0x2000'eb0c       0x4  http_server.o [5]
  .bss               zero     0x2000'eb10       0x4  http_server.o [5]
  .bss               zero     0x2000'eb14       0x4  http_server.o [5]
  .bss               zero     0x2000'eb18       0x4  http_server.o [5]
  .bss               zero     0x2000'eb1c       0x4  http_server.o [5]
  .bss               zero     0x2000'eb20       0x4  http_server.o [5]
  .bss               zero     0x2000'eb24       0x4  http_server.o [5]
  .bss               zero     0x2000'eb28       0x4  http_server.o [5]
  .bss               zero     0x2000'eb2c       0x4  http_server.o [5]
  .bss               zero     0x2000'eb30       0x4  http_server.o [5]
  .bss               zero     0x2000'eb34       0x4  ip4_frag.o [9]
  .bss               zero     0x2000'eb38       0x4  lwip.o [3]
  .bss               zero     0x2000'eb3c       0x4  lwip.o [3]
  .bss               zero     0x2000'eb40       0x4  lwip.o [3]
  .bss               zero     0x2000'eb44       0x4  lwip.o [3]
  .bss               zero     0x2000'eb48       0x4  lwip.o [3]
  .bss               zero     0x2000'eb4c       0x4  lwip.o [3]
  .bss               zero     0x2000'eb50       0x4  lwip.o [3]
  .bss               zero     0x2000'eb54       0x4  main.o [2]
  .bss               zero     0x2000'eb58       0x4  main.o [2]
  .bss               zero     0x2000'eb5c       0x4  main.o [2]
  .bss               zero     0x2000'eb60       0x4  main.o [2]
  .bss               zero     0x2000'eb64       0x4  netif.o [9]
  .bss               zero     0x2000'eb68       0x4  netif.o [9]
  .bss               zero     0x2000'eb6c       0x4  port.o [8]
  .bss               zero     0x2000'eb70       0x4  process.o [2]
  .bss               zero     0x2000'eb74       0x4  process.o [2]
  .bss               zero     0x2000'eb78       0x4  process.o [2]
  .bss               zero     0x2000'eb7c       0x4  process.o [2]
  .bss               zero     0x2000'eb80       0x4  process.o [2]
  .bss               zero     0x2000'eb84       0x4  process.o [2]
  .bss               zero     0x2000'eb88       0x4  process.o [2]
  .bss               zero     0x2000'eb8c       0x4  sockets.o [9]
  .bss               zero     0x2000'eb90       0x4  stm32f7xx_hal.o [7]
  .bss               zero     0x2000'eb94       0x4  stm32f7xx_hal_msp.o [2]
  .bss               zero     0x2000'eb98       0x4  sys_arch.o [9]
  .bss               zero     0x2000'eb9c       0x4  sys_arch.o [9]
  .bss               zero     0x2000'eba0       0x4  tasks.o [8]
  .bss               zero     0x2000'eba4       0x4  tasks.o [8]
  .bss               zero     0x2000'eba8       0x4  tasks.o [8]
  .bss               zero     0x2000'ebac       0x4  tasks.o [8]
  .bss               zero     0x2000'ebb0       0x4  tasks.o [8]
  .bss               zero     0x2000'ebb4       0x4  tasks.o [8]
  .bss               zero     0x2000'ebb8       0x4  tasks.o [8]
  .bss               zero     0x2000'ebbc       0x4  tasks.o [8]
  .bss               zero     0x2000'ebc0       0x4  tasks.o [8]
  .bss               zero     0x2000'ebc4       0x4  tasks.o [8]
  .bss               zero     0x2000'ebc8       0x4  tasks.o [8]
  .bss               zero     0x2000'ebcc       0x4  tasks.o [8]
  .bss               zero     0x2000'ebd0       0x4  tasks.o [8]
  .bss               zero     0x2000'ebd4       0x4  tasks.o [8]
  .bss               zero     0x2000'ebd8       0x4  tasks.o [8]
  .bss               zero     0x2000'ebdc       0x4  tcp.o [9]
  .bss               zero     0x2000'ebe0       0x4  tcp.o [9]
  .bss               zero     0x2000'ebe4       0x4  tcp.o [9]
  .bss               zero     0x2000'ebe8       0x4  tcp.o [9]
  .bss               zero     0x2000'ebec       0x4  tcp.o [9]
  .bss               zero     0x2000'ebf0       0x4  tcp_in.o [9]
  .bss               zero     0x2000'ebf4       0x4  tcp_in.o [9]
  .bss               zero     0x2000'ebf8       0x4  tcp_in.o [9]
  .bss               zero     0x2000'ebfc       0x4  tcp_in.o [9]
  .bss               zero     0x2000'ec00       0x4  tcp_in.o [9]
  .bss               zero     0x2000'ec04       0x4  tcp_in.o [9]
  .bss               zero     0x2000'ec08       0x4  tcpip.o [9]
  .bss               zero     0x2000'ec0c       0x4  tcpip.o [9]
  .bss               zero     0x2000'ec10       0x4  tcpip.o [9]
  .bss               zero     0x2000'ec14       0x4  tcpip.o [9]
  .bss               zero     0x2000'ec18       0x4  timeouts.o [9]
  .bss               zero     0x2000'ec1c       0x4  timeouts.o [9]
  .bss               zero     0x2000'ec20       0x4  timeouts.o [9]
  .bss               zero     0x2000'ec24       0x4  udp.o [9]
  .bss               zero     0x2000'ec28       0x4  xfail_s.o [10]
  .bss               zero     0x2000'ec2c       0x4  xgetmemchunk.o [10]
  .bss               zero     0x2000'ec30       0x2  analog.o [2]
  .bss               zero     0x2000'ec32       0x2  analog.o [2]
  .bss               zero     0x2000'ec34       0x2  analog.o [2]
  .bss               zero     0x2000'ec36       0x2  analog.o [2]
  .bss               zero     0x2000'ec38       0x2  analog.o [2]
  .bss               zero     0x2000'ec3a       0x2  analog.o [2]
  .bss               zero     0x2000'ec3c       0x2  analog.o [2]
  .bss               zero     0x2000'ec3e       0x2  http_server.o [5]
  .bss               zero     0x2000'ec40       0x2  http_server.o [5]
  .bss               zero     0x2000'ec42       0x2  http_server.o [5]
  .bss               zero     0x2000'ec44       0x2  http_server.o [5]
  .bss               zero     0x2000'ec46       0x2  http_server.o [5]
  .bss               zero     0x2000'ec48       0x2  http_server.o [5]
  .bss               zero     0x2000'ec4a       0x2  http_server.o [5]
  .bss               zero     0x2000'ec4c       0x2  ip4.o [9]
  .bss               zero     0x2000'ec4e       0x2  ip4_frag.o [9]
  .bss               zero     0x2000'ec50       0x2  process.o [2]
  .bss               zero     0x2000'ec52       0x2  process.o [2]
  .bss               zero     0x2000'ec54       0x2  tcp_in.o [9]
  .bss               zero     0x2000'ec56       0x2  tcp_in.o [9]
  .bss               zero     0x2000'ec58       0x2  tcp_in.o [9]
  .bss               zero     0x2000'ec5a       0x2  tcp_in.o [9]
  .bss               zero     0x2000'ec5c       0x2  tcp_in.o [9]
  .bss               zero     0x2000'ec5e       0x1  analog.o [2]
  .bss               zero     0x2000'ec5f       0x1  analog.o [2]
  .bss               zero     0x2000'ec60       0x1  etharp.o [9]
  .bss               zero     0x2000'ec61       0x1  http_server.o [5]
  .bss               zero     0x2000'ec62       0x1  netif.o [9]
  .bss               zero     0x2000'ec63       0x1  pbuf.o [9]
  .bss               zero     0x2000'ec64       0x1  port.o [8]
  .bss               zero     0x2000'ec65       0x1  process.o [2]
  .bss               zero     0x2000'ec66       0x1  process.o [2]
  .bss               zero     0x2000'ec67       0x1  process.o [2]
  .bss               zero     0x2000'ec68       0x1  process.o [2]
  .bss               zero     0x2000'ec69       0x1  process.o [2]
  .bss               zero     0x2000'ec6a       0x1  process.o [2]
  .bss               zero     0x2000'ec6b       0x1  process.o [2]
  .bss               zero     0x2000'ec6c       0x1  tcp.o [9]
  .bss               zero     0x2000'ec6d       0x1  tcp.o [9]
  .bss               zero     0x2000'ec6e       0x1  tcp.o [9]
[...]
setup_tcp                0x803'd751      0x3a  Code  Lc  api_msg.o [9]
sockets                 0x2000'e878      0x40  Data  Lc  sockets.o [9]
sprintf                  0x803'881d      0x40  Code  Gb  sprintf.o [10]
sqrt                     0x803'd1a5            Code  Gb  sqrt.o [11]
sqrtl                    0x803'd1a5            Code  Gb  sqrt.o [11]
sscanf                   0x803'd14d      0x28  Code  Gb  sscanf.o [10]
strchr                   0x802'd305            Code  Gb  strchr.o [12]
strcmp                   0x803'9fd9            Code  Gb  strcmp.o [12]
strcpy                   0x803'd175            Code  Gb  strcpy.o [12]
strlen                   0x802'd35d            Code  Gb  strlen.o [12]
strncpy                  0x803'8889            Code  Gb  strncpy.o [12]
strstr                   0x803'885d      0x2c  Code  Gb  strstr.o [10]
strtoll                  0x803'fd5d       0x2  Code  Gb  iar_Stollx.o [10]
strtoull                 0x803'fcb1       0x2  Code  Gb  iar_Stoullx.o [10]
suffix_object            0x803'a963       0x6  Code  Lc  cJSON.o [2]
sys_arch_mbox_fetch      0x802'abc7      0x50  Code  Gb  sys_arch.o [9]
sys_arch_mbox_tryfetch   0x802'ac17      0x24  Code  Gb  sys_arch.o [9]
sys_arch_protect         0x802'ad81      0x12  Code  Gb  sys_arch.o [9]
sys_arch_sem_wait        0x802'ac8b      0x44  Code  Gb  sys_arch.o [9]
sys_arch_unprotect       0x802'ad93       0xe  Code  Gb  sys_arch.o [9]
sys_check_timeouts       0x802'96d9      0x3e  Code  Gb  timeouts.o [9]
sys_init                 0x802'acfd       0xe  Code  Gb  sys_arch.o [9]
sys_mbox_free            0x802'ab95      0x12  Code  Gb  sys_arch.o [9]
sys_mbox_new             0x802'ab65      0x30  Code  Gb  sys_arch.o [9]
sys_mbox_set_invalid     0x802'ac4b       0x6  Code  Gb  sys_arch.o [9]
sys_mbox_trypost         0x802'aba7      0x20  Code  Gb  sys_arch.o [9]
sys_mbox_valid           0x802'ac3b      0x10  Code  Gb  sys_arch.o [9]
sys_mutex_lock           0x802'ad31      0x10  Code  Gb  sys_arch.o [9]
sys_mutex_new            0x802'ad0b      0x26  Code  Gb  sys_arch.o [9]
sys_mutex_unlock         0x802'ad41       0xc  Code  Gb  sys_arch.o [9]
sys_now                  0x802'bca1       0x8  Code  Gb  ethernetif.o [4]
sys_sem_free             0x802'acdb       0xc  Code  Gb  sys_arch.o [9]
sys_sem_new              0x802'ac51      0x3a  Code  Gb  sys_arch.o [9]
sys_sem_set_invalid      0x802'acf7       0x6  Code  Gb  sys_arch.o [9]
sys_sem_signal           0x802'accf       0xc  Code  Gb  sys_arch.o [9]
sys_sem_valid            0x802'ace7      0x10  Code  Gb  sys_arch.o [9]
sys_thread_new           0x802'ad4d      0x34  Code  Gb  sys_arch.o [9]
sys_timeout              0x802'96a9      0x30  Code  Gb  timeouts.o [9]
sys_timeout_abs          0x802'95d3      0x7e  Code  Lc  timeouts.o [9]
sys_timeouts_init        0x802'968b      0x1e  Code  Gb  timeouts.o [9]
sys_timeouts_sleeptime   0x802'9717      0x44  Code  Gb  timeouts.o [9]
tcp_abandon              0x802'6a65     0x10a  Code  Gb  tcp.o [9]
tcp_abort                0x802'6b6f       0xe  Code  Gb  tcp.o [9]
tcp_accept               0x802'78a1      0x10  Code  Gb  tcp.o [9]
tcp_accept_null          0x802'6c6b      0x2c  Code  Lc  tcp.o [9]
tcp_active_pcbs         0x2000'ebe8       0x4  Data  Gb  tcp.o [9]
tcp_active_pcbs_changed
                        0x2000'ec6c       0x1  Data  Gb  tcp.o [9]
tcp_alloc                0x802'7745      0xd6  Code  Gb  tcp.o [9]
tcp_arg                  0x802'7827       0x8  Code  Gb  tcp.o [9]
tcp_backoff              0x804'52d0      0x10  Data  Lc  tcp.o [9]
tcp_bind                 0x802'6b7d      0xda  Code  Gb  tcp.o [9]
tcp_bind_netif           0x802'6c57      0x14  Code  Gb  tcp.o [9]
tcp_bound_pcbs          0x2000'ebe0       0x4  Data  Gb  tcp.o [9]
tcp_close                0x802'69cf      0x26  Code  Gb  tcp.o [9]
tcp_close_shutdown       0x802'67e3     0x14c  Code  Lc  tcp.o [9]
tcp_close_shutdown_fin   0x802'692f      0xa0  Code  Lc  tcp.o [9]
tcp_create_segment       0x802'7c5b     0x116  Code  Lc  tcp_out.o [9]
tcp_eff_send_mss_netif   0x802'7a3d      0x56  Code  Gb  tcp.o [9]
tcp_enqueue_flags        0x802'8801     0x194  Code  Gb  tcp_out.o [9]
tcp_err                  0x802'787d      0x24  Code  Gb  tcp.o [9]
tcp_fasttmr              0x802'7415      0x7e  Code  Gb  tcp.o [9]
tcp_free                 0x802'66f7      0x26  Code  Gb  tcp.o [9]
tcp_free_acked_segments
                         0x802'4fb5      0xb6  Code  Lc  tcp_in.o [9]
tcp_free_listen          0x802'671d      0x26  Code  Lc  tcp.o [9]
tcp_free_ooseq           0x802'7ba5      0x16  Code  Gb  tcp.o [9]
tcp_get_next_optbyte     0x802'5af3      0x3a  Code  Lc  tcp_in.o [9]
tcp_handle_closepend     0x802'7711      0x2a  Code  Lc  tcp.o [9]
tcp_init                 0x802'66e1      0x16  Code  Gb  tcp.o [9]
tcp_input                0x802'4055     0x658  Code  Gb  tcp_in.o [9]
tcp_input_delayed_close
                         0x802'46ad      0x54  Code  Lc  tcp_in.o [9]
tcp_input_pcb           0x2000'ec04       0x4  Data  Gb  tcp_in.o [9]
tcp_keepalive            0x802'93ad      0x58  Code  Gb  tcp_out.o [9]
tcp_kill_prio            0x802'75f9      0x70  Code  Lc  tcp.o [9]
tcp_kill_state           0x802'7669      0x68  Code  Lc  tcp.o [9]
tcp_kill_timewait        0x802'76d5      0x36  Code  Lc  tcp.o [9]
tcp_listen_closed        0x802'6791      0x52  Code  Lc  tcp.o [9]
tcp_listen_input         0x802'4701     0x150  Code  Lc  tcp_in.o [9]
tcp_listen_pcbs         0x2000'ebe4       0x4  Data  Gb  tcp.o [9]
tcp_listen_with_backlog_and_err
                         0x802'6c97      0xec  Code  Gb  tcp.o [9]
tcp_netif_ip_addr_changed
                         0x802'7ad9      0x4a  Code  Gb  tcp.o [9]
tcp_netif_ip_addr_changed_pcblist
                         0x802'7aa1      0x38  Code  Lc  tcp.o [9]
tcp_new_ip_type          0x802'781b       0xc  Code  Gb  tcp.o [9]
tcp_new_port             0x802'6e63      0x62  Code  Lc  tcp.o [9]
tcp_next_iss             0x802'7a0d      0x26  Code  Gb  tcp.o [9]
tcp_next_iss::iss       0x2000'00cc       0x4  Data  Lc  tcp.o [9]
tcp_oos_insert_segment   0x802'4f09      0xa2  Code  Lc  tcp_in.o [9]
tcp_optidx              0x2000'ec58       0x2  Data  Lc  tcp_in.o [9]
tcp_output               0x802'89ad     0x2d0  Code  Gb  tcp_out.o [9]
tcp_output_alloc_header
                         0x802'9105      0x50  Code  Lc  tcp_out.o [9]
tcp_output_alloc_header_common
                         0x802'904d      0xb2  Code  Lc  tcp_out.o [9]
tcp_output_control_segment
                         0x802'91dd      0x76  Code  Lc  tcp_out.o [9]
tcp_output_fill_options
                         0x802'9161      0x7c  Code  Lc  tcp_out.o [9]
tcp_output_segment       0x802'8cb5     0x16a  Code  Lc  tcp_out.o [9]
tcp_output_segment_busy
                         0x802'8c81      0x2c  Code  Lc  tcp_out.o [9]
tcp_parseopt             0x802'5b35      0xba  Code  Lc  tcp_in.o [9]
tcp_pbuf_prealloc        0x802'7d71      0xd8  Code  Lc  tcp_out.o [9]
tcp_pcb_lists            0x804'52e0      0x10  Data  Gb  tcp.o [9]
tcp_pcb_purge            0x802'78e1      0x58  Code  Gb  tcp.o [9]
tcp_pcb_remove           0x802'7939      0xc4  Code  Gb  tcp.o [9]
tcp_persist_backoff      0x804'5994       0x8  Data  Lc  tcp.o [9]
tcp_poll                 0x802'78b1      0x28  Code  Gb  tcp.o [9]
tcp_port                0x2000'01a8       0x2  Data  Lc  tcp.o [9]
tcp_process              0x802'4935     0x5c6  Code  Lc  tcp_in.o [9]
tcp_process_refused_data
                         0x802'7499      0xa0  Code  Gb  tcp.o [9]
tcp_receive              0x802'50b5     0xa3e  Code  Lc  tcp_in.o [9]
tcp_recv                 0x802'782f      0x28  Code  Gb  tcp.o [9]
tcp_recv_null            0x802'75bd      0x3c  Code  Gb  tcp.o [9]
tcp_recved               0x802'6dff      0x64  Code  Gb  tcp.o [9]
tcp_remove_listener      0x802'675f      0x32  Code  Lc  tcp.o [9]
tcp_rexmit               0x802'8f29      0x92  Code  Gb  tcp_out.o [9]
tcp_rexmit_fast          0x802'8fc5      0x84  Code  Gb  tcp_out.o [9]
tcp_rexmit_rto           0x802'8ef5      0x2e  Code  Gb  tcp_out.o [9]
tcp_rexmit_rto_commit    0x802'8ebf      0x36  Code  Gb  tcp_out.o [9]
tcp_rexmit_rto_prepare   0x802'8e29      0x96  Code  Gb  tcp_out.o [9]
tcp_route                0x802'7c39      0x22  Code  Lc  tcp_out.o [9]
tcp_rst                  0x802'9253      0x8c  Code  Gb  tcp_out.o [9]
tcp_seg_copy             0x802'756d      0x4a  Code  Gb  tcp.o [9]
tcp_seg_free             0x802'754f      0x1e  Code  Gb  tcp.o [9]
tcp_segs_free            0x802'7539      0x16  Code  Gb  tcp.o [9]
tcp_send_empty_ack       0x802'92ed      0xb6  Code  Gb  tcp_out.o [9]
tcp_send_fin             0x802'8787      0x5e  Code  Gb  tcp_out.o [9]
tcp_sent                 0x802'7857      0x26  Code  Gb  tcp.o [9]
tcp_shutdown             0x802'69f5      0x70  Code  Gb  tcp.o [9]
tcp_slowtmr              0x802'6f09     0x4fe  Code  Gb  tcp.o [9]
tcp_split_unsent_seg     0x802'8577     0x210  Code  Gb  tcp_out.o [9]
tcp_ticks               0x2000'ebdc       0x4  Data  Gb  tcp.o [9]
tcp_timer               0x2000'ec6d       0x1  Data  Lc  tcp.o [9]
tcp_timer_ctr           0x2000'ec6e       0x1  Data  Lc  tcp.o [9]
tcp_timer_needed         0x802'95a9      0x2a  Code  Gb  timeouts.o [9]
tcp_timewait_input       0x802'4851      0x9a  Code  Lc  tcp_in.o [9]
tcp_tmr                  0x802'6743      0x1c  Code  Gb  tcp.o [9]
tcp_trigger_input_pcb_close
                         0x802'5bf5       0xc  Code  Gb  tcp_in.o [9]
tcp_tw_pcbs             0x2000'ebec       0x4  Data  Gb  tcp.o [9]
tcp_update_rcv_ann_wnd   0x802'6d83      0x7c  Code  Gb  tcp.o [9]
tcp_write                0x802'7f0f     0x668  Code  Gb  tcp_out.o [9]
tcp_write_checks         0x802'7e49      0xc6  Code  Lc  tcp_out.o [9]
tcp_zero_window_probe    0x802'9415      0xfc  Code  Gb  tcp_out.o [9]
tcphdr                  0x2000'ebf0       0x4  Data  Lc  tcp_in.o [9]
tcphdr_opt1len          0x2000'ec56       0x2  Data  Lc  tcp_in.o [9]
tcphdr_opt2             0x2000'ebf4       0x4  Data  Lc  tcp_in.o [9]
tcphdr_optlen           0x2000'ec54       0x2  Data  Lc  tcp_in.o [9]
tcpip_init               0x802'afab      0x58  Code  Gb  tcpip.o [9]
tcpip_init_done         0x2000'ec08       0x4  Data  Lc  tcpip.o [9]
tcpip_init_done_arg     0x2000'ec0c       0x4  Data  Lc  tcpip.o [9]
tcpip_inpkt              0x802'aead      0x60  Code  Gb  tcpip.o [9]
tcpip_input              0x802'af0d      0x28  Code  Gb  tcpip.o [9]
tcpip_mbox              0x2000'ec10       0x4  Data  Lc  tcpip.o [9]
tcpip_send_msg_wait_sem
                         0x802'af8d      0x1e  Code  Gb  tcpip.o [9]
tcpip_tcp_timer          0x802'957d      0x2c  Code  Lc  timeouts.o [9]
tcpip_tcp_timer_active  0x2000'ec20       0x4  Data  Lc  timeouts.o [9]
tcpip_thread             0x802'ae1b      0x3e  Code  Lc  tcpip.o [9]
tcpip_thread_handle_msg
                         0x802'ae59      0x54  Code  Lc  tcpip.o [9]
tcpip_timeouts_mbox_fetch
                         0x802'adb5      0x66  Code  Lc  tcpip.o [9]
tcpip_try_callback       0x802'af35      0x58  Code  Gb  tcpip.o [9]
tcplen                  0x2000'ec5c       0x2  Data  Lc  tcp_in.o [9]
timerLed1               0x2000'eb74       0x4  Data  Gb  process.o [2]
timerLed2               0x2000'eb78       0x4  Data  Gb  process.o [2]
tolower                  0x803'26b5      0x14  Code  Gb  tolower.o [10]
transient_time          0x2000'eae4       0x4  Data  Lc  analog.o [2]
tryget_socket            0x803'892f      0x1e  Code  Lc  sockets.o [9]
tryget_socket_unconn     0x803'8913       0xe  Code  Lc  sockets.o [9]
tryget_socket_unconn_locked
                         0x803'8921       0xe  Code  Lc  sockets.o [9]
tryget_socket_unconn_nouse
                         0x803'88f9      0x1a  Code  Lc  sockets.o [9]
ucHeap                  0x2000'01b0    0xa000  Data  Lc  heap_4.o [8]
ucMaxSysCallPriority    0x2000'ec64       0x1  Data  Lc  port.o [8]
udp_bind                 0x802'cd67      0xc6  Code  Gb  udp.o [9]
udp_bind_netif           0x802'ce2d      0x14  Code  Gb  udp.o [9]
udp_init                 0x802'c851      0x16  Code  Gb  udp.o [9]
udp_input                0x802'c957     0x1dc  Code  Gb  udp.o [9]
udp_input_local_match    0x802'c8b5      0xa2  Code  Lc  udp.o [9]
udp_netif_ip_addr_changed
                         0x802'cebb      0x34  Code  Gb  udp.o [9]
udp_new                  0x802'ce8b      0x26  Code  Gb  udp.o [9]
udp_new_ip_type          0x802'ceb1       0xa  Code  Gb  udp.o [9]
udp_new_port             0x802'c867      0x4e  Code  Lc  udp.o [9]
udp_pcbs                0x2000'ec24       0x4  Data  Gb  udp.o [9]
udp_port                0x2000'01aa       0x2  Data  Lc  udp.o [9]
udp_recv                 0x802'ce41       0xa  Code  Gb  udp.o [9]
udp_remove               0x802'ce4b      0x40  Code  Gb  udp.o [9]
udp_send                 0x802'cb33      0x28  Code  Gb  udp.o [9]
udp_sendto               0x802'cb5b      0x60  Code  Gb  udp.o [9]
udp_sendto_if            0x802'cbbb      0x78  Code  Gb  udp.o [9]
udp_sendto_if_src        0x802'cc33     0x134  Code  Gb  udp.o [9]
ulMaxPRIGROUPValue      0x2000'eb6c       0x4  Data  Lc  port.o [8]
update_offset            0x803'a1e9      0x28  Code  Lc  cJSON.o [2]
uwTick                  0x2000'eb90       0x4  Data  Gb  stm32f7xx_hal.o [7]
uwTickFreq              0x2000'01ad       0x1  Data  Gb  stm32f7xx_hal.o [7]
uwTickPrio              0x2000'00c4       0x4  Data  Gb  stm32f7xx_hal.o [7]
uxCriticalNesting       0x2000'001c       0x4  Data  Lc  port.o [8]
uxCurrentNumberOfTasks  0x2000'ebb0       0x4  Data  Lc  tasks.o [8]
uxDeletedTasksWaitingCleanUp
                        0x2000'ebac       0x4  Data  Lc  tasks.o [8]
uxListRemove             0x803'35cb      0x28  Code  Gb  list.o [8]
uxPendedTicks           0x2000'ebc0       0x4  Data  Lc  tasks.o [8]
uxQueueMessagesWaiting   0x803'1d7d      0x2a  Code  Gb  queue.o [8]
uxQueueMessagesWaitingFromISR
                         0x803'1da7      0x20  Code  Gb  queue.o [8]
uxSchedulerSuspended    0x2000'ebd8       0x4  Data  Lc  tasks.o [8]
uxTaskNumber            0x2000'ebcc       0x4  Data  Lc  tasks.o [8]
uxTopReadyPriority      0x2000'ebb8       0x4  Data  Lc  tasks.o [8]
vApplicationGetIdleTaskMemory
                         0x803'35f5      0x18  Code  Gb  freertos.o [2]
vListInitialise          0x803'3559      0x1e  Code  Gb  list.o [8]
vListInitialiseItem      0x803'3577       0x6  Code  Gb  list.o [8]
vListInsert              0x803'3595      0x36  Code  Gb  list.o [8]
vListInsertEnd           0x803'357d      0x18  Code  Gb  list.o [8]
vPortEnableVFP           0x803'36d9            Code  Gb  portasm.o [8]
vPortEnterCritical       0x803'233b      0x3c  Code  Gb  port.o [8]
vPortExitCritical        0x803'2377      0x30  Code  Gb  port.o [8]
vPortFree                0x803'20e5      0x7c  Code  Gb  heap_4.o [8]
vPortSetupTimerInterrupt
                         0x803'360d      0x34  Code  Wk  port.o [8]
vPortStartFirstTask      0x803'36b9            Code  Gb  portasm.o [8]
vPortValidateInterruptPriority
                         0x803'23d5      0x56  Code  Gb  port.o [8]
vQueueDelete             0x803'1dc7      0x34  Code  Gb  queue.o [8]
vQueueUnregisterQueue    0x803'1f8b      0x28  Code  Gb  queue.o [8]
vTaskDelay               0x803'09e5      0x52  Code  Gb  tasks.o [8]
vTaskInternalSetTimeOutState
                         0x803'0e1d      0x12  Code  Gb  tasks.o [8]
vTaskMissedYield         0x803'0edb       0xa  Code  Gb  tasks.o [8]
vTaskPlaceOnEventList    0x803'0d61      0x38  Code  Gb  tasks.o [8]
vTaskPriorityDisinheritAfterTimeout
                         0x803'11b5      0xf6  Code  Gb  tasks.o [8]
vTaskStartScheduler      0x803'0a37      0x98  Code  Gb  tasks.o [8]
vTaskSuspendAll          0x803'0acf       0xc  Code  Gb  tasks.o [8]
vTaskSwitchContext       0x803'0cef      0x72  Code  Gb  tasks.o [8]
wctob                    0x803'f6f5      0x34  Code  Gb  wctob.o [10]
xBlockAllocatedBit      0x2000'eb00       0x4  Data  Lc  heap_4.o [8]
xDelayedTaskList1       0x2000'e9ec      0x14  Data  Lc  tasks.o [8]
xDelayedTaskList2       0x2000'ea00      0x14  Data  Lc  tasks.o [8]
xFreeBytesRemaining     0x2000'eaf8       0x4  Data  Lc  heap_4.o [8]
xHeapStructSize          0x804'59ac       0x4  Data  Lc  heap_4.o [8]
xIdleStack              0x2000'de64     0x200  Data  Lc  freertos.o [2]
xIdleTaskHandle         0x2000'ebd4       0x4  Data  Lc  tasks.o [8]
xIdleTaskTCBBuffer      0x2000'e5d8      0x54  Data  Lc  freertos.o [2]
xMinimumEverFreeBytesRemaining
                        0x2000'eafc       0x4  Data  Lc  heap_4.o [8]
xNextTaskUnblockTime    0x2000'ebd0       0x4  Data  Lc  tasks.o [8]
xNumOfOverflows         0x2000'ebc8       0x4  Data  Lc  tasks.o [8]
xPendingReadyList       0x2000'ea14      0x14  Data  Lc  tasks.o [8]
xPortStartScheduler      0x803'229b      0xa0  Code  Gb  port.o [8]
xPortSysTickHandler      0x803'23a7      0x2c  Code  Gb  port.o [8]
xQueueCreateMutex        0x803'15cb      0x20  Code  Gb  queue.o [8]
xQueueCreateMutexStatic
                         0x803'15eb      0x2e  Code  Gb  queue.o [8]
xQueueGenericCreate      0x803'1517      0x60  Code  Gb  queue.o [8]
xQueueGenericCreateStatic
                         0x803'1441      0xd6  Code  Gb  queue.o [8]
xQueueGenericReset       0x803'13a9      0x98  Code  Gb  queue.o [8]
xQueueGenericSend        0x803'1619     0x1b6  Code  Gb  queue.o [8]
xQueueGenericSendFromISR
                         0x803'17cf      0xf0  Code  Gb  queue.o [8]
xQueueGiveFromISR        0x803'18bf      0xd4  Code  Gb  queue.o [8]
xQueueReceive            0x803'1993     0x176  Code  Gb  queue.o [8]
xQueueReceiveFromISR     0x803'1cc1      0xbc  Code  Gb  queue.o [8]
xQueueRegistry          0x2000'e838      0x40  Data  Gb  queue.o [8]
xQueueSemaphoreTake      0x803'1b09     0x1b2  Code  Gb  queue.o [8]
xSchedulerRunning       0x2000'ebbc       0x4  Data  Lc  tasks.o [8]
xStart                  0x2000'ea80       0x8  Data  Lc  heap_4.o [8]
xSuspendedTaskList      0x2000'ea3c      0x14  Data  Lc  tasks.o [8]
xTaskCheckForTimeOut     0x803'0e45      0x96  Code  Gb  tasks.o [8]
xTaskCreate              0x803'0803      0x72  Code  Gb  tasks.o [8]
xTaskCreateStatic        0x803'075d      0xa6  Code  Gb  tasks.o [8]
xTaskGetSchedulerState   0x803'1011      0x20  Code  Gb  tasks.o [8]
xTaskGetTickCount        0x803'0bc7       0x8  Code  Gb  tasks.o [8]
xTaskGetTickCountFromISR
                         0x803'0bcf      0x10  Code  Gb  tasks.o [8]
xTaskIncrementTick       0x803'0bdf     0x110  Code  Gb  tasks.o [8]
xTaskPriorityDisinherit
                         0x803'10f5      0xba  Code  Gb  tasks.o [8]
xTaskPriorityInherit     0x803'1035      0xba  Code  Gb  tasks.o [8]
xTaskRemoveFromEventList
                         0x803'0d99      0x80  Code  Gb  tasks.o [8]
xTaskResumeAll           0x803'0adb      0xec  Code  Gb  tasks.o [8]
xTasksWaitingTermination
                        0x2000'ea28      0x14  Data  Lc  tasks.o [8]
xTickCount              0x2000'ebb4       0x4  Data  Lc  tasks.o [8]
xYieldPending           0x2000'ebc4       0x4  Data  Lc  tasks.o [8]


[1] = D:\sys_soft_socket2\EWARM\config\Obj\Application\EWARM
[2] = D:\sys_soft_socket2\EWARM\config\Obj\Application\User\Core
[3] = D:\sys_soft_socket2\EWARM\config\Obj\Application\User\LWIP\App
[4] = D:\sys_soft_socket2\EWARM\config\Obj\Application\User\LWIP\Target
[5] = D:\sys_soft_socket2\EWARM\config\Obj\Application\WEB
[6] = D:\sys_soft_socket2\EWARM\config\Obj\Drivers\CMSIS
[7] = D:\sys_soft_socket2\EWARM\config\Obj\Drivers\STM32F7xx_HAL_Driver
[8] = D:\sys_soft_socket2\EWARM\config\Obj\Middlewares\FreeRTOS
[9] = D:\sys_soft_socket2\EWARM\config\Obj\Middlewares\LwIP
[10] = dl7M_tlf.a
[11] = m7M_tls.a
[12] = rt7M_tl.a
[13] = shb_l.a

  116'500 bytes of readonly  code memory
  169'291 bytes of readonly  data memory
  114'319 bytes of readwrite data memory

Errors: none
Warnings: none
