###############################################################################
#
# IAR ELF Linker V9.30.1.335/W64 for ARM                  18/Apr/2024  14:09:08
# Copyright 2007-2022 IAR Systems AB.
#
#    Output file  =  D:\sys_soft_socket2\EWARM\config\Exe\config.out
#    Map file     =  D:\sys_soft_socket2\EWARM\config\List\config.map
#    Command line =
#        -f D:\sys_soft_socket2\EWARM\config\Exe\config.out.rsp
#        (D:\sys_soft_socket2\EWARM\config\Obj\Middlewares\LwIP\altcp.o
#        D:\sys_soft_socket2\EWARM\config\Obj\Middlewares\LwIP\altcp_alloc.o
#        D:\sys_soft_socket2\EWARM\config\Obj\Middlewares\LwIP\altcp_tcp.o
#        D:\sys_soft_socket2\EWARM\config\Obj\Application\User\Core\analog.o
#        D:\sys_soft_socket2\EWARM\config\Obj\Middlewares\LwIP\api_lib.o
#        D:\sys_soft_socket2\EWARM\config\Obj\Middlewares\LwIP\api_msg.o
#        D:\sys_soft_socket2\EWARM\config\Obj\Middlewares\LwIP\auth.o
#        D:\sys_soft_socket2\EWARM\config\Obj\Middlewares\LwIP\autoip.o
#        D:\sys_soft_socket2\EWARM\config\Obj\Middlewares\LwIP\bridgeif.o
#        D:\sys_soft_socket2\EWARM\config\Obj\Middlewares\LwIP\bridgeif_fdb.o
#        D:\sys_soft_socket2\EWARM\config\Obj\Middlewares\LwIP\ccp.o
#        D:\sys_soft_socket2\EWARM\config\Obj\Middlewares\LwIP\chap-md5.o
#        D:\sys_soft_socket2\EWARM\config\Obj\Middlewares\LwIP\chap-new.o
#        D:\sys_soft_socket2\EWARM\config\Obj\Middlewares\LwIP\chap_ms.o
#        D:\sys_soft_socket2\EWARM\config\Obj\Application\User\Core\cJSON.o
#        D:\sys_soft_socket2\EWARM\config\Obj\Middlewares\FreeRTOS\cmsis_os.o
#        D:\sys_soft_socket2\EWARM\config\Obj\Middlewares\FreeRTOS\croutine.o
#        D:\sys_soft_socket2\EWARM\config\Obj\Middlewares\LwIP\def.o
#        D:\sys_soft_socket2\EWARM\config\Obj\Middlewares\LwIP\demand.o
#        D:\sys_soft_socket2\EWARM\config\Obj\Middlewares\LwIP\dhcp.o
#        D:\sys_soft_socket2\EWARM\config\Obj\Middlewares\LwIP\dhcp6.o
#        D:\sys_soft_socket2\EWARM\config\Obj\Middlewares\LwIP\dns.o
#        D:\sys_soft_socket2\EWARM\config\Obj\Middlewares\LwIP\eap.o
#        D:\sys_soft_socket2\EWARM\config\Obj\Middlewares\LwIP\ecp.o
#        D:\sys_soft_socket2\EWARM\config\Obj\Application\User\Core\eeprom.o
#        D:\sys_soft_socket2\EWARM\config\Obj\Middlewares\LwIP\err.o
#        D:\sys_soft_socket2\EWARM\config\Obj\Middlewares\LwIP\etharp.o
#        D:\sys_soft_socket2\EWARM\config\Obj\Middlewares\LwIP\ethernet.o
#        D:\sys_soft_socket2\EWARM\config\Obj\Application\User\LWIP\Target\ethernetif.o
#        D:\sys_soft_socket2\EWARM\config\Obj\Middlewares\LwIP\ethip6.o
#        D:\sys_soft_socket2\EWARM\config\Obj\Middlewares\LwIP\eui64.o
#        D:\sys_soft_socket2\EWARM\config\Obj\Middlewares\FreeRTOS\event_groups.o
#        D:\sys_soft_socket2\EWARM\config\Obj\Application\User\Core\freertos.o
#        D:\sys_soft_socket2\EWARM\config\Obj\Application\WEB\fs.o
#        D:\sys_soft_socket2\EWARM\config\Obj\Middlewares\LwIP\fsm.o
#        D:\sys_soft_socket2\EWARM\config\Obj\Middlewares\FreeRTOS\heap_4.o
#        D:\sys_soft_socket2\EWARM\config\Obj\Application\WEB\http_server.o
#        D:\sys_soft_socket2\EWARM\config\Obj\Middlewares\LwIP\icmp.o
#        D:\sys_soft_socket2\EWARM\config\Obj\Middlewares\LwIP\icmp6.o
#        D:\sys_soft_socket2\EWARM\config\Obj\Middlewares\LwIP\if_api.o
#        D:\sys_soft_socket2\EWARM\config\Obj\Middlewares\LwIP\igmp.o
#        D:\sys_soft_socket2\EWARM\config\Obj\Middlewares\LwIP\inet6.o
#        D:\sys_soft_socket2\EWARM\config\Obj\Middlewares\LwIP\inet_chksum.o
#        D:\sys_soft_socket2\EWARM\config\Obj\Middlewares\LwIP\init.o
#        D:\sys_soft_socket2\EWARM\config\Obj\Middlewares\LwIP\ip.o
#        D:\sys_soft_socket2\EWARM\config\Obj\Middlewares\LwIP\ip4.o
#        D:\sys_soft_socket2\EWARM\config\Obj\Middlewares\LwIP\ip4_addr.o
#        D:\sys_soft_socket2\EWARM\config\Obj\Middlewares\LwIP\ip4_frag.o
#        D:\sys_soft_socket2\EWARM\config\Obj\Middlewares\LwIP\ip6.o
#        D:\sys_soft_socket2\EWARM\config\Obj\Middlewares\LwIP\ip6_addr.o
#        D:\sys_soft_socket2\EWARM\config\Obj\Middlewares\LwIP\ip6_frag.o
#        D:\sys_soft_socket2\EWARM\config\Obj\Middlewares\LwIP\ipcp.o
#        D:\sys_soft_socket2\EWARM\config\Obj\Middlewares\LwIP\ipv6cp.o
#        D:\sys_soft_socket2\EWARM\config\Obj\Middlewares\LwIP\lcp.o
#        D:\sys_soft_socket2\EWARM\config\Obj\Middlewares\FreeRTOS\list.o
#        D:\sys_soft_socket2\EWARM\config\Obj\Middlewares\LwIP\lowpan6.o
#        D:\sys_soft_socket2\EWARM\config\Obj\Middlewares\LwIP\lowpan6_ble.o
#        D:\sys_soft_socket2\EWARM\config\Obj\Middlewares\LwIP\lowpan6_common.o
#        D:\sys_soft_socket2\EWARM\config\Obj\Application\User\LWIP\App\lwip.o
#        D:\sys_soft_socket2\EWARM\config\Obj\Middlewares\LwIP\magic.o
#        D:\sys_soft_socket2\EWARM\config\Obj\Application\User\Core\main.o
#        D:\sys_soft_socket2\EWARM\config\Obj\Middlewares\LwIP\mem.o
#        D:\sys_soft_socket2\EWARM\config\Obj\Middlewares\LwIP\memp.o
#        D:\sys_soft_socket2\EWARM\config\Obj\Middlewares\LwIP\mld6.o
#        D:\sys_soft_socket2\EWARM\config\Obj\Middlewares\LwIP\mppe.o
#        D:\sys_soft_socket2\EWARM\config\Obj\Middlewares\LwIP\mqtt.o
#        D:\sys_soft_socket2\EWARM\config\Obj\Middlewares\LwIP\multilink.o
#        D:\sys_soft_socket2\EWARM\config\Obj\Middlewares\LwIP\nd6.o
#        D:\sys_soft_socket2\EWARM\config\Obj\Middlewares\LwIP\netbuf.o
#        D:\sys_soft_socket2\EWARM\config\Obj\Middlewares\LwIP\netdb.o
#        D:\sys_soft_socket2\EWARM\config\Obj\Middlewares\LwIP\netif.o
#        D:\sys_soft_socket2\EWARM\config\Obj\Middlewares\LwIP\netifapi.o
#        D:\sys_soft_socket2\EWARM\config\Obj\Middlewares\LwIP\pbuf.o
#        D:\sys_soft_socket2\EWARM\config\Obj\Middlewares\FreeRTOS\port.o
#        D:\sys_soft_socket2\EWARM\config\Obj\Middlewares\FreeRTOS\portasm.o
#        D:\sys_soft_socket2\EWARM\config\Obj\Middlewares\LwIP\ppp.o
#        D:\sys_soft_socket2\EWARM\config\Obj\Middlewares\LwIP\pppapi.o
#        D:\sys_soft_socket2\EWARM\config\Obj\Middlewares\LwIP\pppcrypt.o
#        D:\sys_soft_socket2\EWARM\config\Obj\Middlewares\LwIP\pppoe.o
#        D:\sys_soft_socket2\EWARM\config\Obj\Middlewares\LwIP\pppol2tp.o
#        D:\sys_soft_socket2\EWARM\config\Obj\Middlewares\LwIP\pppos.o
#        D:\sys_soft_socket2\EWARM\config\Obj\Application\User\Core\process.o
#        D:\sys_soft_socket2\EWARM\config\Obj\Middlewares\FreeRTOS\queue.o
#        D:\sys_soft_socket2\EWARM\config\Obj\Middlewares\LwIP\raw.o
#        D:\sys_soft_socket2\EWARM\config\Obj\Middlewares\LwIP\slipif.o
#        D:\sys_soft_socket2\EWARM\config\Obj\Middlewares\LwIP\sockets.o
#        D:\sys_soft_socket2\EWARM\config\Obj\Application\EWARM\startup_stm32f745xx.o
#        D:\sys_soft_socket2\EWARM\config\Obj\Middlewares\LwIP\stats.o
#        D:\sys_soft_socket2\EWARM\config\Obj\Drivers\STM32F7xx_HAL_Driver\stm32f7xx_hal.o
#        D:\sys_soft_socket2\EWARM\config\Obj\Drivers\STM32F7xx_HAL_Driver\stm32f7xx_hal_adc.o
#        D:\sys_soft_socket2\EWARM\config\Obj\Drivers\STM32F7xx_HAL_Driver\stm32f7xx_hal_adc_ex.o
#        D:\sys_soft_socket2\EWARM\config\Obj\Drivers\STM32F7xx_HAL_Driver\stm32f7xx_hal_cortex.o
#        D:\sys_soft_socket2\EWARM\config\Obj\Drivers\STM32F7xx_HAL_Driver\stm32f7xx_hal_dac.o
#        D:\sys_soft_socket2\EWARM\config\Obj\Drivers\STM32F7xx_HAL_Driver\stm32f7xx_hal_dac_ex.o
#        D:\sys_soft_socket2\EWARM\config\Obj\Drivers\STM32F7xx_HAL_Driver\stm32f7xx_hal_dma.o
#        D:\sys_soft_socket2\EWARM\config\Obj\Drivers\STM32F7xx_HAL_Driver\stm32f7xx_hal_dma_ex.o
#        D:\sys_soft_socket2\EWARM\config\Obj\Drivers\STM32F7xx_HAL_Driver\stm32f7xx_hal_eth.o
#        D:\sys_soft_socket2\EWARM\config\Obj\Drivers\STM32F7xx_HAL_Driver\stm32f7xx_hal_exti.o
#        D:\sys_soft_socket2\EWARM\config\Obj\Drivers\STM32F7xx_HAL_Driver\stm32f7xx_hal_flash.o
#        D:\sys_soft_socket2\EWARM\config\Obj\Drivers\STM32F7xx_HAL_Driver\stm32f7xx_hal_flash_ex.o
#        D:\sys_soft_socket2\EWARM\config\Obj\Drivers\STM32F7xx_HAL_Driver\stm32f7xx_hal_gpio.o
#        D:\sys_soft_socket2\EWARM\config\Obj\Drivers\STM32F7xx_HAL_Driver\stm32f7xx_hal_i2c.o
#        D:\sys_soft_socket2\EWARM\config\Obj\Drivers\STM32F7xx_HAL_Driver\stm32f7xx_hal_i2c_ex.o
#        D:\sys_soft_socket2\EWARM\config\Obj\Application\User\Core\stm32f7xx_hal_msp.o
#        D:\sys_soft_socket2\EWARM\config\Obj\Drivers\STM32F7xx_HAL_Driver\stm32f7xx_hal_pwr.o
#        D:\sys_soft_socket2\EWARM\config\Obj\Drivers\STM32F7xx_HAL_Driver\stm32f7xx_hal_pwr_ex.o
#        D:\sys_soft_socket2\EWARM\config\Obj\Drivers\STM32F7xx_HAL_Driver\stm32f7xx_hal_rcc.o
#        D:\sys_soft_socket2\EWARM\config\Obj\Drivers\STM32F7xx_HAL_Driver\stm32f7xx_hal_rcc_ex.o
#        D:\sys_soft_socket2\EWARM\config\Obj\Drivers\STM32F7xx_HAL_Driver\stm32f7xx_hal_sdram.o
#        D:\sys_soft_socket2\EWARM\config\Obj\Drivers\STM32F7xx_HAL_Driver\stm32f7xx_hal_spi.o
#        D:\sys_soft_socket2\EWARM\config\Obj\Drivers\STM32F7xx_HAL_Driver\stm32f7xx_hal_spi_ex.o
#        D:\sys_soft_socket2\EWARM\config\Obj\Drivers\STM32F7xx_HAL_Driver\stm32f7xx_hal_tim.o
#        D:\sys_soft_socket2\EWARM\config\Obj\Drivers\STM32F7xx_HAL_Driver\stm32f7xx_hal_tim_ex.o
#        D:\sys_soft_socket2\EWARM\config\Obj\Application\User\Core\stm32f7xx_it.o
#        D:\sys_soft_socket2\EWARM\config\Obj\Drivers\STM32F7xx_HAL_Driver\stm32f7xx_ll_fmc.o
#        D:\sys_soft_socket2\EWARM\config\Obj\Middlewares\FreeRTOS\stream_buffer.o
#        D:\sys_soft_socket2\EWARM\config\Obj\Middlewares\LwIP\sys.o
#        D:\sys_soft_socket2\EWARM\config\Obj\Middlewares\LwIP\sys_arch.o
#        D:\sys_soft_socket2\EWARM\config\Obj\Drivers\CMSIS\system_stm32f7xx.o
#        D:\sys_soft_socket2\EWARM\config\Obj\Middlewares\FreeRTOS\tasks.o
#        D:\sys_soft_socket2\EWARM\config\Obj\Middlewares\LwIP\tcp.o
#        D:\sys_soft_socket2\EWARM\config\Obj\Middlewares\LwIP\tcp_in.o
#        D:\sys_soft_socket2\EWARM\config\Obj\Middlewares\LwIP\tcp_out.o
#        D:\sys_soft_socket2\EWARM\config\Obj\Middlewares\LwIP\tcpip.o
#        D:\sys_soft_socket2\EWARM\config\Obj\Middlewares\LwIP\timeouts.o
#        D:\sys_soft_socket2\EWARM\config\Obj\Middlewares\FreeRTOS\timers.o
#        D:\sys_soft_socket2\EWARM\config\Obj\Middlewares\LwIP\udp.o
#        D:\sys_soft_socket2\EWARM\config\Obj\Middlewares\LwIP\upap.o
#        D:\sys_soft_socket2\EWARM\config\Obj\Middlewares\LwIP\utils.o
#        D:\sys_soft_socket2\EWARM\config\Obj\Middlewares\LwIP\vj.o
#        D:\sys_soft_socket2\EWARM\config\Obj\Middlewares\LwIP\zepif.o
#        --redirect _Printf=_PrintfFull --redirect _Scanf=_ScanfFull
#        --no_out_extension -o D:\sys_soft_socket2\EWARM\config\Exe\config.out
#        --map D:\sys_soft_socket2\EWARM\config\List\config.map --config
#        D:\sys_soft_socket2\EWARM/stm32f745xx_flash.icf --semihosting --entry
#        __iar_program_start --vfe --text_out locale --cpu=Cortex-M7
#        --fpu=VFPv5_sp)
#
###############################################################################

*******************************************************************************
*** RUNTIME MODEL ATTRIBUTES
***

CppFlavor       = *
__CPP_Runtime   = 1
__Heap_Handler  = Basic
__SystemLibrary = DLib
__dlib_version  = 6


*******************************************************************************
*** HEAP SELECTION
***

The basic heap was selected because --advanced_heap
was not specified and the application did not appear to
be primarily optimized for speed.


*******************************************************************************
*** PLACEMENT SUMMARY
***

"A0":  place at address 0x800'0000 { ro section .intvec };
"P1":  place in [from 0x800'0000 to 0x80f'ffff] { ro };
define block CSTACK with size = 1K, alignment = 8 { };
define block HEAP with size = 32K, alignment = 8 { };
"P2":  place in [from 0x2000'0000 to 0x2004'afff] {
          rw, block CSTACK, block HEAP };
"P3":  place in [from 0x2004'b000 to 0x2004'ffff] { rw section VARIABLE_MASS };
initialize by copy { rw };

  Section            Kind         Address      Size  Object
  -------            ----         -------      ----  ------
"A0":                                         0x1c8
  .intvec            ro code   0x800'0000     0x1c8  startup_stm32f745xx.o [1]
                             - 0x800'01c8     0x1c8

"P1":                                      0x3'7b69
  .rodata            const     0x800'01c8    0xfc88  fs.o [5]
  .rodata            const     0x800'fe50    0x3444  fs.o [5]
  .rodata            const     0x801'3294    0x2f60  fs.o [5]
  .text              ro code   0x801'61f4    0x1c18  tcp_in.o [9]
  .text              ro code   0x801'7e0c      0x28  printf.o [10]
  .text              ro code   0x801'7e34      0x50  ip4_addr.o [9]
  .text              ro code   0x801'7e84      0x2c  def.o [9]
  .text              ro code   0x801'7eb0     0x9d0  pbuf.o [9]
  .text              ro code   0x801'8880    0x14da  tcp.o [9]
  .text              ro code   0x801'9d5a      0x7e  lz77_init_single.o [12]
  .text              ro code   0x801'9dd8    0x1944  tcp_out.o [9]
  .text              ro code   0x801'b71c     0x214  timeouts.o [9]
  .text              ro code   0x801'b930     0x3fc  ip4.o [9]
  .text              ro code   0x801'bd2c     0xfb2  xprintffull.o [10]
  .text              ro code   0x801'ccde      0x26  xencoding_8859_1.o [10]
  .text              ro code   0x801'cd04     0x250  sys_arch.o [9]
  .text              ro code   0x801'cf54     0x288  tcpip.o [9]
  .text              ro code   0x801'd1dc      0xf4  memp.o [9]
  .text              ro code   0x801'd2d0      0x84  mem.o [9]
  .text              ro code   0x801'd354      0xa6  ABImemcpy.o [12]
  .text              ro code   0x801'd3fa      0x1e  xsscin.o [10]
  .text              ro code   0x801'd418      0x9c  rand.o [10]
  .text              ro code   0x801'd4b4      0x66  ABImemset.o [12]
  .text              ro code   0x801'd51a       0xa  xsprout.o [10]
  .text              ro code   0x801'd524     0x3f4  netif.o [9]
  .text              ro code   0x801'd918     0x688  ethernetif.o [4]
  .text              ro code   0x801'dfa0     0xa50  ip4_frag.o [9]
  .text              ro code   0x801'e9f0     0x6d0  udp.o [9]
  .text              ro code   0x801'f0c0     0x2dc  icmp.o [9]
  .text              ro code   0x801'f39c     0x108  xlocale_c.o [10]
  .text              ro code   0x801'f4a4      0x16  strchr.o [12]
  .rodata            const     0x801'f4ba       0x2  memp.o [9]
  .text              ro code   0x801'f4bc      0x40  xfail_s.o [10]
  .text              ro code   0x801'f4fc      0x36  strlen.o [12]
  .rodata            const     0x801'f532       0x2  memp.o [9]
  .text              ro code   0x801'f534      0x58  memchr.o [12]
  .text              ro code   0x801'f58c      0x70  frexp.o [11]
  .text              ro code   0x801'f5fc      0x34  DblCmpLe.o [11]
  .text              ro code   0x801'f630      0x34  DblCmpGe.o [11]
  .text              ro code   0x801'f664     0x13a  ldexp.o [11]
  .rodata            const     0x801'f79e       0x2  memp.o [9]
  .text              ro code   0x801'f7a0      0x36  DblToS32.o [11]
  .rodata            const     0x801'f7d6       0x2  memp.o [9]
  .text              ro code   0x801'f7d8      0x22  S32ToDbl.o [11]
  .rodata            const     0x801'f7fa       0x2  memp.o [9]
  .text              ro code   0x801'f7fc     0x25e  DblAddSub.o [11]
  .rodata            const     0x801'fa5a       0x2  memp.o [9]
  .text              ro code   0x801'fa5c     0x246  DblDiv.o [11]
  .rodata            const     0x801'fca2       0x2  memp.o [9]
  .text              ro code   0x801'fca4      0x22  DblToU32.o [11]
  .rodata            const     0x801'fcc6       0x2  memp.o [9]
  .text              ro code   0x801'fcc8      0x1c  U32ToDbl.o [11]
  .text              ro code   0x801'fce4     0x1aa  DblMul.o [11]
  .text              ro code   0x801'fe8e       0xa  xmbcurmax.o [10]
  .text              ro code   0x801'fe98     0x230  I64DivMod.o [12]
  .text              ro code   0x802'00c8     0x76a  cmsis_os.o [8]
  .rodata            const     0x802'0832       0x2  memp.o [9]
  .text              ro code   0x802'0834       0x6  ABImemclr4.o [12]
  .rodata            const     0x802'083a       0x2  memp.o [9]
  .text              ro code   0x802'083c      0x48  init.o [9]
  .text              ro code   0x802'0884     0x2e8  heap0.o [10]
  .text              ro code   0x802'0b6c       0x8  heaptramp0.o [10]
  .text              ro code   0x802'0b74     0xb00  etharp.o [9]
  .text              ro code   0x802'1674     0x14e  iar_Stoulx.o [10]
  .rodata            const     0x802'17c2       0x2  memp.o [9]
  .text              ro code   0x802'17c4     0x298  stm32f7xx_hal_gpio.o [7]
  .text              ro code   0x802'1a5c     0x158  stm32f7xx_hal_cortex.o [7]
  .text              ro code   0x802'1bb4      0xa0  eeprom.o [2]
  .text              ro code   0x802'1c54     0xc90  stm32f7xx_hal_eth.o [7]
  .text              ro code   0x802'28e4       0xc  stm32f7xx_hal.o [7]
  .text              ro code   0x802'28f0       0x2  ethernetif.o [4]
  .text              ro code   0x802'28f2       0x6  abort.o [10]
  .text              ro code   0x802'28f8       0x2  I64DivZer.o [12]
  .rodata            const     0x802'28fa       0x2  memp.o [9]
  .text              ro code   0x802'28fc     0xc4c  tasks.o [8]
  .text              ro code   0x802'3548     0xc10  queue.o [8]
  .text              ro code   0x802'4158     0x288  heap_4.o [8]
  .text              ro code   0x802'43e0     0x210  port.o [8]
  .text              ro code   0x802'45f0      0x32  ABImemset48.o [12]
  .rodata            const     0x802'4622       0x2  memp.o [9]
  .text              ro code   0x802'4624      0x2c  xgetmemchunk.o [10]
  .text              ro code   0x802'4650      0x96  ABImemmove.o [12]
  .rodata            const     0x802'46e6       0x2  xlocale_c.o [10]
  .text              ro code   0x802'46e8     0x158  ethernet.o [9]
  .text              ro code   0x802'4840      0x14  isspace.o [10]
  .text              ro code   0x802'4854      0x14  tolower.o [10]
  .text              ro code   0x802'4868     0x7e4  stm32f7xx_hal_i2c.o [7]
  .text              ro code   0x802'504c     0x66c  stm32f7xx_hal_rcc.o [7]
  .text              ro code   0x802'56b8      0x28  stm32f7xx_hal.o [7]
  .text              ro code   0x802'56e0       0x2  stm32f7xx_hal_eth.o [7]
  .text              ro code   0x802'56e2       0x2  stm32f7xx_hal_eth.o [7]
  .text              ro code   0x802'56e4      0x14  exit.o [13]
  .text              ro code   0x802'56f8      0x9a  list.o [8]
  .rodata            const     0x802'5792       0x2  xlocale_c.o [10]
  .text              ro code   0x802'5794      0x18  freertos.o [2]
  .text              ro code   0x802'57ac      0x34  port.o [8]
  CODE               ro code   0x802'57e0      0xb4  portasm.o [8]
  .text              ro code   0x802'5894      0x68  memcmp.o [12]
  .text              ro code   0x802'58fc     0x3e8  stm32f7xx_hal_msp.o [2]
  .text              ro code   0x802'5ce4      0x4c  stm32f7xx_hal.o [7]
  .text              ro code   0x802'5d30      0x7c  iarttio.o [13]
  .text              ro code   0x802'5dac      0x14  memset.o [12]
  .text              ro code   0x802'5dc0     0x588  stm32f7xx_hal_dma.o [7]
  .text              ro code   0x802'6348     0xa1e  main.o [2]
  .rodata            const     0x802'6d66       0x1  api_msg.o [9]
  .rodata            const     0x802'6d67       0x1  api_msg.o [9]
  .text              ro code   0x802'6d68       0x8  XShttio.o [10]
  .text              ro code   0x802'6d70      0x24  stm32f7xx_hal.o [7]
  .text              ro code   0x802'6d94     0x126  stm32f7xx_hal_dac.o [7]
  .rodata            const     0x802'6eba       0x1  api_msg.o [9]
  .rodata            const     0x802'6ebb       0x1  xlocale_c.o [10]
  .text              ro code   0x802'6ebc      0x78  stm32f7xx_hal_pwr_ex.o [7]
  .text              ro code   0x802'6f34     0x56c  stm32f7xx_hal_rcc_ex.o [7]
  .text              ro code   0x802'74a0     0x4b4  stm32f7xx_hal_adc.o [7]
  .text              ro code   0x802'7954     0x27a  stm32f7xx_hal_adc_ex.o [7]
  .text              ro code   0x802'7bd0      0xc6  stm32f7xx_hal_i2c_ex.o [7]
  .text              ro code   0x802'7c98     0x848  stm32f7xx_hal_tim.o [7]
  .text              ro code   0x802'84e0     0x158  stm32f7xx_hal_tim_ex.o [7]
  .text              ro code   0x802'8638      0x80  stm32f7xx_hal_sdram.o [7]
  .text              ro code   0x802'86b8     0x51e  stm32f7xx_hal_spi.o [7]
  .text              ro code   0x802'8bd8     0x19c  lwip.o [3]
  .text              ro code   0x802'8d74       0x2  stm32f7xx_hal_adc.o [7]
  .text              ro code   0x802'8d76       0x2  stm32f7xx_hal_adc.o [7]
  .text              ro code   0x802'8d78       0x2  stm32f7xx_hal_adc.o [7]
  .text              ro code   0x802'8d7a       0x2  stm32f7xx_hal_tim.o [7]
  .text              ro code   0x802'8d7c       0x2  stm32f7xx_hal_tim.o [7]
  .text              ro code   0x802'8d7e       0x2  stm32f7xx_hal_tim.o [7]
  .text              ro code   0x802'8d80       0x2  stm32f7xx_hal_tim.o [7]
  .text              ro code   0x802'8d82       0x2  stm32f7xx_hal_tim.o [7]
  .text              ro code   0x802'8d84       0x2  stm32f7xx_hal_tim_ex.o [7]
  .text              ro code   0x802'8d86       0x2  stm32f7xx_hal_tim_ex.o [7]
  .text              ro code   0x802'8d88       0x2  stm32f7xx_hal_tim.o [7]
  .text              ro code   0x802'8d8a       0x2  stm32f7xx_hal_tim_ex.o [7]
  .text              ro code   0x802'8d8c     0x140  stm32f7xx_ll_fmc.o [7]
  .text              ro code   0x802'8ecc    0x1a6c  http_server.o [5]
  .text              ro code   0x802'a938      0x40  sprintf.o [10]
  .text              ro code   0x802'a978      0x2c  strstr.o [10]
  .text              ro code   0x802'a9a4      0x70  strncpy.o [12]
  .text              ro code   0x802'aa14    0x16e0  sockets.o [9]
  .text              ro code   0x802'c0f4      0x12  strcmp.o [12]
  .text              ro code   0x802'c108      0x4e  fs.o [5]
  .text              ro code   0x802'c158     0xadc  cJSON.o [2]
  .text              ro code   0x802'cc34     0xef0  process.o [2]
  .text              ro code   0x802'db24     0xe78  analog.o [2]
  .text              ro code   0x802'e99c      0x96  netbuf.o [9]
  .text              ro code   0x802'ea34     0x77a  api_lib.o [9]
  .text              ro code   0x802'f1b0      0x28  err.o [9]
  .text              ro code   0x802'f1d8      0x54  cJSON.o [2]
  .text              ro code   0x802'f22c      0x20  DblCmpEq.o [11]
  .text              ro code   0x802'f24c      0x28  sscanf.o [10]
  .text              ro code   0x802'f274      0x18  strcpy.o [12]
  .text              ro code   0x802'f28c       0x8  abs.o [10]
  .text              ro code   0x802'f294     0x102  sqrt.o [11]
  .text              ro code   0x802'f398    0x1574  api_msg.o [9]
  .text              ro code   0x803'090c     0xee8  xscanffull.o [10]
  .text              ro code   0x803'17f4      0x34  wctob.o [10]
  .text              ro code   0x803'1828      0x14  isalpha.o [10]
  .text              ro code   0x803'183c     0x360  strto64.o [11]
  .text              ro code   0x803'1b9c      0x68  DblToFlt.o [11]
  .text              ro code   0x803'1c04     0x1b2  iar_Stoullx.o [10]
  .text              ro code   0x803'1db8      0xaa  iar_Stollx.o [10]
  .text              ro code   0x803'1e62     0x122  iar_Stopfx.o [10]
  .text              ro code   0x803'1f84     0x1b8  iar_Stoflt.o [10]
  .text              ro code   0x803'213c     0x208  iar_Stoxflt.o [10]
  .rodata            const     0x803'2344    0x1060  fs.o [5]
  .rodata            const     0x803'33a4     0xe7c  fs.o [5]
  .rodata            const     0x803'4220     0x1bc  fs.o [5]
  .rodata            const     0x803'43dc      0x58  tcp_out.o [9]
  .rodata            const     0x803'4434      0x50  iar_Stoulx.o [10]
  .rodata            const     0x803'4484      0x50  iar_Stoullx.o [10]
  .rodata            const     0x803'44d4      0x4c  ip4_frag.o [9]
  .rodata            const     0x803'4520      0x4c  xscanffull.o [10]
  .rodata            const     0x803'456c      0x48  etharp.o [9]
  .rodata            const     0x803'45b4      0x48  ethernet.o [9]
  .rodata            const     0x803'45fc      0x48  icmp.o [9]
  .rodata            const     0x803'4644      0x48  ip4.o [9]
  .rodata            const     0x803'468c      0x48  timeouts.o [9]
  .rodata            const     0x803'46d4      0x44  api_lib.o [9]
  .rodata            const     0x803'4718      0x48  strto64.o [11]
  .rodata            const     0x803'4760      0x44  api_msg.o [9]
  .rodata            const     0x803'47a4      0x44  err.o [9]
  .rodata            const     0x803'47e8      0x44  etharp.o [9]
  .rodata            const     0x803'482c      0x44  init.o [9]
  .rodata            const     0x803'4870      0x44  init.o [9]
  .rodata            const     0x803'48b4      0x44  memp.o [9]
  .rodata            const     0x803'48f8      0x44  netif.o [9]
  .rodata            const     0x803'493c      0x44  pbuf.o [9]
  .rodata            const     0x803'4980      0x44  sockets.o [9]
  .rodata            const     0x803'49c4      0x44  tcp_in.o [9]
  .rodata            const     0x803'4a08      0x44  tcp_out.o [9]
  .rodata            const     0x803'4a4c      0x44  tcpip.o [9]
  .text              ro code   0x803'4a90      0x44  putchar.o [10]
  .text              ro code   0x803'4ad4      0x10  write.o [13]
  .text              ro code   0x803'4ae4      0x1e  dwrite.o [13]
  .text              ro code   0x803'4b02      0x20  iarwstd.o [13]
  .text              ro code   0x803'4b22      0x22  iarwrite.o [13]
  .rodata            const     0x803'4b44      0x40  api_msg.o [9]
  .rodata            const     0x803'4b84      0x40  etharp.o [9]
  .rodata            const     0x803'4bc4      0x40  http_server.o [5]
  .rodata            const     0x803'4c04      0x40  mem.o [9]
  .rodata            const     0x803'4c44      0x40  tcp.o [9]
  .rodata            const     0x803'4c84      0x40  tcp_out.o [9]
  .rodata            const     0x803'4cc4      0x40  timeouts.o [9]
  .rodata            const     0x803'4d04      0x40  udp.o [9]
  .rodata            const     0x803'4d44      0x3c  api_msg.o [9]
  .rodata            const     0x803'4d80      0x3c  api_msg.o [9]
  .rodata            const     0x803'4dbc      0x3c  tcp_in.o [9]
  .rodata            const     0x803'4df8      0x3c  tcp_out.o [9]
  .rodata            const     0x803'4e34      0x3c  tcp_out.o [9]
  .text              ro code   0x803'4e70      0x3c  stm32f7xx_it.o [2]
  .text              ro code   0x803'4eac      0x18  stm32f7xx_hal.o [7]
  .rodata            const     0x803'4ec4      0x38  icmp.o [9]
  .rodata            const     0x803'4efc      0x38  ip4_frag.o [9]
  .rodata            const     0x803'4f34      0x38  tcp.o [9]
  .rodata            const     0x803'4f6c      0x38  tcp_in.o [9]
  .rodata            const     0x803'4fa4      0x38  tcp_out.o [9]
  .rodata            const     0x803'4fdc      0x38  tcp_out.o [9]
  .rodata            const     0x803'5014      0x38  timeouts.o [9]
  .text              ro code   0x803'504c      0x38  zero_init3.o [12]
  .rodata            const     0x803'5084      0x34  etharp.o [9]
  .rodata            const     0x803'50b8      0x34  ethernet.o [9]
  .rodata            const     0x803'50ec      0x34  icmp.o [9]
  .rodata            const     0x803'5120      0x34  memp.o [9]
  .rodata            const     0x803'5154      0x34  pbuf.o [9]
  .rodata            const     0x803'5188      0x34  tcp.o [9]
  .rodata            const     0x803'51bc      0x34  tcp.o [9]
  .rodata            const     0x803'51f0      0x34  tcp.o [9]
  .rodata            const     0x803'5224      0x34  tcp_out.o [9]
  .rodata            const     0x803'5258      0x30  api_msg.o [9]
  .rodata            const     0x803'5288      0x30  etharp.o [9]
  .rodata            const     0x803'52b8      0x30  ethernetif.o [4]
  .rodata            const     0x803'52e8      0x30  ip4.o [9]
  .rodata            const     0x803'5318      0x30  netif.o [9]
  .rodata            const     0x803'5348      0x30  pbuf.o [9]
  .rodata            const     0x803'5378      0x30  pbuf.o [9]
  .rodata            const     0x803'53a8      0x30  tcp.o [9]
  .rodata            const     0x803'53d8      0x30  tcp.o [9]
  .rodata            const     0x803'5408      0x30  tcp_in.o [9]
  .rodata            const     0x803'5438      0x30  tcp_out.o [9]
  .rodata            const     0x803'5468      0x30  tcp_out.o [9]
  .rodata            const     0x803'5498      0x30  udp.o [9]
  .rodata            const     0x803'54c8      0x2c  api_msg.o [9]
  .rodata            const     0x803'54f4      0x2c  etharp.o [9]
  .rodata            const     0x803'5520      0x2c  icmp.o [9]
  .rodata            const     0x803'554c      0x2c  pbuf.o [9]
  .rodata            const     0x803'5578      0x2c  sockets.o [9]
  .rodata            const     0x803'55a4      0x2c  tcp.o [9]
  .rodata            const     0x803'55d0      0x2c  tcp.o [9]
  .rodata            const     0x803'55fc      0x2c  tcp.o [9]
  .rodata            const     0x803'5628      0x2c  tcp.o [9]
  .rodata            const     0x803'5654      0x2c  tcp_in.o [9]
  .rodata            const     0x803'5680      0x2c  tcp_in.o [9]
  .rodata            const     0x803'56ac      0x2c  tcp_in.o [9]
  .rodata            const     0x803'56d8      0x2c  tcp_out.o [9]
  .rodata            const     0x803'5704      0x2c  tcp_out.o [9]
  .rodata            const     0x803'5730      0x2c  tcp_out.o [9]
  .rodata            const     0x803'575c      0x28  api_lib.o [9]
  .rodata            const     0x803'5784      0x28  api_msg.o [9]
  .rodata            const     0x803'57ac      0x28  api_msg.o [9]
  .rodata            const     0x803'57d4      0x28  api_msg.o [9]
  .rodata            const     0x803'57fc      0x28  api_msg.o [9]
  .rodata            const     0x803'5824      0x28  etharp.o [9]
  .rodata            const     0x803'584c      0x28  etharp.o [9]
  .rodata            const     0x803'5874      0x28  ethernet.o [9]
  .rodata            const     0x803'589c      0x28  ethernetif.o [4]
  .rodata            const     0x803'58c4      0x28  icmp.o [9]
  .rodata            const     0x803'58ec      0x28  init.o [9]
  .rodata            const     0x803'5914      0x28  ip4.o [9]
  .rodata            const     0x803'593c      0x28  ip4_frag.o [9]
  .rodata            const     0x803'5964      0x28  mem.o [9]
  .rodata            const     0x803'598c      0x28  memp.o [9]
  .rodata            const     0x803'59b4      0x28  netif.o [9]
  .rodata            const     0x803'59dc      0x28  pbuf.o [9]
  .rodata            const     0x803'5a04      0x28  sockets.o [9]
  .rodata            const     0x803'5a2c      0x28  sockets.o [9]
  .rodata            const     0x803'5a54      0x28  tcp.o [9]
  .rodata            const     0x803'5a7c      0x28  tcp.o [9]
  .rodata            const     0x803'5aa4      0x28  tcp.o [9]
  .rodata            const     0x803'5acc      0x28  tcp.o [9]
  .rodata            const     0x803'5af4      0x28  tcp.o [9]
  .rodata            const     0x803'5b1c      0x28  tcp.o [9]
  .rodata            const     0x803'5b44      0x28  tcp.o [9]
  .rodata            const     0x803'5b6c      0x28  tcp.o [9]
  .rodata            const     0x803'5b94      0x28  tcp.o [9]
  .rodata            const     0x803'5bbc      0x28  tcp_in.o [9]
  .rodata            const     0x803'5be4      0x28  tcp_in.o [9]
  .rodata            const     0x803'5c0c      0x28  tcp_in.o [9]
  .rodata            const     0x803'5c34      0x28  tcp_in.o [9]
  .rodata            const     0x803'5c5c      0x28  tcp_in.o [9]
  .rodata            const     0x803'5c84      0x28  tcp_in.o [9]
  .rodata            const     0x803'5cac      0x28  tcp_in.o [9]
  .rodata            const     0x803'5cd4      0x28  tcp_out.o [9]
  .rodata            const     0x803'5cfc      0x28  tcp_out.o [9]
  .rodata            const     0x803'5d24      0x28  tcp_out.o [9]
  .rodata            const     0x803'5d4c      0x28  tcp_out.o [9]
  .rodata            const     0x803'5d74      0x28  tcp_out.o [9]
  .rodata            const     0x803'5d9c      0x28  tcp_out.o [9]
  .rodata            const     0x803'5dc4      0x28  tcpip.o [9]
  .rodata            const     0x803'5dec      0x28  timeouts.o [9]
  .rodata            const     0x803'5e14      0x28  udp.o [9]
  .rodata            const     0x803'5e3c      0x28  udp.o [9]
  .rodata            const     0x803'5e64      0x28  xscanffull.o [10]
  .text              ro code   0x803'5e8c      0x28  data_init.o [12]
  .rodata            const     0x803'5eb4      0x24  api_lib.o [9]
  .rodata            const     0x803'5ed8      0x24  api_lib.o [9]
  .rodata            const     0x803'5efc      0x24  api_lib.o [9]
  .rodata            const     0x803'5f20      0x24  api_msg.o [9]
  .rodata            const     0x803'5f44      0x24  api_msg.o [9]
  .rodata            const     0x803'5f68      0x24  api_msg.o [9]
  .rodata            const     0x803'5f8c      0x24  api_msg.o [9]
  .rodata            const     0x803'5fb0      0x24  etharp.o [9]
  .rodata            const     0x803'5fd4      0x24  ip4_frag.o [9]
  .rodata            const     0x803'5ff8      0x24  ip4_frag.o [9]
  .rodata            const     0x803'601c      0x24  mem.o [9]
  .rodata            const     0x803'6040      0x24  memp.o [9]
  .rodata            const     0x803'6064      0x24  netif.o [9]
  .rodata            const     0x803'6088      0x24  pbuf.o [9]
  .rodata            const     0x803'60ac      0x24  sockets.o [9]
  .rodata            const     0x803'60d0      0x24  tcp.o [9]
  .rodata            const     0x803'60f4      0x24  tcp_out.o [9]
  .rodata            const     0x803'6118      0x24  tcp_out.o [9]
  .rodata            const     0x803'613c      0x24  tcp_out.o [9]
  .rodata            const     0x803'6160      0x24  tcp_out.o [9]
  .rodata            const     0x803'6184      0x24  tcp_out.o [9]
  .rodata            const     0x803'61a8      0x24  tcp_out.o [9]
  .rodata            const     0x803'61cc      0x24  tcp_out.o [9]
  .rodata            const     0x803'61f0      0x24  tcp_out.o [9]
  .rodata            const     0x803'6214      0x24  tcpip.o [9]
  .rodata            const     0x803'6238      0x24  tcpip.o [9]
  .rodata            const     0x803'625c      0x24  udp.o [9]
  .text              ro code   0x803'6280      0x22  fpinit_M.o [11]
  .iar.init_table    const     0x803'62a4      0x28  - Linker created -
  .rodata            const     0x803'62cc      0x20  api_msg.o [9]
  .rodata            const     0x803'62ec      0x20  api_msg.o [9]
  .rodata            const     0x803'630c      0x20  api_msg.o [9]
  .rodata            const     0x803'632c      0x20  api_msg.o [9]
  .rodata            const     0x803'634c      0x20  api_msg.o [9]
  .rodata            const     0x803'636c      0x20  api_msg.o [9]
  .rodata            const     0x803'638c      0x20  api_msg.o [9]
  .rodata            const     0x803'63ac      0x20  api_msg.o [9]
  .rodata            const     0x803'63cc      0x20  ip4_frag.o [9]
  .rodata            const     0x803'63ec      0x20  ip4_frag.o [9]
  .rodata            const     0x803'640c      0x20  ip4_frag.o [9]
  .rodata            const     0x803'642c      0x20  ip4_frag.o [9]
  .rodata            const     0x803'644c      0x20  memp.o [9]
  .rodata            const     0x803'646c      0x20  sockets.o [9]
  .rodata            const     0x803'648c      0x20  tcp.o [9]
  .rodata            const     0x803'64ac      0x20  tcp.o [9]
  .rodata            const     0x803'64cc      0x20  tcp.o [9]
  .rodata            const     0x803'64ec      0x20  tcp.o [9]
  .rodata            const     0x803'650c      0x20  tcp_in.o [9]
  .rodata            const     0x803'652c      0x20  tcp_in.o [9]
  .rodata            const     0x803'654c      0x20  tcp_in.o [9]
  .rodata            const     0x803'656c      0x20  tcp_in.o [9]
  .rodata            const     0x803'658c      0x20  tcp_in.o [9]
  .rodata            const     0x803'65ac      0x20  tcp_in.o [9]
  .rodata            const     0x803'65cc      0x20  tcp_in.o [9]
  .rodata            const     0x803'65ec      0x20  tcp_out.o [9]
  .rodata            const     0x803'660c      0x20  tcp_out.o [9]
  .rodata            const     0x803'662c      0x20  tcp_out.o [9]
  .rodata            const     0x803'664c      0x20  tcp_out.o [9]
  .rodata            const     0x803'666c      0x20  tcp_out.o [9]
  .rodata            const     0x803'668c      0x20  tcp_out.o [9]
  .rodata            const     0x803'66ac      0x20  tcp_out.o [9]
  .rodata            const     0x803'66cc      0x20  tcp_out.o [9]
  .rodata            const     0x803'66ec      0x20  tcp_out.o [9]
  .rodata            const     0x803'670c      0x20  tcp_out.o [9]
  .rodata            const     0x803'672c      0x20  tcp_out.o [9]
  .rodata            const     0x803'674c      0x20  tcpip.o [9]
  .text              ro code   0x803'676c      0x1e  cmain.o [12]
  .text              ro code   0x803'678a       0x4  low_level_init.o [10]
  .text              ro code   0x803'678e       0x4  exit.o [10]
  .text              ro code   0x803'6794       0xa  cexit.o [12]
  .rodata            const     0x803'67a0      0x1c  api_lib.o [9]
  .rodata            const     0x803'67bc      0x1c  api_msg.o [9]
  .rodata            const     0x803'67d8      0x1c  api_msg.o [9]
  .rodata            const     0x803'67f4      0x1c  api_msg.o [9]
  .rodata            const     0x803'6810      0x1c  api_msg.o [9]
  .rodata            const     0x803'682c      0x1c  etharp.o [9]
  .rodata            const     0x803'6848      0x1c  ethernetif.o [4]
  .rodata            const     0x803'6864      0x1c  http_server.o [5]
  .rodata            const     0x803'6880      0x1c  ip4_frag.o [9]
  .rodata            const     0x803'689c      0x1c  ip4_frag.o [9]
  .rodata            const     0x803'68b8      0x1c  lwip.o [3]
  .rodata            const     0x803'68d4      0x1c  main.o [2]
  .rodata            const     0x803'68f0      0x1c  main.o [2]
  .rodata            const     0x803'690c      0x1c  main.o [2]
  .rodata            const     0x803'6928      0x1c  main.o [2]
  .rodata            const     0x803'6944      0x1c  pbuf.o [9]
  .rodata            const     0x803'6960      0x1c  pbuf.o [9]
  .rodata            const     0x803'697c      0x1c  pbuf.o [9]
  .rodata            const     0x803'6998      0x1c  sockets.o [9]
  .rodata            const     0x803'69b4      0x1c  tcp.o [9]
  .rodata            const     0x803'69d0      0x1c  tcp.o [9]
  .rodata            const     0x803'69ec      0x1c  tcp.o [9]
  .rodata            const     0x803'6a08      0x1c  tcp.o [9]
  .rodata            const     0x803'6a24      0x1c  tcp.o [9]
  .rodata            const     0x803'6a40      0x1c  tcp.o [9]
  .rodata            const     0x803'6a5c      0x1c  tcp.o [9]
  .rodata            const     0x803'6a78      0x1c  tcp_in.o [9]
  .rodata            const     0x803'6a94      0x1c  tcp_in.o [9]
  .rodata            const     0x803'6ab0      0x1c  tcp_in.o [9]
  .rodata            const     0x803'6acc      0x1c  tcp_in.o [9]
  .rodata            const     0x803'6ae8      0x1c  tcp_in.o [9]
  .rodata            const     0x803'6b04      0x1c  tcp_out.o [9]
  .rodata            const     0x803'6b20      0x1c  tcp_out.o [9]
  .rodata            const     0x803'6b3c      0x1c  tcp_out.o [9]
  .rodata            const     0x803'6b58      0x1c  tcp_out.o [9]
  .rodata            const     0x803'6b74      0x1c  tcp_out.o [9]
  .rodata            const     0x803'6b90      0x1c  udp.o [9]
  .rodata            const     0x803'6bac      0x1c  udp.o [9]
  .text              ro code   0x803'6bc8      0x1c  cstartup_M.o [12]
  .rodata            const     0x803'6be4      0x18  api_lib.o [9]
  .rodata            const     0x803'6bfc      0x18  api_msg.o [9]
  .rodata            const     0x803'6c14      0x18  api_msg.o [9]
  .rodata            const     0x803'6c2c      0x18  api_msg.o [9]
  .rodata            const     0x803'6c44      0x18  etharp.o [9]
  .rodata            const     0x803'6c5c      0x18  http_server.o [5]
  .rodata            const     0x803'6c74      0x18  mem.o [9]
  .rodata            const     0x803'6c8c      0x18  pbuf.o [9]
  .rodata            const     0x803'6ca4      0x18  pbuf.o [9]
  .rodata            const     0x803'6cbc      0x18  pbuf.o [9]
  .rodata            const     0x803'6cd4      0x18  pbuf.o [9]
  .rodata            const     0x803'6cec      0x18  sockets.o [9]
  .rodata            const     0x803'6d04      0x18  sockets.o [9]
  .rodata            const     0x803'6d1c      0x18  sockets.o [9]
  .rodata            const     0x803'6d34      0x18  sockets.o [9]
  .rodata            const     0x803'6d4c      0x18  sockets.o [9]
  .rodata            const     0x803'6d64      0x18  tcp.o [9]
  .rodata            const     0x803'6d7c      0x18  tcp.o [9]
  .rodata            const     0x803'6d94      0x18  tcp.o [9]
  .rodata            const     0x803'6dac      0x18  tcp_in.o [9]
  .rodata            const     0x803'6dc4      0x18  tcp_in.o [9]
  .rodata            const     0x803'6ddc      0x18  tcp_out.o [9]
  .rodata            const     0x803'6df4      0x18  tcp_out.o [9]
  .rodata            const     0x803'6e0c      0x18  tcp_out.o [9]
  .rodata            const     0x803'6e24      0x18  tcp_out.o [9]
  .rodata            const     0x803'6e3c      0x18  tcp_out.o [9]
  .rodata            const     0x803'6e54      0x18  tcp_out.o [9]
  .rodata            const     0x803'6e6c      0x18  timeouts.o [9]
  .rodata            const     0x803'6e84      0x18  udp.o [9]
  .text              ro code   0x803'6e9c      0x16  xprout.o [10]
  .rodata            const     0x803'6eb4      0x14  api_msg.o [9]
  .rodata            const     0x803'6ec8      0x14  api_msg.o [9]
  .rodata            const     0x803'6edc      0x14  api_msg.o [9]
  .rodata            const     0x803'6ef0      0x14  etharp.o [9]
  .rodata            const     0x803'6f04      0x14  fs.o [5]
  .rodata            const     0x803'6f18      0x14  fs.o [5]
  .rodata            const     0x803'6f2c      0x14  fs.o [5]
  .rodata            const     0x803'6f40      0x14  fs.o [5]
  .rodata            const     0x803'6f54      0x14  fs.o [5]
  .rodata            const     0x803'6f68      0x14  fs.o [5]
  .rodata            const     0x803'6f7c      0x14  http_server.o [5]
  .rodata            const     0x803'6f90      0x14  http_server.o [5]
  .rodata            const     0x803'6fa4      0x14  http_server.o [5]
  .rodata            const     0x803'6fb8      0x14  http_server.o [5]
  .rodata            const     0x803'6fcc      0x14  http_server.o [5]
  .rodata            const     0x803'6fe0      0x14  http_server.o [5]
  .rodata            const     0x803'6ff4      0x14  http_server.o [5]
  .rodata            const     0x803'7008      0x14  http_server.o [5]
  .rodata            const     0x803'701c      0x14  http_server.o [5]
  .rodata            const     0x803'7030      0x14  http_server.o [5]
  .rodata            const     0x803'7044      0x14  http_server.o [5]
  .rodata            const     0x803'7058      0x14  ip4_frag.o [9]
  .rodata            const     0x803'706c      0x14  main.o [2]
  .rodata            const     0x803'7080      0x14  netif.o [9]
  .rodata            const     0x803'7094      0x14  pbuf.o [9]
  .rodata            const     0x803'70a8      0x14  pbuf.o [9]
  .rodata            const     0x803'70bc      0x14  pbuf.o [9]
  .rodata            const     0x803'70d0      0x14  pbuf.o [9]
  .rodata            const     0x803'70e4      0x14  sockets.o [9]
  .rodata            const     0x803'70f8      0x14  tcp.o [9]
  .rodata            const     0x803'710c      0x14  tcp_in.o [9]
  .rodata            const     0x803'7120      0x14  tcp_out.o [9]
  .rodata            const     0x803'7134      0x14  tcp_out.o [9]
  .rodata            const     0x803'7148      0x14  tcp_out.o [9]
  .rodata            const     0x803'715c      0x14  timeouts.o [9]
  .rodata            const     0x803'7170      0x10  api_msg.o [9]
  .rodata            const     0x803'7180      0x10  api_msg.o [9]
  .rodata            const     0x803'7190      0x10  api_msg.o [9]
  .rodata            const     0x803'71a0      0x10  api_msg.o [9]
  .rodata            const     0x803'71b0      0x10  etharp.o [9]
  .rodata            const     0x803'71c0      0x10  etharp.o [9]
  .rodata            const     0x803'71d0      0x10  etharp.o [9]
  .rodata            const     0x803'71e0      0x10  ethernetif.o [4]
  .rodata            const     0x803'71f0      0x10  http_server.o [5]
  .rodata            const     0x803'7200      0x10  http_server.o [5]
  .rodata            const     0x803'7210      0x10  http_server.o [5]
  .rodata            const     0x803'7220      0x10  http_server.o [5]
  .rodata            const     0x803'7230      0x10  http_server.o [5]
  .rodata            const     0x803'7240      0x10  http_server.o [5]
  .rodata            const     0x803'7250      0x10  http_server.o [5]
  .rodata            const     0x803'7260      0x10  http_server.o [5]
  .rodata            const     0x803'7270      0x10  http_server.o [5]
  .rodata            const     0x803'7280      0x10  http_server.o [5]
  .rodata            const     0x803'7290      0x10  http_server.o [5]
  .rodata            const     0x803'72a0      0x10  ip4_frag.o [9]
  .rodata            const     0x803'72b0      0x10  ip4_frag.o [9]
  .rodata            const     0x803'72c0      0x10  main.o [2]
  .rodata            const     0x803'72d0      0x10  main.o [2]
  .rodata            const     0x803'72e0      0x10  mem.o [9]
  .rodata            const     0x803'72f0      0x10  netif.o [9]
  .rodata            const     0x803'7300      0x10  pbuf.o [9]
  .rodata            const     0x803'7310      0x10  sockets.o [9]
  .rodata            const     0x803'7320      0x10  sockets.o [9]
  .rodata            const     0x803'7330      0x10  sockets.o [9]
  .rodata            const     0x803'7340      0x10  sockets.o [9]
  .rodata            const     0x803'7350      0x10  sockets.o [9]
  .rodata            const     0x803'7360      0x10  sockets.o [9]
  .rodata            const     0x803'7370      0x10  sockets.o [9]
  .rodata            const     0x803'7380      0x10  sys_arch.o [9]
  .rodata            const     0x803'7390      0x10  system_stm32f7xx.o [6]
  .rodata            const     0x803'73a0      0x10  tcp.o [9]
  .rodata            const     0x803'73b0      0x10  tcp.o [9]
  .rodata            const     0x803'73c0      0x10  tcp.o [9]
  .rodata            const     0x803'73d0      0x10  tcp_in.o [9]
  .rodata            const     0x803'73e0      0x10  tcp_in.o [9]
  .rodata            const     0x803'73f0      0x10  tcp_in.o [9]
  .rodata            const     0x803'7400      0x10  tcp_in.o [9]
  .rodata            const     0x803'7410      0x10  tcp_out.o [9]
  .rodata            const     0x803'7420      0x10  tcp_out.o [9]
  .rodata            const     0x803'7430      0x10  tcp_out.o [9]
  .rodata            const     0x803'7440      0x10  tcpip.o [9]
  .rodata            const     0x803'7450      0x10  tcpip.o [9]
  .text              ro code   0x803'7460      0x10  startup_stm32f745xx.o [1]
  .text              ro code   0x803'7470      0x10  system_stm32f7xx.o [6]
  .rodata            const     0x803'7480       0xc  analog.o [2]
  .rodata            const     0x803'748c       0xc  api_lib.o [9]
  .rodata            const     0x803'7498       0xc  api_msg.o [9]
  .rodata            const     0x803'74a4       0xc  etharp.o [9]
  .rodata            const     0x803'74b0       0xc  http_server.o [5]
  .rodata            const     0x803'74bc       0xc  http_server.o [5]
  .rodata            const     0x803'74c8       0xc  http_server.o [5]
  .rodata            const     0x803'74d4       0xc  http_server.o [5]
  .rodata            const     0x803'74e0       0xc  http_server.o [5]
  .rodata            const     0x803'74ec       0xc  http_server.o [5]
  .rodata            const     0x803'74f8       0xc  http_server.o [5]
  .rodata            const     0x803'7504       0xc  http_server.o [5]
  .rodata            const     0x803'7510       0xc  http_server.o [5]
  .rodata            const     0x803'751c       0xc  http_server.o [5]
  .rodata            const     0x803'7528       0xc  http_server.o [5]
  .rodata            const     0x803'7534       0xc  http_server.o [5]
  .rodata            const     0x803'7540       0xc  http_server.o [5]
  .rodata            const     0x803'754c       0xc  http_server.o [5]
  .rodata            const     0x803'7558       0xc  http_server.o [5]
  .rodata            const     0x803'7564       0xc  http_server.o [5]
  .rodata            const     0x803'7570       0xc  http_server.o [5]
  .rodata            const     0x803'757c       0xc  http_server.o [5]
  .rodata            const     0x803'7588       0xc  http_server.o [5]
  .rodata            const     0x803'7594       0xc  http_server.o [5]
  .rodata            const     0x803'75a0       0xc  http_server.o [5]
  .rodata            const     0x803'75ac       0xc  http_server.o [5]
  .rodata            const     0x803'75b8       0xc  http_server.o [5]
  .rodata            const     0x803'75c4       0xc  http_server.o [5]
  .rodata            const     0x803'75d0       0xc  http_server.o [5]
  .rodata            const     0x803'75dc       0xc  http_server.o [5]
  .rodata            const     0x803'75e8       0xc  http_server.o [5]
  .rodata            const     0x803'75f4       0xc  http_server.o [5]
  .rodata            const     0x803'7600       0xc  http_server.o [5]
  .rodata            const     0x803'760c       0xc  http_server.o [5]
  .rodata            const     0x803'7618       0xc  http_server.o [5]
  .rodata            const     0x803'7624       0xc  http_server.o [5]
  .rodata            const     0x803'7630       0xc  http_server.o [5]
  .rodata            const     0x803'763c       0xc  http_server.o [5]
  .rodata            const     0x803'7648       0xc  http_server.o [5]
  .rodata            const     0x803'7654       0xc  http_server.o [5]
  .rodata            const     0x803'7660       0xc  http_server.o [5]
  .rodata            const     0x803'766c       0xc  http_server.o [5]
  .rodata            const     0x803'7678       0xc  http_server.o [5]
  .rodata            const     0x803'7684       0xc  http_server.o [5]
  .rodata            const     0x803'7690       0xc  http_server.o [5]
  .rodata            const     0x803'769c       0xc  http_server.o [5]
  .rodata            const     0x803'76a8       0xc  http_server.o [5]
  .rodata            const     0x803'76b4       0xc  http_server.o [5]
  .rodata            const     0x803'76c0       0xc  http_server.o [5]
  .rodata            const     0x803'76cc       0xc  http_server.o [5]
  .rodata            const     0x803'76d8       0xc  http_server.o [5]
  .rodata            const     0x803'76e4       0xc  http_server.o [5]
  .rodata            const     0x803'76f0       0xc  http_server.o [5]
  .rodata            const     0x803'76fc       0xc  http_server.o [5]
  .rodata            const     0x803'7708       0xc  http_server.o [5]
  .rodata            const     0x803'7714       0xc  http_server.o [5]
  .rodata            const     0x803'7720       0xc  http_server.o [5]
  .rodata            const     0x803'772c       0xc  http_server.o [5]
  .rodata            const     0x803'7738       0xc  http_server.o [5]
  .rodata            const     0x803'7744       0xc  http_server.o [5]
  .rodata            const     0x803'7750       0xc  http_server.o [5]
  .rodata            const     0x803'775c       0xc  http_server.o [5]
  .rodata            const     0x803'7768       0xc  http_server.o [5]
  .rodata            const     0x803'7774       0xc  http_server.o [5]
  .rodata            const     0x803'7780       0xc  http_server.o [5]
  .rodata            const     0x803'778c       0xc  http_server.o [5]
  .rodata            const     0x803'7798       0xc  http_server.o [5]
  .rodata            const     0x803'77a4       0xc  http_server.o [5]
  .rodata            const     0x803'77b0       0xc  http_server.o [5]
  .rodata            const     0x803'77bc       0xc  http_server.o [5]
  .rodata            const     0x803'77c8       0xc  http_server.o [5]
  .rodata            const     0x803'77d4       0xc  http_server.o [5]
  .rodata            const     0x803'77e0       0xc  http_server.o [5]
  .rodata            const     0x803'77ec       0xc  http_server.o [5]
  .rodata            const     0x803'77f8       0xc  http_server.o [5]
  .rodata            const     0x803'7804       0xc  http_server.o [5]
  .rodata            const     0x803'7810       0xc  http_server.o [5]
  .rodata            const     0x803'781c       0xc  http_server.o [5]
  .rodata            const     0x803'7828       0xc  http_server.o [5]
  .rodata            const     0x803'7834       0xc  http_server.o [5]
  .rodata            const     0x803'7840       0xc  http_server.o [5]
  .rodata            const     0x803'784c       0xc  http_server.o [5]
  .rodata            const     0x803'7858       0xc  ip4.o [9]
  .rodata            const     0x803'7864       0xc  ip4_frag.o [9]
  .rodata            const     0x803'7870       0xc  ip4_frag.o [9]
  .rodata            const     0x803'787c       0xc  ip4_frag.o [9]
  .rodata            const     0x803'7888       0xc  ip4_frag.o [9]
  .rodata            const     0x803'7894       0xc  main.o [2]
  .rodata            const     0x803'78a0       0xc  pbuf.o [9]
  .rodata            const     0x803'78ac       0xc  sockets.o [9]
  .rodata            const     0x803'78b8       0xc  sockets.o [9]
  .rodata            const     0x803'78c4       0xc  sockets.o [9]
  .rodata            const     0x803'78d0       0xc  sockets.o [9]
  .rodata            const     0x803'78dc       0xc  tcp.o [9]
  .rodata            const     0x803'78e8       0xc  tcp_in.o [9]
  .rodata            const     0x803'78f4       0xc  tcp_out.o [9]
  .rodata            const     0x803'7900       0x8  api_msg.o [9]
  .rodata            const     0x803'7908       0x8  cJSON.o [2]
  .rodata            const     0x803'7910       0x8  cJSON.o [2]
  .rodata            const     0x803'7918       0x8  cJSON.o [2]
  .rodata            const     0x803'7920       0x8  cJSON.o [2]
  .rodata            const     0x803'7928       0x8  cJSON.o [2]
  .rodata            const     0x803'7930       0x8  cJSON.o [2]
  .rodata            const     0x803'7938       0x8  eeprom.o [2]
  .rodata            const     0x803'7940       0x8  ethernet.o [9]
  .rodata            const     0x803'7948       0x8  ethernet.o [9]
  .rodata            const     0x803'7950       0x8  ethernetif.o [4]
  .rodata            const     0x803'7958       0x8  ethernetif.o [4]
  .rodata            const     0x803'7960       0x8  http_server.o [5]
  .rodata            const     0x803'7968       0x8  http_server.o [5]
  .rodata            const     0x803'7970       0x8  http_server.o [5]
  .rodata            const     0x803'7978       0x8  http_server.o [5]
  .rodata            const     0x803'7980       0x8  http_server.o [5]
  .rodata            const     0x803'7988       0x8  http_server.o [5]
  .rodata            const     0x803'7990       0x8  http_server.o [5]
  .rodata            const     0x803'7998       0x8  http_server.o [5]
  .rodata            const     0x803'79a0       0x8  http_server.o [5]
  .rodata            const     0x803'79a8       0x8  http_server.o [5]
  .rodata            const     0x803'79b0       0x8  http_server.o [5]
  .rodata            const     0x803'79b8       0x8  http_server.o [5]
  .rodata            const     0x803'79c0       0x8  http_server.o [5]
  .rodata            const     0x803'79c8       0x8  http_server.o [5]
  .rodata            const     0x803'79d0       0x8  http_server.o [5]
  .rodata            const     0x803'79d8       0x8  http_server.o [5]
  .rodata            const     0x803'79e0       0x8  http_server.o [5]
  .rodata            const     0x803'79e8       0x8  http_server.o [5]
  .rodata            const     0x803'79f0       0x8  http_server.o [5]
  .rodata            const     0x803'79f8       0x8  http_server.o [5]
  .rodata            const     0x803'7a00       0x8  http_server.o [5]
  .rodata            const     0x803'7a08       0x8  http_server.o [5]
  .rodata            const     0x803'7a10       0x8  http_server.o [5]
  .rodata            const     0x803'7a18       0x8  http_server.o [5]
  .rodata            const     0x803'7a20       0x8  http_server.o [5]
  .rodata            const     0x803'7a28       0x8  http_server.o [5]
  .rodata            const     0x803'7a30       0x8  lwip.o [3]
  .rodata            const     0x803'7a38       0x8  lwip.o [3]
  .rodata            const     0x803'7a40       0x8  stm32f7xx_hal_dma.o [7]
  .rodata            const     0x803'7a48       0x8  sys_arch.o [9]
  .rodata            const     0x803'7a50       0x8  sys_arch.o [9]
  .rodata            const     0x803'7a58       0x8  sys_arch.o [9]
  .rodata            const     0x803'7a60       0x8  tasks.o [8]
  .rodata            const     0x803'7a68       0x8  tcp.o [9]
  .rodata            const     0x803'7a70       0x8  tcp_in.o [9]
  .rodata            const     0x803'7a78       0x8  tcp_in.o [9]
  .rodata            const     0x803'7a80       0x4  heap_4.o [8]
  .rodata            const     0x803'7a84       0x4  ip4_addr.o [9]
  .rodata            const     0x803'7a88       0x4  port.o [8]
  .text              ro code   0x803'7a8c       0x4  startup_stm32f745xx.o [1]
  .text              ro code   0x803'7a90       0x4  startup_stm32f745xx.o [1]
  .text              ro code   0x803'7a94       0x4  startup_stm32f745xx.o [1]
  .text              ro code   0x803'7a98       0x4  startup_stm32f745xx.o [1]
  .text              ro code   0x803'7a9c       0x4  startup_stm32f745xx.o [1]
  .text              ro code   0x803'7aa0       0x4  startup_stm32f745xx.o [1]
  .text              ro code   0x803'7aa4       0x4  startup_stm32f745xx.o [1]
  .text              ro code   0x803'7aa8       0x4  startup_stm32f745xx.o [1]
  .text              ro code   0x803'7aac       0x4  startup_stm32f745xx.o [1]
  .text              ro code   0x803'7ab0       0x4  startup_stm32f745xx.o [1]
  .text              ro code   0x803'7ab4       0x4  startup_stm32f745xx.o [1]
  .text              ro code   0x803'7ab8       0x4  startup_stm32f745xx.o [1]
  .text              ro code   0x803'7abc       0x4  startup_stm32f745xx.o [1]
  .text              ro code   0x803'7ac0       0x4  startup_stm32f745xx.o [1]
  .text              ro code   0x803'7ac4       0x4  startup_stm32f745xx.o [1]
  .text              ro code   0x803'7ac8       0x4  startup_stm32f745xx.o [1]
  .text              ro code   0x803'7acc       0x4  startup_stm32f745xx.o [1]
  .text              ro code   0x803'7ad0       0x4  startup_stm32f745xx.o [1]
  .text              ro code   0x803'7ad4       0x4  startup_stm32f745xx.o [1]
  .text              ro code   0x803'7ad8       0x4  startup_stm32f745xx.o [1]
  .text              ro code   0x803'7adc       0x4  startup_stm32f745xx.o [1]
  .text              ro code   0x803'7ae0       0x4  startup_stm32f745xx.o [1]
  .text              ro code   0x803'7ae4       0x4  startup_stm32f745xx.o [1]
  .text              ro code   0x803'7ae8       0x4  startup_stm32f745xx.o [1]
  .text              ro code   0x803'7aec       0x4  startup_stm32f745xx.o [1]
  .text              ro code   0x803'7af0       0x4  startup_stm32f745xx.o [1]
  .text              ro code   0x803'7af4       0x4  startup_stm32f745xx.o [1]
  .text              ro code   0x803'7af8       0x4  startup_stm32f745xx.o [1]
  .text              ro code   0x803'7afc       0x4  startup_stm32f745xx.o [1]
  .text              ro code   0x803'7b00       0x4  startup_stm32f745xx.o [1]
  .text              ro code   0x803'7b04       0x4  startup_stm32f745xx.o [1]
  .text              ro code   0x803'7b08       0x4  startup_stm32f745xx.o [1]
  .text              ro code   0x803'7b0c       0x4  startup_stm32f745xx.o [1]
  .text              ro code   0x803'7b10       0x4  startup_stm32f745xx.o [1]
  .text              ro code   0x803'7b14       0x4  startup_stm32f745xx.o [1]
  .text              ro code   0x803'7b18       0x4  startup_stm32f745xx.o [1]
  .text              ro code   0x803'7b1c       0x4  startup_stm32f745xx.o [1]
  .text              ro code   0x803'7b20       0x4  startup_stm32f745xx.o [1]
  .text              ro code   0x803'7b24       0x4  startup_stm32f745xx.o [1]
  .text              ro code   0x803'7b28       0x4  startup_stm32f745xx.o [1]
  .text              ro code   0x803'7b2c       0x4  startup_stm32f745xx.o [1]
  .text              ro code   0x803'7b30       0x4  startup_stm32f745xx.o [1]
  .text              ro code   0x803'7b34       0x4  startup_stm32f745xx.o [1]
  .text              ro code   0x803'7b38       0x4  startup_stm32f745xx.o [1]
  .text              ro code   0x803'7b3c       0x4  startup_stm32f745xx.o [1]
  .text              ro code   0x803'7b40       0x4  startup_stm32f745xx.o [1]
  .text              ro code   0x803'7b44       0x4  startup_stm32f745xx.o [1]
  .text              ro code   0x803'7b48       0x4  startup_stm32f745xx.o [1]
  .text              ro code   0x803'7b4c       0x4  startup_stm32f745xx.o [1]
  .text              ro code   0x803'7b50       0x4  startup_stm32f745xx.o [1]
  .text              ro code   0x803'7b54       0x4  startup_stm32f745xx.o [1]
  .text              ro code   0x803'7b58       0x4  startup_stm32f745xx.o [1]
  .text              ro code   0x803'7b5c       0x4  startup_stm32f745xx.o [1]
  .text              ro code   0x803'7b60       0x4  startup_stm32f745xx.o [1]
  .text              ro code   0x803'7b64       0x4  startup_stm32f745xx.o [1]
  .text              ro code   0x803'7b68       0x4  startup_stm32f745xx.o [1]
  .text              ro code   0x803'7b6c       0x4  startup_stm32f745xx.o [1]
  .text              ro code   0x803'7b70       0x4  startup_stm32f745xx.o [1]
  .text              ro code   0x803'7b74       0x4  startup_stm32f745xx.o [1]
  .text              ro code   0x803'7b78       0x4  startup_stm32f745xx.o [1]
  .text              ro code   0x803'7b7c       0x4  startup_stm32f745xx.o [1]
  .text              ro code   0x803'7b80       0x4  startup_stm32f745xx.o [1]
  .text              ro code   0x803'7b84       0x4  startup_stm32f745xx.o [1]
  .text              ro code   0x803'7b88       0x4  startup_stm32f745xx.o [1]
  .text              ro code   0x803'7b8c       0x4  startup_stm32f745xx.o [1]
  .text              ro code   0x803'7b90       0x4  startup_stm32f745xx.o [1]
  .text              ro code   0x803'7b94       0x4  startup_stm32f745xx.o [1]
  .text              ro code   0x803'7b98       0x4  startup_stm32f745xx.o [1]
  .text              ro code   0x803'7b9c       0x4  startup_stm32f745xx.o [1]
  .text              ro code   0x803'7ba0       0x4  startup_stm32f745xx.o [1]
  .text              ro code   0x803'7ba4       0x4  startup_stm32f745xx.o [1]
  .text              ro code   0x803'7ba8       0x4  startup_stm32f745xx.o [1]
  .text              ro code   0x803'7bac       0x4  startup_stm32f745xx.o [1]
  .text              ro code   0x803'7bb0       0x4  startup_stm32f745xx.o [1]
  .text              ro code   0x803'7bb4       0x4  startup_stm32f745xx.o [1]
  .text              ro code   0x803'7bb8       0x4  startup_stm32f745xx.o [1]
  .text              ro code   0x803'7bbc       0x4  startup_stm32f745xx.o [1]
  .text              ro code   0x803'7bc0       0x4  startup_stm32f745xx.o [1]
  .text              ro code   0x803'7bc4       0x4  startup_stm32f745xx.o [1]
  .text              ro code   0x803'7bc8       0x4  startup_stm32f745xx.o [1]
  .text              ro code   0x803'7bcc       0x4  startup_stm32f745xx.o [1]
  .text              ro code   0x803'7bd0       0x4  startup_stm32f745xx.o [1]
  .text              ro code   0x803'7bd4       0x4  startup_stm32f745xx.o [1]
  .text              ro code   0x803'7bd8       0x4  startup_stm32f745xx.o [1]
  .text              ro code   0x803'7bdc       0x4  startup_stm32f745xx.o [1]
  .text              ro code   0x803'7be0       0x4  startup_stm32f745xx.o [1]
  .text              ro code   0x803'7be4       0x4  startup_stm32f745xx.o [1]
  .text              ro code   0x803'7be8       0x4  startup_stm32f745xx.o [1]
  .text              ro code   0x803'7bec       0x4  startup_stm32f745xx.o [1]
  .text              ro code   0x803'7bf0       0x4  startup_stm32f745xx.o [1]
  .text              ro code   0x803'7bf4       0x4  startup_stm32f745xx.o [1]
  .text              ro code   0x803'7bf8       0x4  startup_stm32f745xx.o [1]
  .rodata            const     0x803'7bfc       0x0  zero_init3.o [12]
  .rodata            const     0x803'7bfc       0x0  lz77_init_single.o [12]
  Initializer bytes  const     0x803'7bfc     0x135  <for P2-1>
                             - 0x803'7d31  0x3'7b69

"P2", part 1 of 3:                            0x1ae
  P2-1                        0x2000'0000     0x1ae  <Init block>
    .data            inited   0x2000'0000       0x4  analog.o [2]
    .data            inited   0x2000'0004       0x4  analog.o [2]
    .data            inited   0x2000'0008       0xc  cJSON.o [2]
    .data            inited   0x2000'0014       0x4  http_server.o [5]
    .data            inited   0x2000'0018       0x4  http_server.o [5]
    .data            inited   0x2000'001c       0x4  port.o [8]
    .data            inited   0x2000'0020      0x94  process.o [2]
    .data            inited   0x2000'00b4       0x4  process.o [2]
    .data            inited   0x2000'00b8       0x4  process.o [2]
    .data            inited   0x2000'00bc       0x4  process.o [2]
    .data            inited   0x2000'00c0       0x4  process.o [2]
    .data            inited   0x2000'00c4       0x4  stm32f7xx_hal.o [7]
    .data            inited   0x2000'00c8       0x4  system_stm32f7xx.o [6]
    .data            inited   0x2000'00cc       0x4  tcp.o [9]
    .data            inited   0x2000'00d0       0x8  rand.o [10]
    .data            inited   0x2000'00d8      0x38  xlocale_c.o [10]
    .data            inited   0x2000'0110      0x48  xlocale_c.o [10]
    .data            inited   0x2000'0158      0x48  xfiles.o [10]
    .data            inited   0x2000'01a0       0x8  XShttio.o [10]
    .data            inited   0x2000'01a8       0x2  tcp.o [9]
    .data            inited   0x2000'01aa       0x2  udp.o [9]
    .data            inited   0x2000'01ac       0x1  process.o [2]
    .data            inited   0x2000'01ad       0x1  stm32f7xx_hal.o [7]
                            - 0x2000'01ae     0x1ae

"P2", part 2 of 3:                           0xeac4
  .bss               zero     0x2000'01b0    0xa000  heap_4.o [8]
  .bss               zero     0x2000'a1b0    0x17d0  ethernetif.o [4]
  .bss               zero     0x2000'b980    0x17d0  ethernetif.o [4]
  .bss               zero     0x2000'd150     0x800  http_server.o [5]
  .bss               zero     0x2000'd950     0x514  http_server.o [5]
  .bss               zero     0x2000'de64     0x200  freertos.o [2]
  .bss               zero     0x2000'e064      0xf0  etharp.o [9]
  .bss               zero     0x2000'e154      0xd0  process.o [2]
  .bss               zero     0x2000'e224      0x8c  tasks.o [8]
  .bss               zero     0x2000'e2b0      0x84  rand.o [10]
  .bss               zero     0x2000'e334      0x80  ethernetif.o [4]
  .bss               zero     0x2000'e3b4      0x80  ethernetif.o [4]
  .bss               zero     0x2000'e434      0x64  main.o [2]
  .bss               zero     0x2000'e498      0x70  http_server.o [5]
  .bss               zero     0x2000'e508      0x70  process.o [2]
  .bss               zero     0x2000'e578      0x60  main.o [2]
  .bss               zero     0x2000'e5d8      0x54  freertos.o [2]
  .bss               zero     0x2000'e62c      0x50  xfiles.o [10]
  .bss               zero     0x2000'e67c      0x4c  main.o [2]
  .bss               zero     0x2000'e6c8      0x4c  main.o [2]
  .bss               zero     0x2000'e714      0x4c  main.o [2]
  .bss               zero     0x2000'e760      0x48  ethernetif.o [4]
  .bss               zero     0x2000'e7a8      0x48  main.o [2]
  .bss               zero     0x2000'e7f0      0x48  main.o [2]
  .bss               zero     0x2000'e838      0x40  queue.o [8]
  .bss               zero     0x2000'e878      0x40  sockets.o [9]
  .bss               zero     0x2000'e8b8      0x34  lwip.o [3]
  .bss               zero     0x2000'e8ec      0x34  main.o [2]
  .bss               zero     0x2000'e920      0x28  analog.o [2]
  .bss               zero     0x2000'e948      0x28  http_server.o [5]
  .bss               zero     0x2000'e970      0x20  http_server.o [5]
  .bss               zero     0x2000'e990      0x1c  http_server.o [5]
  .bss               zero     0x2000'e9ac      0x18  ip.o [9]
  .bss               zero     0x2000'e9c4      0x14  http_server.o [5]
  .bss               zero     0x2000'e9d8      0x14  main.o [2]
  .bss               zero     0x2000'e9ec      0x14  tasks.o [8]
  .bss               zero     0x2000'ea00      0x14  tasks.o [8]
  .bss               zero     0x2000'ea14      0x14  tasks.o [8]
  .bss               zero     0x2000'ea28      0x14  tasks.o [8]
  .bss               zero     0x2000'ea3c      0x14  tasks.o [8]
  .bss               zero     0x2000'ea50      0x10  http_server.o [5]
  .bss               zero     0x2000'ea60      0x10  http_server.o [5]
  .bss               zero     0x2000'ea70      0x10  tcp_in.o [9]
  .bss               zero     0x2000'ea80       0x8  heap_4.o [8]
  .bss               zero     0x2000'ea88       0x8  http_server.o [5]
  .bss               zero     0x2000'ea90       0x8  http_server.o [5]
  .bss               zero     0x2000'ea98       0x8  lwip.o [3]
  .bss               zero     0x2000'eaa0       0x8  heap0.o [10]
  .bss               zero     0x2000'eaa8       0x4  analog.o [2]
  .bss               zero     0x2000'eaac       0x4  analog.o [2]
  .bss               zero     0x2000'eab0       0x4  analog.o [2]
  .bss               zero     0x2000'eab4       0x4  analog.o [2]
  .bss               zero     0x2000'eab8       0x4  analog.o [2]
  .bss               zero     0x2000'eabc       0x4  analog.o [2]
  .bss               zero     0x2000'eac0       0x4  analog.o [2]
  .bss               zero     0x2000'eac4       0x4  analog.o [2]
  .bss               zero     0x2000'eac8       0x4  analog.o [2]
  .bss               zero     0x2000'eacc       0x4  analog.o [2]
  .bss               zero     0x2000'ead0       0x4  analog.o [2]
  .bss               zero     0x2000'ead4       0x4  analog.o [2]
  .bss               zero     0x2000'ead8       0x4  analog.o [2]
  .bss               zero     0x2000'eadc       0x4  analog.o [2]
  .bss               zero     0x2000'eae0       0x4  analog.o [2]
  .bss               zero     0x2000'eae4       0x4  analog.o [2]
  .bss               zero     0x2000'eae8       0x4  analog.o [2]
  .bss               zero     0x2000'eaec       0x4  eeprom.o [2]
  .bss               zero     0x2000'eaf0       0x4  ethernetif.o [4]
  .bss               zero     0x2000'eaf4       0x4  heap_4.o [8]
  .bss               zero     0x2000'eaf8       0x4  heap_4.o [8]
  .bss               zero     0x2000'eafc       0x4  heap_4.o [8]
  .bss               zero     0x2000'eb00       0x4  heap_4.o [8]
  .bss               zero     0x2000'eb04       0x4  http_server.o [5]
  .bss               zero     0x2000'eb08       0x4  http_server.o [5]
  .bss               zero     0x2000'eb0c       0x4  http_server.o [5]
  .bss               zero     0x2000'eb10       0x4  http_server.o [5]
  .bss               zero     0x2000'eb14       0x4  http_server.o [5]
  .bss               zero     0x2000'eb18       0x4  http_server.o [5]
  .bss               zero     0x2000'eb1c       0x4  http_server.o [5]
  .bss               zero     0x2000'eb20       0x4  http_server.o [5]
  .bss               zero     0x2000'eb24       0x4  http_server.o [5]
  .bss               zero     0x2000'eb28       0x4  http_server.o [5]
  .bss               zero     0x2000'eb2c       0x4  http_server.o [5]
  .bss               zero     0x2000'eb30       0x4  http_server.o [5]
  .bss               zero     0x2000'eb34       0x4  ip4_frag.o [9]
  .bss               zero     0x2000'eb38       0x4  lwip.o [3]
  .bss               zero     0x2000'eb3c       0x4  lwip.o [3]
  .bss               zero     0x2000'eb40       0x4  lwip.o [3]
  .bss               zero     0x2000'eb44       0x4  lwip.o [3]
  .bss               zero     0x2000'eb48       0x4  lwip.o [3]
  .bss               zero     0x2000'eb4c       0x4  lwip.o [3]
  .bss               zero     0x2000'eb50       0x4  lwip.o [3]
  .bss               zero     0x2000'eb54       0x4  main.o [2]
  .bss               zero     0x2000'eb58       0x4  main.o [2]
  .bss               zero     0x2000'eb5c       0x4  main.o [2]
  .bss               zero     0x2000'eb60       0x4  main.o [2]
  .bss               zero     0x2000'eb64       0x4  netif.o [9]
  .bss               zero     0x2000'eb68       0x4  netif.o [9]
  .bss               zero     0x2000'eb6c       0x4  port.o [8]
  .bss               zero     0x2000'eb70       0x4  process.o [2]
  .bss               zero     0x2000'eb74       0x4  process.o [2]
  .bss               zero     0x2000'eb78       0x4  process.o [2]
  .bss               zero     0x2000'eb7c       0x4  process.o [2]
  .bss               zero     0x2000'eb80       0x4  process.o [2]
  .bss               zero     0x2000'eb84       0x4  process.o [2]
  .bss               zero     0x2000'eb88       0x4  process.o [2]
  .bss               zero     0x2000'eb8c       0x4  sockets.o [9]
  .bss               zero     0x2000'eb90       0x4  stm32f7xx_hal.o [7]
  .bss               zero     0x2000'eb94       0x4  stm32f7xx_hal_msp.o [2]
  .bss               zero     0x2000'eb98       0x4  sys_arch.o [9]
  .bss               zero     0x2000'eb9c       0x4  sys_arch.o [9]
  .bss               zero     0x2000'eba0       0x4  tasks.o [8]
  .bss               zero     0x2000'eba4       0x4  tasks.o [8]
  .bss               zero     0x2000'eba8       0x4  tasks.o [8]
  .bss               zero     0x2000'ebac       0x4  tasks.o [8]
  .bss               zero     0x2000'ebb0       0x4  tasks.o [8]
  .bss               zero     0x2000'ebb4       0x4  tasks.o [8]
  .bss               zero     0x2000'ebb8       0x4  tasks.o [8]
  .bss               zero     0x2000'ebbc       0x4  tasks.o [8]
  .bss               zero     0x2000'ebc0       0x4  tasks.o [8]
  .bss               zero     0x2000'ebc4       0x4  tasks.o [8]
  .bss               zero     0x2000'ebc8       0x4  tasks.o [8]
  .bss               zero     0x2000'ebcc       0x4  tasks.o [8]
  .bss               zero     0x2000'ebd0       0x4  tasks.o [8]
  .bss               zero     0x2000'ebd4       0x4  tasks.o [8]
  .bss               zero     0x2000'ebd8       0x4  tasks.o [8]
  .bss               zero     0x2000'ebdc       0x4  tcp.o [9]
  .bss               zero     0x2000'ebe0       0x4  tcp.o [9]
  .bss               zero     0x2000'ebe4       0x4  tcp.o [9]
  .bss               zero     0x2000'ebe8       0x4  tcp.o [9]
  .bss               zero     0x2000'ebec       0x4  tcp.o [9]
  .bss               zero     0x2000'ebf0       0x4  tcp_in.o [9]
  .bss               zero     0x2000'ebf4       0x4  tcp_in.o [9]
  .bss               zero     0x2000'ebf8       0x4  tcp_in.o [9]
  .bss               zero     0x2000'ebfc       0x4  tcp_in.o [9]
  .bss               zero     0x2000'ec00       0x4  tcp_in.o [9]
  .bss               zero     0x2000'ec04       0x4  tcp_in.o [9]
  .bss               zero     0x2000'ec08       0x4  tcpip.o [9]
  .bss               zero     0x2000'ec0c       0x4  tcpip.o [9]
  .bss               zero     0x2000'ec10       0x4  tcpip.o [9]
  .bss               zero     0x2000'ec14       0x4  tcpip.o [9]
  .bss               zero     0x2000'ec18       0x4  timeouts.o [9]
  .bss               zero     0x2000'ec1c       0x4  timeouts.o [9]
  .bss               zero     0x2000'ec20       0x4  timeouts.o [9]
  .bss               zero     0x2000'ec24       0x4  udp.o [9]
  .bss               zero     0x2000'ec28       0x4  xfail_s.o [10]
  .bss               zero     0x2000'ec2c       0x4  xgetmemchunk.o [10]
  .bss               zero     0x2000'ec30       0x2  analog.o [2]
  .bss               zero     0x2000'ec32       0x2  analog.o [2]
  .bss               zero     0x2000'ec34       0x2  analog.o [2]
  .bss               zero     0x2000'ec36       0x2  analog.o [2]
  .bss               zero     0x2000'ec38       0x2  analog.o [2]
  .bss               zero     0x2000'ec3a       0x2  analog.o [2]
  .bss               zero     0x2000'ec3c       0x2  analog.o [2]
  .bss               zero     0x2000'ec3e       0x2  http_server.o [5]
  .bss               zero     0x2000'ec40       0x2  http_server.o [5]
  .bss               zero     0x2000'ec42       0x2  http_server.o [5]
  .bss               zero     0x2000'ec44       0x2  http_server.o [5]
  .bss               zero     0x2000'ec46       0x2  http_server.o [5]
  .bss               zero     0x2000'ec48       0x2  http_server.o [5]
  .bss               zero     0x2000'ec4a       0x2  http_server.o [5]
  .bss               zero     0x2000'ec4c       0x2  ip4.o [9]
  .bss               zero     0x2000'ec4e       0x2  ip4_frag.o [9]
  .bss               zero     0x2000'ec50       0x2  process.o [2]
  .bss               zero     0x2000'ec52       0x2  process.o [2]
  .bss               zero     0x2000'ec54       0x2  tcp_in.o [9]
  .bss               zero     0x2000'ec56       0x2  tcp_in.o [9]
  .bss               zero     0x2000'ec58       0x2  tcp_in.o [9]
  .bss               zero     0x2000'ec5a       0x2  tcp_in.o [9]
  .bss               zero     0x2000'ec5c       0x2  tcp_in.o [9]
  .bss               zero     0x2000'ec5e       0x1  analog.o [2]
  .bss               zero     0x2000'ec5f       0x1  analog.o [2]
  .bss               zero     0x2000'ec60       0x1  etharp.o [9]
  .bss               zero     0x2000'ec61       0x1  http_server.o [5]
  .bss               zero     0x2000'ec62       0x1  netif.o [9]
  .bss               zero     0x2000'ec63       0x1  pbuf.o [9]
  .bss               zero     0x2000'ec64       0x1  port.o [8]
  .bss               zero     0x2000'ec65       0x1  process.o [2]
  .bss               zero     0x2000'ec66       0x1  process.o [2]
  .bss               zero     0x2000'ec67       0x1  process.o [2]
  .bss               zero     0x2000'ec68       0x1  process.o [2]
  .bss               zero     0x2000'ec69       0x1  process.o [2]
  .bss               zero     0x2000'ec6a       0x1  process.o [2]
  .bss               zero     0x2000'ec6b       0x1  process.o [2]
  .bss               zero     0x2000'ec6c       0x1  tcp.o [9]
  .bss               zero     0x2000'ec6d       0x1  tcp.o [9]
  .bss               zero     0x2000'ec6e       0x1  tcp.o [9]
  .bss               zero     0x2000'ec6f       0x1  tcp_in.o [9]
  .bss               zero     0x2000'ec70       0x1  tcp_in.o [9]
                            - 0x2000'ec71    0xeac1

[...]
scalbnl                  0x801'f665          Code  Gb  ldexp.o [11]
scale                    0x801'cc47    0x46  Code  Lc  xprintffull.o [10]
sec_hand                0x2000'ec28     0x4  Data  Lc  xfail_s.o [10]
select_cb_list          0x2000'eb8c     0x4  Data  Lc  sockets.o [9]
select_check_waiters     0x802'baf1   0x10e  Code  Lc  sockets.o [9]
semaphoreId             0x2000'eaec     0x4  Data  Gb  eeprom.o [2]
sent_tcp                 0x802'f66f    0x82  Code  Lc  api_msg.o [9]
seqno                   0x2000'ebf8     0x4  Data  Lc  tcp_in.o [9]
setup_tcp                0x802'f851    0x3a  Code  Lc  api_msg.o [9]
sockets                 0x2000'e878    0x40  Data  Lc  sockets.o [9]
sprintf                  0x802'a939    0x40  Code  Gb  sprintf.o [10]
sqrt                     0x802'f2a5          Code  Gb  sqrt.o [11]
sqrtl                    0x802'f2a5          Code  Gb  sqrt.o [11]
sscanf                   0x802'f24d    0x28  Code  Gb  sscanf.o [10]
strchr                   0x801'f4a5          Code  Gb  strchr.o [12]
strcmp                   0x802'c0f5          Code  Gb  strcmp.o [12]
strcpy                   0x802'f275          Code  Gb  strcpy.o [12]
strlen                   0x801'f4fd          Code  Gb  strlen.o [12]
strncpy                  0x802'a9a5          Code  Gb  strncpy.o [12]
strstr                   0x802'a979    0x2c  Code  Gb  strstr.o [10]
strtoll                  0x803'1e5d     0x2  Code  Gb  iar_Stollx.o [10]
strtoull                 0x803'1db1     0x2  Code  Gb  iar_Stoullx.o [10]
suffix_object            0x802'ca7f     0x6  Code  Lc  cJSON.o [2]
sys_arch_mbox_fetch      0x801'cd67    0x50  Code  Gb  sys_arch.o [9]
sys_arch_mbox_tryfetch   0x801'cdb7    0x24  Code  Gb  sys_arch.o [9]
sys_arch_protect         0x801'cf21    0x12  Code  Gb  sys_arch.o [9]
sys_arch_sem_wait        0x801'ce2b    0x44  Code  Gb  sys_arch.o [9]
sys_arch_unprotect       0x801'cf33     0xe  Code  Gb  sys_arch.o [9]
sys_check_timeouts       0x801'b879    0x3e  Code  Gb  timeouts.o [9]
sys_init                 0x801'ce9d     0xe  Code  Gb  sys_arch.o [9]
sys_mbox_free            0x801'cd35    0x12  Code  Gb  sys_arch.o [9]
sys_mbox_new             0x801'cd05    0x30  Code  Gb  sys_arch.o [9]
sys_mbox_set_invalid     0x801'cdeb     0x6  Code  Gb  sys_arch.o [9]
sys_mbox_trypost         0x801'cd47    0x20  Code  Gb  sys_arch.o [9]
sys_mbox_valid           0x801'cddb    0x10  Code  Gb  sys_arch.o [9]
sys_mutex_lock           0x801'ced1    0x10  Code  Gb  sys_arch.o [9]
sys_mutex_new            0x801'ceab    0x26  Code  Gb  sys_arch.o [9]
sys_mutex_unlock         0x801'cee1     0xc  Code  Gb  sys_arch.o [9]
sys_now                  0x801'de41     0x8  Code  Gb  ethernetif.o [4]
sys_sem_free             0x801'ce7b     0xc  Code  Gb  sys_arch.o [9]
sys_sem_new              0x801'cdf1    0x3a  Code  Gb  sys_arch.o [9]
sys_sem_set_invalid      0x801'ce97     0x6  Code  Gb  sys_arch.o [9]
sys_sem_signal           0x801'ce6f     0xc  Code  Gb  sys_arch.o [9]
sys_sem_valid            0x801'ce87    0x10  Code  Gb  sys_arch.o [9]
sys_thread_new           0x801'ceed    0x34  Code  Gb  sys_arch.o [9]
sys_timeout              0x801'b849    0x30  Code  Gb  timeouts.o [9]
sys_timeout_abs          0x801'b773    0x7e  Code  Lc  timeouts.o [9]
sys_timeouts_init        0x801'b82b    0x1e  Code  Gb  timeouts.o [9]
sys_timeouts_sleeptime   0x801'b8b7    0x44  Code  Gb  timeouts.o [9]
tcp_abandon              0x801'8c05   0x10a  Code  Gb  tcp.o [9]
tcp_abort                0x801'8d0f     0xe  Code  Gb  tcp.o [9]
tcp_accept               0x801'9a41    0x10  Code  Gb  tcp.o [9]
tcp_accept_null          0x801'8e0b    0x2c  Code  Lc  tcp.o [9]
tcp_active_pcbs         0x2000'ebe8     0x4  Data  Gb  tcp.o [9]
tcp_active_pcbs_changed
                        0x2000'ec6c     0x1  Data  Gb  tcp.o [9]
tcp_alloc                0x801'98e5    0xd6  Code  Gb  tcp.o [9]
tcp_arg                  0x801'99c7     0x8  Code  Gb  tcp.o [9]
tcp_backoff              0x803'73b0    0x10  Data  Lc  tcp.o [9]
tcp_bind                 0x801'8d1d    0xda  Code  Gb  tcp.o [9]
tcp_bind_netif           0x801'8df7    0x14  Code  Gb  tcp.o [9]
tcp_bound_pcbs          0x2000'ebe0     0x4  Data  Gb  tcp.o [9]
tcp_close                0x801'8b6f    0x26  Code  Gb  tcp.o [9]
tcp_close_shutdown       0x801'8983   0x14c  Code  Lc  tcp.o [9]
tcp_close_shutdown_fin   0x801'8acf    0xa0  Code  Lc  tcp.o [9]
tcp_create_segment       0x801'9dfb   0x116  Code  Lc  tcp_out.o [9]
tcp_eff_send_mss_netif   0x801'9bdd    0x56  Code  Gb  tcp.o [9]
tcp_enqueue_flags        0x801'a9a1   0x194  Code  Gb  tcp_out.o [9]
tcp_err                  0x801'9a1d    0x24  Code  Gb  tcp.o [9]
tcp_fasttmr              0x801'95b5    0x7e  Code  Gb  tcp.o [9]
tcp_free                 0x801'8897    0x26  Code  Gb  tcp.o [9]
tcp_free_acked_segments
                         0x801'7155    0xb6  Code  Lc  tcp_in.o [9]
tcp_free_listen          0x801'88bd    0x26  Code  Lc  tcp.o [9]
tcp_free_ooseq           0x801'9d45    0x16  Code  Gb  tcp.o [9]
tcp_get_next_optbyte     0x801'7c93    0x3a  Code  Lc  tcp_in.o [9]
tcp_handle_closepend     0x801'98b1    0x2a  Code  Lc  tcp.o [9]
tcp_init                 0x801'8881    0x16  Code  Gb  tcp.o [9]
tcp_input                0x801'61f5   0x658  Code  Gb  tcp_in.o [9]
tcp_input_delayed_close
                         0x801'684d    0x54  Code  Lc  tcp_in.o [9]
tcp_input_pcb           0x2000'ec04     0x4  Data  Gb  tcp_in.o [9]
tcp_keepalive            0x801'b54d    0x58  Code  Gb  tcp_out.o [9]
tcp_kill_prio            0x801'9799    0x70  Code  Lc  tcp.o [9]
tcp_kill_state           0x801'9809    0x68  Code  Lc  tcp.o [9]
tcp_kill_timewait        0x801'9875    0x36  Code  Lc  tcp.o [9]
tcp_listen_closed        0x801'8931    0x52  Code  Lc  tcp.o [9]
tcp_listen_input         0x801'68a1   0x150  Code  Lc  tcp_in.o [9]
tcp_listen_pcbs         0x2000'ebe4     0x4  Data  Gb  tcp.o [9]
tcp_listen_with_backlog_and_err
                         0x801'8e37    0xec  Code  Gb  tcp.o [9]
tcp_netif_ip_addr_changed
                         0x801'9c79    0x4a  Code  Gb  tcp.o [9]
tcp_netif_ip_addr_changed_pcblist
                         0x801'9c41    0x38  Code  Lc  tcp.o [9]
tcp_new_ip_type          0x801'99bb     0xc  Code  Gb  tcp.o [9]
tcp_new_port             0x801'9003    0x62  Code  Lc  tcp.o [9]
tcp_next_iss             0x801'9bad    0x26  Code  Gb  tcp.o [9]
tcp_next_iss::iss       0x2000'00cc     0x4  Data  Lc  tcp.o [9]
tcp_oos_insert_segment   0x801'70a9    0xa2  Code  Lc  tcp_in.o [9]
tcp_optidx              0x2000'ec58     0x2  Data  Lc  tcp_in.o [9]
tcp_output               0x801'ab4d   0x2d0  Code  Gb  tcp_out.o [9]
tcp_output_alloc_header
                         0x801'b2a5    0x50  Code  Lc  tcp_out.o [9]
tcp_output_alloc_header_common
                         0x801'b1ed    0xb2  Code  Lc  tcp_out.o [9]
tcp_output_control_segment
                         0x801'b37d    0x76  Code  Lc  tcp_out.o [9]
tcp_output_fill_options
                         0x801'b301    0x7c  Code  Lc  tcp_out.o [9]
tcp_output_segment       0x801'ae55   0x16a  Code  Lc  tcp_out.o [9]
tcp_output_segment_busy
                         0x801'ae21    0x2c  Code  Lc  tcp_out.o [9]
tcp_parseopt             0x801'7cd5    0xba  Code  Lc  tcp_in.o [9]
tcp_pbuf_prealloc        0x801'9f11    0xd8  Code  Lc  tcp_out.o [9]
tcp_pcb_lists            0x803'73c0    0x10  Data  Gb  tcp.o [9]
tcp_pcb_purge            0x801'9a81    0x58  Code  Gb  tcp.o [9]
tcp_pcb_remove           0x801'9ad9    0xc4  Code  Gb  tcp.o [9]
tcp_persist_backoff      0x803'7a68     0x8  Data  Lc  tcp.o [9]
tcp_poll                 0x801'9a51    0x28  Code  Gb  tcp.o [9]
tcp_port                0x2000'01a8     0x2  Data  Lc  tcp.o [9]
tcp_process              0x801'6ad5   0x5c6  Code  Lc  tcp_in.o [9]
tcp_process_refused_data
                         0x801'9639    0xa0  Code  Gb  tcp.o [9]
tcp_receive              0x801'7255   0xa3e  Code  Lc  tcp_in.o [9]
tcp_recv                 0x801'99cf    0x28  Code  Gb  tcp.o [9]
tcp_recv_null            0x801'975d    0x3c  Code  Gb  tcp.o [9]
tcp_recved               0x801'8f9f    0x64  Code  Gb  tcp.o [9]
tcp_remove_listener      0x801'88ff    0x32  Code  Lc  tcp.o [9]
tcp_rexmit               0x801'b0c9    0x92  Code  Gb  tcp_out.o [9]
tcp_rexmit_fast          0x801'b165    0x84  Code  Gb  tcp_out.o [9]
tcp_rexmit_rto           0x801'b095    0x2e  Code  Gb  tcp_out.o [9]
tcp_rexmit_rto_commit    0x801'b05f    0x36  Code  Gb  tcp_out.o [9]
tcp_rexmit_rto_prepare   0x801'afc9    0x96  Code  Gb  tcp_out.o [9]
tcp_route                0x801'9dd9    0x22  Code  Lc  tcp_out.o [9]
tcp_rst                  0x801'b3f3    0x8c  Code  Gb  tcp_out.o [9]
tcp_seg_copy             0x801'970d    0x4a  Code  Gb  tcp.o [9]
tcp_seg_free             0x801'96ef    0x1e  Code  Gb  tcp.o [9]
tcp_segs_free            0x801'96d9    0x16  Code  Gb  tcp.o [9]
tcp_send_empty_ack       0x801'b48d    0xb6  Code  Gb  tcp_out.o [9]
tcp_send_fin             0x801'a927    0x5e  Code  Gb  tcp_out.o [9]
tcp_sent                 0x801'99f7    0x26  Code  Gb  tcp.o [9]
tcp_shutdown             0x801'8b95    0x70  Code  Gb  tcp.o [9]
tcp_slowtmr              0x801'90a9   0x4fe  Code  Gb  tcp.o [9]
tcp_split_unsent_seg     0x801'a717   0x210  Code  Gb  tcp_out.o [9]
tcp_ticks               0x2000'ebdc     0x4  Data  Gb  tcp.o [9]
tcp_timer               0x2000'ec6d     0x1  Data  Lc  tcp.o [9]
tcp_timer_ctr           0x2000'ec6e     0x1  Data  Lc  tcp.o [9]
tcp_timer_needed         0x801'b749    0x2a  Code  Gb  timeouts.o [9]
tcp_timewait_input       0x801'69f1    0x9a  Code  Lc  tcp_in.o [9]
tcp_tmr                  0x801'88e3    0x1c  Code  Gb  tcp.o [9]
tcp_trigger_input_pcb_close
                         0x801'7d95     0xc  Code  Gb  tcp_in.o [9]
tcp_tw_pcbs             0x2000'ebec     0x4  Data  Gb  tcp.o [9]
tcp_update_rcv_ann_wnd   0x801'8f23    0x7c  Code  Gb  tcp.o [9]
tcp_write                0x801'a0af   0x668  Code  Gb  tcp_out.o [9]
tcp_write_checks         0x801'9fe9    0xc6  Code  Lc  tcp_out.o [9]
tcp_zero_window_probe    0x801'b5b5    0xfc  Code  Gb  tcp_out.o [9]
tcphdr                  0x2000'ebf0     0x4  Data  Lc  tcp_in.o [9]
tcphdr_opt1len          0x2000'ec56     0x2  Data  Lc  tcp_in.o [9]
tcphdr_opt2             0x2000'ebf4     0x4  Data  Lc  tcp_in.o [9]
tcphdr_optlen           0x2000'ec54     0x2  Data  Lc  tcp_in.o [9]
tcpip_init               0x801'd14b    0x58  Code  Gb  tcpip.o [9]
tcpip_init_done         0x2000'ec08     0x4  Data  Lc  tcpip.o [9]
tcpip_init_done_arg     0x2000'ec0c     0x4  Data  Lc  tcpip.o [9]
tcpip_inpkt              0x801'd04d    0x60  Code  Gb  tcpip.o [9]
tcpip_input              0x801'd0ad    0x28  Code  Gb  tcpip.o [9]
tcpip_mbox              0x2000'ec10     0x4  Data  Lc  tcpip.o [9]
tcpip_send_msg_wait_sem
                         0x801'd12d    0x1e  Code  Gb  tcpip.o [9]
tcpip_tcp_timer          0x801'b71d    0x2c  Code  Lc  timeouts.o [9]
tcpip_tcp_timer_active  0x2000'ec20     0x4  Data  Lc  timeouts.o [9]
tcpip_thread             0x801'cfbb    0x3e  Code  Lc  tcpip.o [9]
tcpip_thread_handle_msg
                         0x801'cff9    0x54  Code  Lc  tcpip.o [9]
tcpip_timeouts_mbox_fetch
                         0x801'cf55    0x66  Code  Lc  tcpip.o [9]
tcpip_try_callback       0x801'd0d5    0x58  Code  Gb  tcpip.o [9]
tcplen                  0x2000'ec5c     0x2  Data  Lc  tcp_in.o [9]
timerLed1               0x2000'eb74     0x4  Data  Gb  process.o [2]
timerLed2               0x2000'eb78     0x4  Data  Gb  process.o [2]
tolower                  0x802'4855    0x14  Code  Gb  tolower.o [10]
transient_time          0x2000'eae4     0x4  Data  Lc  analog.o [2]
tryget_socket            0x802'aa4b    0x1e  Code  Lc  sockets.o [9]
tryget_socket_unconn     0x802'aa2f     0xe  Code  Lc  sockets.o [9]
tryget_socket_unconn_locked
                         0x802'aa3d     0xe  Code  Lc  sockets.o [9]
tryget_socket_unconn_nouse
                         0x802'aa15    0x1a  Code  Lc  sockets.o [9]
ucHeap                  0x2000'01b0  0xa000  Data  Lc  heap_4.o [8]
ucMaxSysCallPriority    0x2000'ec64     0x1  Data  Lc  port.o [8]
udp_bind                 0x801'ef07    0xc6  Code  Gb  udp.o [9]
udp_bind_netif           0x801'efcd    0x14  Code  Gb  udp.o [9]
udp_init                 0x801'e9f1    0x16  Code  Gb  udp.o [9]
udp_input                0x801'eaf7   0x1dc  Code  Gb  udp.o [9]
udp_input_local_match    0x801'ea55    0xa2  Code  Lc  udp.o [9]
udp_netif_ip_addr_changed
                         0x801'f05b    0x34  Code  Gb  udp.o [9]
udp_new                  0x801'f02b    0x26  Code  Gb  udp.o [9]
udp_new_ip_type          0x801'f051     0xa  Code  Gb  udp.o [9]
udp_new_port             0x801'ea07    0x4e  Code  Lc  udp.o [9]
udp_pcbs                0x2000'ec24     0x4  Data  Gb  udp.o [9]
udp_port                0x2000'01aa     0x2  Data  Lc  udp.o [9]
udp_recv                 0x801'efe1     0xa  Code  Gb  udp.o [9]
udp_remove               0x801'efeb    0x40  Code  Gb  udp.o [9]
udp_send                 0x801'ecd3    0x28  Code  Gb  udp.o [9]
udp_sendto               0x801'ecfb    0x60  Code  Gb  udp.o [9]
udp_sendto_if            0x801'ed5b    0x78  Code  Gb  udp.o [9]
udp_sendto_if_src        0x801'edd3   0x134  Code  Gb  udp.o [9]
ulMaxPRIGROUPValue      0x2000'eb6c     0x4  Data  Lc  port.o [8]
update_offset            0x802'c305    0x28  Code  Lc  cJSON.o [2]
uwTick                  0x2000'eb90     0x4  Data  Gb  stm32f7xx_hal.o [7]
uwTickFreq              0x2000'01ad     0x1  Data  Gb  stm32f7xx_hal.o [7]
uwTickPrio              0x2000'00c4     0x4  Data  Gb  stm32f7xx_hal.o [7]
uxCriticalNesting       0x2000'001c     0x4  Data  Lc  port.o [8]
uxCurrentNumberOfTasks  0x2000'ebb0     0x4  Data  Lc  tasks.o [8]
uxDeletedTasksWaitingCleanUp
                        0x2000'ebac     0x4  Data  Lc  tasks.o [8]
uxListRemove             0x802'576b    0x28  Code  Gb  list.o [8]
uxPendedTicks           0x2000'ebc0     0x4  Data  Lc  tasks.o [8]
uxQueueMessagesWaiting   0x802'3f1d    0x2a  Code  Gb  queue.o [8]
uxQueueMessagesWaitingFromISR
                         0x802'3f47    0x20  Code  Gb  queue.o [8]
uxSchedulerSuspended    0x2000'ebd8     0x4  Data  Lc  tasks.o [8]
uxTaskNumber            0x2000'ebcc     0x4  Data  Lc  tasks.o [8]
uxTopReadyPriority      0x2000'ebb8     0x4  Data  Lc  tasks.o [8]
vApplicationGetIdleTaskMemory
                         0x802'5795    0x18  Code  Gb  freertos.o [2]
vListInitialise          0x802'56f9    0x1e  Code  Gb  list.o [8]
vListInitialiseItem      0x802'5717     0x6  Code  Gb  list.o [8]
vListInsert              0x802'5735    0x36  Code  Gb  list.o [8]
vListInsertEnd           0x802'571d    0x18  Code  Gb  list.o [8]
vPortEnableVFP           0x802'5879          Code  Gb  portasm.o [8]
vPortEnterCritical       0x802'44db    0x3c  Code  Gb  port.o [8]
vPortExitCritical        0x802'4517    0x30  Code  Gb  port.o [8]
vPortFree                0x802'4285    0x7c  Code  Gb  heap_4.o [8]
vPortSetupTimerInterrupt
                         0x802'57ad    0x34  Code  Wk  port.o [8]
vPortStartFirstTask      0x802'5859          Code  Gb  portasm.o [8]
vPortValidateInterruptPriority
                         0x802'4575    0x56  Code  Gb  port.o [8]
vQueueDelete             0x802'3f67    0x34  Code  Gb  queue.o [8]
vQueueUnregisterQueue    0x802'412b    0x28  Code  Gb  queue.o [8]
vTaskDelay               0x802'2b85    0x52  Code  Gb  tasks.o [8]
vTaskInternalSetTimeOutState
                         0x802'2fbd    0x12  Code  Gb  tasks.o [8]
vTaskMissedYield         0x802'307b     0xa  Code  Gb  tasks.o [8]
vTaskPlaceOnEventList    0x802'2f01    0x38  Code  Gb  tasks.o [8]
vTaskPriorityDisinheritAfterTimeout
                         0x802'3355    0xf6  Code  Gb  tasks.o [8]
vTaskStartScheduler      0x802'2bd7    0x98  Code  Gb  tasks.o [8]
vTaskSuspendAll          0x802'2c6f     0xc  Code  Gb  tasks.o [8]
vTaskSwitchContext       0x802'2e8f    0x72  Code  Gb  tasks.o [8]
wctob                    0x803'17f5    0x34  Code  Gb  wctob.o [10]
xBlockAllocatedBit      0x2000'eb00     0x4  Data  Lc  heap_4.o [8]
xDelayedTaskList1       0x2000'e9ec    0x14  Data  Lc  tasks.o [8]
xDelayedTaskList2       0x2000'ea00    0x14  Data  Lc  tasks.o [8]
xFreeBytesRemaining     0x2000'eaf8     0x4  Data  Lc  heap_4.o [8]
xHeapStructSize          0x803'7a80     0x4  Data  Lc  heap_4.o [8]
xIdleStack              0x2000'de64   0x200  Data  Lc  freertos.o [2]
xIdleTaskHandle         0x2000'ebd4     0x4  Data  Lc  tasks.o [8]
xIdleTaskTCBBuffer      0x2000'e5d8    0x54  Data  Lc  freertos.o [2]
xMinimumEverFreeBytesRemaining
                        0x2000'eafc     0x4  Data  Lc  heap_4.o [8]
xNextTaskUnblockTime    0x2000'ebd0     0x4  Data  Lc  tasks.o [8]
xNumOfOverflows         0x2000'ebc8     0x4  Data  Lc  tasks.o [8]
xPendingReadyList       0x2000'ea14    0x14  Data  Lc  tasks.o [8]
xPortStartScheduler      0x802'443b    0xa0  Code  Gb  port.o [8]
xPortSysTickHandler      0x802'4547    0x2c  Code  Gb  port.o [8]
xQueueCreateMutex        0x802'376b    0x20  Code  Gb  queue.o [8]
xQueueCreateMutexStatic
                         0x802'378b    0x2e  Code  Gb  queue.o [8]
xQueueGenericCreate      0x802'36b7    0x60  Code  Gb  queue.o [8]
xQueueGenericCreateStatic
                         0x802'35e1    0xd6  Code  Gb  queue.o [8]
xQueueGenericReset       0x802'3549    0x98  Code  Gb  queue.o [8]
xQueueGenericSend        0x802'37b9   0x1b6  Code  Gb  queue.o [8]
xQueueGenericSendFromISR
                         0x802'396f    0xf0  Code  Gb  queue.o [8]
xQueueGiveFromISR        0x802'3a5f    0xd4  Code  Gb  queue.o [8]
xQueueReceive            0x802'3b33   0x176  Code  Gb  queue.o [8]
xQueueReceiveFromISR     0x802'3e61    0xbc  Code  Gb  queue.o [8]
xQueueRegistry          0x2000'e838    0x40  Data  Gb  queue.o [8]
xQueueSemaphoreTake      0x802'3ca9   0x1b2  Code  Gb  queue.o [8]
xSchedulerRunning       0x2000'ebbc     0x4  Data  Lc  tasks.o [8]
xStart                  0x2000'ea80     0x8  Data  Lc  heap_4.o [8]
xSuspendedTaskList      0x2000'ea3c    0x14  Data  Lc  tasks.o [8]
xTaskCheckForTimeOut     0x802'2fe5    0x96  Code  Gb  tasks.o [8]
xTaskCreate              0x802'29a3    0x72  Code  Gb  tasks.o [8]
xTaskCreateStatic        0x802'28fd    0xa6  Code  Gb  tasks.o [8]
xTaskGetSchedulerState   0x802'31b1    0x20  Code  Gb  tasks.o [8]
xTaskGetTickCount        0x802'2d67     0x8  Code  Gb  tasks.o [8]
xTaskGetTickCountFromISR
                         0x802'2d6f    0x10  Code  Gb  tasks.o [8]
xTaskIncrementTick       0x802'2d7f   0x110  Code  Gb  tasks.o [8]
xTaskPriorityDisinherit
                         0x802'3295    0xba  Code  Gb  tasks.o [8]
xTaskPriorityInherit     0x802'31d5    0xba  Code  Gb  tasks.o [8]
xTaskRemoveFromEventList
                         0x802'2f39    0x80  Code  Gb  tasks.o [8]
xTaskResumeAll           0x802'2c7b    0xec  Code  Gb  tasks.o [8]
xTasksWaitingTermination
                        0x2000'ea28    0x14  Data  Lc  tasks.o [8]
xTickCount              0x2000'ebb4     0x4  Data  Lc  tasks.o [8]
xYieldPending           0x2000'ebc4     0x4  Data  Lc  tasks.o [8]


[1] = D:\sys_soft_socket2\EWARM\config\Obj\Application\EWARM
[2] = D:\sys_soft_socket2\EWARM\config\Obj\Application\User\Core
[3] = D:\sys_soft_socket2\EWARM\config\Obj\Application\User\LWIP\App
[4] = D:\sys_soft_socket2\EWARM\config\Obj\Application\User\LWIP\Target
[5] = D:\sys_soft_socket2\EWARM\config\Obj\Application\WEB
[6] = D:\sys_soft_socket2\EWARM\config\Obj\Drivers\CMSIS
[7] = D:\sys_soft_socket2\EWARM\config\Obj\Drivers\STM32F7xx_HAL_Driver
[8] = D:\sys_soft_socket2\EWARM\config\Obj\Middlewares\FreeRTOS
[9] = D:\sys_soft_socket2\EWARM\config\Obj\Middlewares\LwIP
[10] = dl7M_tlf.a
[11] = m7M_tls.a
[12] = rt7M_tl.a
[13] = shb_l.a

  116'340 bytes of readonly  code memory
  112'317 bytes of readonly  data memory
  114'319 bytes of readwrite data memory

Errors: none
Warnings: none
